Archive member included to satisfy reference by file (symbol)

c:/program files (x86)/embitz/1.11/share/em_armgcc/bin/../lib/gcc/arm-none-eabi/5.4.1/../../../../arm-none-eabi/lib/armv7-m\libm.a(lib_a-w_sqrt.o)
                              obj\debug\src\measure_touch_hid_usb_2016_11_29_9h00.o (sqrt)
c:/program files (x86)/embitz/1.11/share/em_armgcc/bin/../lib/gcc/arm-none-eabi/5.4.1/../../../../arm-none-eabi/lib/armv7-m\libm.a(lib_a-e_sqrt.o)
                              c:/program files (x86)/embitz/1.11/share/em_armgcc/bin/../lib/gcc/arm-none-eabi/5.4.1/../../../../arm-none-eabi/lib/armv7-m\libm.a(lib_a-w_sqrt.o) (__ieee754_sqrt)
c:/program files (x86)/embitz/1.11/share/em_armgcc/bin/../lib/gcc/arm-none-eabi/5.4.1/../../../../arm-none-eabi/lib/armv7-m\libm.a(lib_a-s_lib_ver.o)
                              c:/program files (x86)/embitz/1.11/share/em_armgcc/bin/../lib/gcc/arm-none-eabi/5.4.1/../../../../arm-none-eabi/lib/armv7-m\libm.a(lib_a-w_sqrt.o) (__fdlib_version)
c:/program files (x86)/embitz/1.11/share/em_armgcc/bin/../lib/gcc/arm-none-eabi/5.4.1/../../../../arm-none-eabi/lib/armv7-m\libm.a(lib_a-s_matherr.o)
                              c:/program files (x86)/embitz/1.11/share/em_armgcc/bin/../lib/gcc/arm-none-eabi/5.4.1/../../../../arm-none-eabi/lib/armv7-m\libm.a(lib_a-w_sqrt.o) (matherr)
c:/program files (x86)/embitz/1.11/share/em_armgcc/bin/../lib/gcc/arm-none-eabi/5.4.1/armv7-m\libgcc.a(_arm_addsubdf3.o)
                              obj\debug\src\measure_touch_hid_usb_2016_11_29_9h00.o (__aeabi_dsub)
c:/program files (x86)/embitz/1.11/share/em_armgcc/bin/../lib/gcc/arm-none-eabi/5.4.1/armv7-m\libgcc.a(_arm_muldivdf3.o)
                              obj\debug\src\measure_touch_hid_usb_2016_11_29_9h00.o (__aeabi_dmul)
c:/program files (x86)/embitz/1.11/share/em_armgcc/bin/../lib/gcc/arm-none-eabi/5.4.1/armv7-m\libgcc.a(_arm_cmpdf2.o)
                              c:/program files (x86)/embitz/1.11/share/em_armgcc/bin/../lib/gcc/arm-none-eabi/5.4.1/../../../../arm-none-eabi/lib/armv7-m\libm.a(lib_a-w_sqrt.o) (__aeabi_dcmplt)
c:/program files (x86)/embitz/1.11/share/em_armgcc/bin/../lib/gcc/arm-none-eabi/5.4.1/armv7-m\libgcc.a(_arm_unorddf2.o)
                              c:/program files (x86)/embitz/1.11/share/em_armgcc/bin/../lib/gcc/arm-none-eabi/5.4.1/../../../../arm-none-eabi/lib/armv7-m\libm.a(lib_a-w_sqrt.o) (__aeabi_dcmpun)
c:/program files (x86)/embitz/1.11/share/em_armgcc/bin/../lib/gcc/arm-none-eabi/5.4.1/armv7-m\libgcc.a(_arm_truncdfsf2.o)
                              obj\debug\src\measure_touch_hid_usb_2016_11_29_9h00.o (__aeabi_d2f)
c:/program files (x86)/embitz/1.11/share/em_armgcc/bin/../lib/gcc/arm-none-eabi/5.4.1/armv7-m\libgcc.a(_arm_addsubsf3.o)
                              obj\debug\src\measure_touch_hid_usb_2016_11_29_9h00.o (__aeabi_i2f)
c:/program files (x86)/embitz/1.11/share/em_armgcc/bin/../lib/gcc/arm-none-eabi/5.4.1/armv7-m\libgcc.a(_arm_muldivsf3.o)
                              obj\debug\src\measure_touch_hid_usb_2016_11_29_9h00.o (__aeabi_fdiv)
c:/program files (x86)/embitz/1.11/share/em_armgcc/bin/../lib/gcc/arm-none-eabi/5.4.1/armv7-m\libgcc.a(_aeabi_uldivmod.o)
                              obj\debug\src\measure_touch_hid_usb_2016_11_29_9h00.o (__aeabi_uldivmod)
c:/program files (x86)/embitz/1.11/share/em_armgcc/bin/../lib/gcc/arm-none-eabi/5.4.1/armv7-m\libgcc.a(_udivmoddi4.o)
                              c:/program files (x86)/embitz/1.11/share/em_armgcc/bin/../lib/gcc/arm-none-eabi/5.4.1/armv7-m\libgcc.a(_aeabi_uldivmod.o) (__udivmoddi4)
c:/program files (x86)/embitz/1.11/share/em_armgcc/bin/../lib/gcc/arm-none-eabi/5.4.1/armv7-m\libgcc.a(_dvmd_tls.o)
                              c:/program files (x86)/embitz/1.11/share/em_armgcc/bin/../lib/gcc/arm-none-eabi/5.4.1/armv7-m\libgcc.a(_aeabi_uldivmod.o) (__aeabi_ldiv0)
c:/program files (x86)/embitz/1.11/share/em_armgcc/bin/../lib/gcc/arm-none-eabi/5.4.1/../../../../arm-none-eabi/lib/armv7-m\libg_n.a(lib_a-errno.o)
                              c:/program files (x86)/embitz/1.11/share/em_armgcc/bin/../lib/gcc/arm-none-eabi/5.4.1/../../../../arm-none-eabi/lib/armv7-m\libm.a(lib_a-w_sqrt.o) (__errno)
c:/program files (x86)/embitz/1.11/share/em_armgcc/bin/../lib/gcc/arm-none-eabi/5.4.1/../../../../arm-none-eabi/lib/armv7-m\libg_n.a(lib_a-impure.o)
                              obj\debug\src\measure_touch_hid_usb_2016_11_29_9h00.o (_impure_ptr)
c:/program files (x86)/embitz/1.11/share/em_armgcc/bin/../lib/gcc/arm-none-eabi/5.4.1/../../../../arm-none-eabi/lib/armv7-m\libg_n.a(lib_a-memcpy-stub.o)
                              obj\debug\libopencm3\lib\usb\usb_msc.o (memcpy)
c:/program files (x86)/embitz/1.11/share/em_armgcc/bin/../lib/gcc/arm-none-eabi/5.4.1/../../../../arm-none-eabi/lib/armv7-m\libg_n.a(lib_a-memset.o)
                              obj\debug\libopencm3\lib\usb\usb_msc.o (memset)
[...]
Memory Configuration

Name             Origin             Length             Attributes
rom              0x08000000         0x00010000         xr
ram              0x20000000         0x00005000         xrw
*default*        0x00000000         0xffffffff

Linker script and memory map

                0x00000000                __HEAP_SIZE = 0x0
                0x00000100                __STACK_SIZE = 0x100

.text           0x08000000     0x749c
 *(.vectors)
 .vectors       0x08000000      0x150 obj\debug\libopencm3\lib\cm3\vector.o
                0x08000000                vector_table
 *(.text*)
 .text.dwt_enable_cycle_counter
                0x08000150       0x34 obj\debug\libopencm3\lib\cm3\dwt.o
                0x08000150                dwt_enable_cycle_counter
 .text.dwt_read_cycle_counter
                0x08000184       0x14 obj\debug\libopencm3\lib\cm3\dwt.o
                0x08000184                dwt_read_cycle_counter
 .text.nvic_enable_irq
                0x08000198       0x1c obj\debug\libopencm3\lib\cm3\nvic.o
                0x08000198                nvic_enable_irq
 .text.nvic_set_priority
                0x080001b4       0x20 obj\debug\libopencm3\lib\cm3\nvic.o
                0x080001b4                nvic_set_priority
 .text.scb_set_priority_grouping
                0x080001d4       0x14 obj\debug\libopencm3\lib\cm3\scb.o
                0x080001d4                scb_set_priority_grouping
 .text.systick_set_reload
                0x080001e8       0x10 obj\debug\libopencm3\lib\cm3\systick.o
                0x080001e8                systick_set_reload
 .text.systick_set_clocksource
                0x080001f8       0x18 obj\debug\libopencm3\lib\cm3\systick.o
                0x080001f8                systick_set_clocksource
 .text.systick_interrupt_enable
                0x08000210       0x10 obj\debug\libopencm3\lib\cm3\systick.o
                0x08000210                systick_interrupt_enable
 .text.systick_counter_enable
                0x08000220       0x10 obj\debug\libopencm3\lib\cm3\systick.o
                0x08000220                systick_counter_enable
 .text.blocking_handler
                0x08000230        0x4 obj\debug\libopencm3\lib\cm3\vector.o
                0x08000230                usart3_isr
                0x08000230                rtc_isr
                0x08000230                tim7_isr
                0x08000230                adc1_2_isr
                0x08000230                tim1_trg_com_isr
                0x08000230                usb_hp_can_tx_isr
                0x08000230                tim6_isr
                0x08000230                blocking_handler
                0x08000230                tim5_isr
                0x08000230                otg_fs_isr
                0x08000230                spi1_isr
                0x08000230                exti2_isr
                0x08000230                dma1_channel6_isr
                0x08000230                can_rx1_isr
                0x08000230                dma1_channel5_isr
                0x08000230                dma2_channel5_isr
                0x08000230                usart1_isr
                0x08000230                usage_fault_handler
                0x08000230                tim8_trg_com_isr
                0x08000230                can2_rx0_isr
                0x08000230                tim1_brk_isr
                0x08000230                can2_rx1_isr
                0x08000230                tim1_cc_isr
                0x08000230                sdio_isr
                0x08000230                eth_isr
                0x08000230                dma1_channel4_isr
                0x08000230                tim8_brk_isr
                0x08000230                dma2_channel4_5_isr
                0x08000230                pvd_isr
                0x08000230                rcc_isr
                0x08000230                flash_isr
                0x08000230                uart4_isr
                0x08000230                rtc_alarm_isr
                0x08000230                exti15_10_isr
                0x08000230                hard_fault_handler
                0x08000230                exti1_isr
                0x08000230                i2c1_ev_isr
                0x08000230                dma2_channel1_isr
                0x08000230                spi2_isr
                0x08000230                tim8_up_isr
                0x08000230                dma2_channel2_isr
                0x08000230                exti3_isr
                0x08000230                adc3_isr
                0x08000230                tim3_isr
                0x08000230                usart2_isr
                0x08000230                i2c2_er_isr
                0x08000230                i2c2_ev_isr
                0x08000230                uart5_isr
                0x08000230                fsmc_isr
                0x08000230                dma1_channel1_isr
                0x08000230                exti4_isr
                0x08000230                mem_manage_handler
                0x08000230                can2_tx_isr
                0x08000230                exti9_5_isr
                0x08000230                dma2_channel3_isr
                0x08000230                dma1_channel7_isr
                0x08000230                tim1_up_isr
                0x08000230                can2_sce_isr
                0x08000230                tim4_isr
                0x08000230                dma1_channel2_isr
                0x08000230                i2c1_er_isr
                0x08000230                can_sce_isr
                0x08000230                tim8_cc_isr
                0x08000230                tamper_isr
                0x08000230                eth_wkup_isr
                0x08000230                bus_fault_handler
                0x08000230                wwdg_isr
                0x08000230                dma1_channel3_isr
                0x08000230                spi3_isr
                0x08000230                exti0_isr
 .text.null_handler
                0x08000234        0x4 obj\debug\libopencm3\lib\cm3\vector.o
                0x08000234                sv_call_handler
                0x08000234                pend_sv_handler
                0x08000234                debug_monitor_handler
                0x08000234                nmi_handler
                0x08000234                null_handler
 .text.reset_handler
                0x08000238       0xbc obj\debug\libopencm3\lib\cm3\vector.o
                0x08000238                reset_handler
 .text.adc_power_off
                0x080002f4        0xc obj\debug\libopencm3\lib\stm32\common\adc_common_v1.o
                0x080002f4                adc_power_off
 .text.adc_set_left_aligned
                0x08000300        0xc obj\debug\libopencm3\lib\stm32\common\adc_common_v1.o
                0x08000300                adc_set_left_aligned
 .text.adc_set_continuous_conversion_mode
                0x0800030c        0xc obj\debug\libopencm3\lib\stm32\common\adc_common_v1.o
                0x0800030c                adc_set_continuous_conversion_mode
 .text.adc_set_regular_sequence
                0x08000318       0x7c obj\debug\libopencm3\lib\stm32\common\adc_common_v1.o
                0x08000318                adc_set_regular_sequence
 .text.adc_set_injected_sequence
                0x08000394       0x3c obj\debug\libopencm3\lib\stm32\common\adc_common_v1.o
                0x08000394                adc_set_injected_sequence
 .text.adc_start_conversion_regular
                0x080003d0       0x14 obj\debug\libopencm3\lib\stm32\common\adc_common_v1.o
                0x080003d0                adc_start_conversion_regular
 .text.dma_channel_reset
                0x080003e4       0x24 obj\debug\libopencm3\lib\stm32\common\dma_common_l1f013.o
                0x080003e4                dma_channel_reset
 .text.dma_enable_mem2mem_mode
                0x08000408       0x1c obj\debug\libopencm3\lib\stm32\common\dma_common_l1f013.o
                0x08000408                dma_enable_mem2mem_mode
 .text.dma_set_priority
                0x08000424       0x1c obj\debug\libopencm3\lib\stm32\common\dma_common_l1f013.o
                0x08000424                dma_set_priority
 .text.dma_set_memory_size
                0x08000440       0x1c obj\debug\libopencm3\lib\stm32\common\dma_common_l1f013.o
                0x08000440                dma_set_memory_size
 .text.dma_set_peripheral_size
                0x0800045c       0x1c obj\debug\libopencm3\lib\stm32\common\dma_common_l1f013.o
                0x0800045c                dma_set_peripheral_size
 .text.dma_enable_memory_increment_mode
                0x08000478       0x14 obj\debug\libopencm3\lib\stm32\common\dma_common_l1f013.o
                0x08000478                dma_enable_memory_increment_mode
 .text.dma_disable_memory_increment_mode
                0x0800048c       0x14 obj\debug\libopencm3\lib\stm32\common\dma_common_l1f013.o
                0x0800048c                dma_disable_memory_increment_mode
 .text.dma_enable_peripheral_increment_mode
                0x080004a0       0x14 obj\debug\libopencm3\lib\stm32\common\dma_common_l1f013.o
                0x080004a0                dma_enable_peripheral_increment_mode
 .text.dma_disable_peripheral_increment_mode
                0x080004b4       0x14 obj\debug\libopencm3\lib\stm32\common\dma_common_l1f013.o
                0x080004b4                dma_disable_peripheral_increment_mode
 .text.dma_enable_circular_mode
                0x080004c8       0x1c obj\debug\libopencm3\lib\stm32\common\dma_common_l1f013.o
                0x080004c8                dma_enable_circular_mode
 .text.dma_set_read_from_peripheral
                0x080004e4       0x14 obj\debug\libopencm3\lib\stm32\common\dma_common_l1f013.o
                0x080004e4                dma_set_read_from_peripheral
 .text.dma_set_read_from_memory
                0x080004f8       0x14 obj\debug\libopencm3\lib\stm32\common\dma_common_l1f013.o
                0x080004f8                dma_set_read_from_memory
 .text.dma_enable_channel
                0x0800050c       0x14 obj\debug\libopencm3\lib\stm32\common\dma_common_l1f013.o
                0x0800050c                dma_enable_channel
 .text.dma_set_peripheral_address
                0x08000520       0x14 obj\debug\libopencm3\lib\stm32\common\dma_common_l1f013.o
                0x08000520                dma_set_peripheral_address
 .text.dma_set_memory_address
                0x08000534       0x14 obj\debug\libopencm3\lib\stm32\common\dma_common_l1f013.o
                0x08000534                dma_set_memory_address
 .text.dma_set_number_of_data
                0x08000548       0x10 obj\debug\libopencm3\lib\stm32\common\dma_common_l1f013.o
                0x08000548                dma_set_number_of_data
 .text.flash_set_ws
                0x08000558       0x14 obj\debug\libopencm3\lib\stm32\common\flash_common_f01.o
                0x08000558                flash_set_ws
 .text.gpio_set
                0x0800056c        0x4 obj\debug\libopencm3\lib\stm32\common\gpio_common_all.o
                0x0800056c                gpio_set
 .text.rcc_periph_reset_pulse
                0x08000570       0x28 obj\debug\libopencm3\lib\stm32\common\rcc_common_all.o
                0x08000570                rcc_periph_reset_pulse
 .text.rcc_periph_reset_hold
                0x08000598       0x1c obj\debug\libopencm3\lib\stm32\common\rcc_common_all.o
                0x08000598                rcc_periph_reset_hold
 .text.rcc_periph_clock_enable
                0x080005b4        0x4 obj\debug\libopencm3\lib\stm32\common\rcc_common_all.o
                0x080005b4                rcc_periph_clock_enable
 .text.st_usbfs_set_address
                0x080005b8       0x10 obj\debug\libopencm3\lib\stm32\common\st_usbfs_core.o
                0x080005b8                st_usbfs_set_address
 .text.st_usbfs_set_ep_rx_bufsize
                0x080005c8       0x50 obj\debug\libopencm3\lib\stm32\common\st_usbfs_core.o
                0x080005c8                st_usbfs_set_ep_rx_bufsize
 .text.st_usbfs_ep_setup
                0x08000618      0x164 obj\debug\libopencm3\lib\stm32\common\st_usbfs_core.o
                0x08000618                st_usbfs_ep_setup
 .text.st_usbfs_endpoints_reset
                0x0800077c       0x48 obj\debug\libopencm3\lib\stm32\common\st_usbfs_core.o
                0x0800077c                st_usbfs_endpoints_reset
 .text.st_usbfs_ep_stall_set
                0x080007c4       0xf0 obj\debug\libopencm3\lib\stm32\common\st_usbfs_core.o
                0x080007c4                st_usbfs_ep_stall_set
 .text.st_usbfs_ep_stall_get
                0x080008b4       0x40 obj\debug\libopencm3\lib\stm32\common\st_usbfs_core.o
                0x080008b4                st_usbfs_ep_stall_get
 .text.st_usbfs_ep_nak_set
                0x080008f4       0x74 obj\debug\libopencm3\lib\stm32\common\st_usbfs_core.o
                0x080008f4                st_usbfs_ep_nak_set
 .text.st_usbfs_ep_write_packet
                0x08000968       0x90 obj\debug\libopencm3\lib\stm32\common\st_usbfs_core.o
                0x08000968                st_usbfs_ep_write_packet
 .text.st_usbfs_ep_read_packet
                0x080009f8       0xc8 obj\debug\libopencm3\lib\stm32\common\st_usbfs_core.o
                0x080009f8                st_usbfs_ep_read_packet
 .text.st_usbfs_poll
                0x08000ac0       0xe8 obj\debug\libopencm3\lib\stm32\common\st_usbfs_core.o
                0x08000ac0                st_usbfs_poll
 .text.timer_enable_irq
                0x08000ba8        0x8 obj\debug\libopencm3\lib\stm32\common\timer_common_all.o
                0x08000ba8                timer_enable_irq
 .text.usart_set_baudrate
                0x08000bb0       0x28 obj\debug\libopencm3\lib\stm32\common\usart_common_all.o
                0x08000bb0                usart_set_baudrate
 .text.usart_set_databits
                0x08000bd8       0x14 obj\debug\libopencm3\lib\stm32\common\usart_common_all.o
                0x08000bd8                usart_set_databits
 .text.usart_set_stopbits
                0x08000bec        0xc obj\debug\libopencm3\lib\stm32\common\usart_common_all.o
                0x08000bec                usart_set_stopbits
 .text.usart_set_parity
                0x08000bf8        0xc obj\debug\libopencm3\lib\stm32\common\usart_common_all.o
                0x08000bf8                usart_set_parity
 .text.usart_set_mode
                0x08000c04        0xc obj\debug\libopencm3\lib\stm32\common\usart_common_all.o
                0x08000c04                usart_set_mode
 .text.usart_set_flow_control
                0x08000c10        0xc obj\debug\libopencm3\lib\stm32\common\usart_common_all.o
                0x08000c10                usart_set_flow_control
 .text.usart_enable
                0x08000c1c        0xc obj\debug\libopencm3\lib\stm32\common\usart_common_all.o
                0x08000c1c                usart_enable
 .text.adc_power_on
                0x08000c28       0x10 obj\debug\libopencm3\lib\stm32\f1\adc.o
                0x08000c28                adc_power_on
 .text.adc_set_dual_mode
                0x08000c38       0x10 obj\debug\libopencm3\lib\stm32\f1\adc.o
                0x08000c38                adc_set_dual_mode
 .text.adc_enable_external_trigger_regular
                0x08000c48       0x14 obj\debug\libopencm3\lib\stm32\f1\adc.o
                0x08000c48                adc_enable_external_trigger_regular
 .text.adc_enable_external_trigger_injected
                0x08000c5c       0x14 obj\debug\libopencm3\lib\stm32\f1\adc.o
                0x08000c5c                adc_enable_external_trigger_injected
 .text.adc_reset_calibration
                0x08000c70       0x14 obj\debug\libopencm3\lib\stm32\f1\adc.o
                0x08000c70                adc_reset_calibration
 .text.adc_calibration
                0x08000c84       0x14 obj\debug\libopencm3\lib\stm32\f1\adc.o
                0x08000c84                adc_calibration
 .text.adc_set_sample_time
                0x08000c98       0x3c obj\debug\libopencm3\lib\stm32\f1\adc.o
                0x08000c98                adc_set_sample_time
 .text.gpio_set_mode
                0x08000cd4       0x7c obj\debug\libopencm3\lib\stm32\f1\gpio.o
                0x08000cd4                gpio_set_mode
 .text.rcc_osc_on.part.0
                0x08000d50       0x10 obj\debug\libopencm3\lib\stm32\f1\rcc.o
 .text.rcc_set_adcpre
                0x08000d60       0x14 obj\debug\libopencm3\lib\stm32\f1\rcc.o
                0x08000d60                rcc_set_adcpre
 .text.rcc_clock_setup_in_hse_8mhz_out_72mhz
                0x08000d74       0xcc obj\debug\libopencm3\lib\stm32\f1\rcc.o
                0x08000d74                rcc_clock_setup_in_hse_8mhz_out_72mhz
 .text.st_usbfs_v1_usbd_init
                0x08000e40       0x34 obj\debug\libopencm3\lib\stm32\st_usbfs_v1.o
 .text.st_usbfs_copy_to_pm
                0x08000e74       0x24 obj\debug\libopencm3\lib\stm32\st_usbfs_v1.o
                0x08000e74                st_usbfs_copy_to_pm
 .text.st_usbfs_copy_from_pm
                0x08000e98       0x34 obj\debug\libopencm3\lib\stm32\st_usbfs_v1.o
                0x08000e98                st_usbfs_copy_from_pm
 .text.usbd_init
                0x08000ecc       0x5c obj\debug\libopencm3\lib\usb\usb.o
                0x08000ecc                usbd_init
 .text.usbd_register_reset_callback
                0x08000f28        0x4 obj\debug\libopencm3\lib\usb\usb.o
                0x08000f28                usbd_register_reset_callback
 .text.usbd_register_suspend_callback
                0x08000f2c        0x4 obj\debug\libopencm3\lib\usb\usb.o
                0x08000f2c                usbd_register_suspend_callback
 .text.usbd_register_resume_callback
                0x08000f30        0x4 obj\debug\libopencm3\lib\usb\usb.o
                0x08000f30                usbd_register_resume_callback
 .text.usbd_register_sof_callback
                0x08000f34        0x4 obj\debug\libopencm3\lib\usb\usb.o
                0x08000f34                usbd_register_sof_callback
 .text._usbd_reset
                0x08000f38       0x3c obj\debug\libopencm3\lib\usb\usb.o
                0x08000f38                _usbd_reset
 .text.usbd_poll
                0x08000f74        0x8 obj\debug\libopencm3\lib\usb\usb.o
                0x08000f74                usbd_poll
 .text.usbd_ep_setup
                0x08000f7c       0x10 obj\debug\libopencm3\lib\usb\usb.o
                0x08000f7c                usbd_ep_setup
 .text.usbd_ep_write_packet
                0x08000f8c       0x10 obj\debug\libopencm3\lib\usb\usb.o
                0x08000f8c                usbd_ep_write_packet
 .text.usbd_ep_read_packet
                0x08000f9c       0x10 obj\debug\libopencm3\lib\usb\usb.o
                0x08000f9c                usbd_ep_read_packet
 .text.usbd_ep_stall_set
                0x08000fac        0x8 obj\debug\libopencm3\lib\usb\usb.o
                0x08000fac                usbd_ep_stall_set
 .text.usbd_ep_stall_get
                0x08000fb4        0x8 obj\debug\libopencm3\lib\usb\usb.o
                0x08000fb4                usbd_ep_stall_get
 .text.usb_control_send_chunk
                0x08000fbc       0x58 obj\debug\libopencm3\lib\usb\usb_control.o
 .text.usb_control_request_dispatch
                0x08001014       0x60 obj\debug\libopencm3\lib\usb\usb_control.o
 .text.usb_control_recv_chunk
                0x08001074       0x48 obj\debug\libopencm3\lib\usb\usb_control.o
 .text.usb_control_setup_read
                0x080010bc       0x78 obj\debug\libopencm3\lib\usb\usb_control.o
 .text.usbd_register_control_callback
                0x08001134       0x30 obj\debug\libopencm3\lib\usb\usb_control.o
                0x08001134                usbd_register_control_callback
 .text._usbd_control_setup
                0x08001164       0x64 obj\debug\libopencm3\lib\usb\usb_control.o
                0x08001164                _usbd_control_setup
 .text._usbd_control_out
                0x080011c8       0xa0 obj\debug\libopencm3\lib\usb\usb_control.o
                0x080011c8                _usbd_control_out
 .text._usbd_control_in
                0x08001268       0x60 obj\debug\libopencm3\lib\usb\usb_control.o
                0x08001268                _usbd_control_in
 .text.usb_standard_set_configuration
                0x080012c8       0xa8 obj\debug\libopencm3\lib\usb\usb_standard.o
 .text.usb_standard_get_configuration
                0x08001370       0x30 obj\debug\libopencm3\lib\usb\usb_standard.o
 .text.usb_standard_get_interface
                0x080013a0       0x3c obj\debug\libopencm3\lib\usb\usb_standard.o
 .text.usb_standard_interface_get_status
                0x080013dc       0x18 obj\debug\libopencm3\lib\usb\usb_standard.o
 .text.usb_standard_endpoint_get_status
                0x080013f4       0x2c obj\debug\libopencm3\lib\usb\usb_standard.o
 .text.usb_standard_endpoint_stall
                0x08001420       0x10 obj\debug\libopencm3\lib\usb\usb_standard.o
 .text.usb_standard_endpoint_unstall
                0x08001430       0x10 obj\debug\libopencm3\lib\usb\usb_standard.o
 .text.usb_standard_set_address
                0x08001440       0x30 obj\debug\libopencm3\lib\usb\usb_standard.o
 .text.usb_standard_set_interface
                0x08001470       0x50 obj\debug\libopencm3\lib\usb\usb_standard.o
 .text.usb_standard_get_descriptor
                0x080014c0      0x290 obj\debug\libopencm3\lib\usb\usb_standard.o
 .text.usb_standard_device_get_status
                0x08001750       0x18 obj\debug\libopencm3\lib\usb\usb_standard.o
 .text.usbd_register_set_config_callback
                0x08001768       0x2c obj\debug\libopencm3\lib\usb\usb_standard.o
                0x08001768                usbd_register_set_config_callback
 .text._usbd_standard_request_endpoint
                0x08001794       0x40 obj\debug\libopencm3\lib\usb\usb_standard.o
                0x08001794                _usbd_standard_request_endpoint
 .text._usbd_standard_request
                0x080017d4       0x50 obj\debug\libopencm3\lib\usb\usb_standard.o
                0x080017d4                _usbd_standard_request
 *fill*         0x08001824        0xc 
 .text.tim2_isr_channel_7
                0x08001830       0x98 obj\debug\src\measure_touch_hid_usb_2016_11_29_9h00.o
                0x08001830                tim2_isr_channel_7
 *fill*         0x080018c8        0x8 
 .text.tim2_isr_channel_6
                0x080018d0       0x74 obj\debug\src\measure_touch_hid_usb_2016_11_29_9h00.o
                0x080018d0                tim2_isr_channel_6
 *fill*         0x08001944        0xc 
 .text.tim2_isr_channel_5
                0x08001950       0x74 obj\debug\src\measure_touch_hid_usb_2016_11_29_9h00.o
                0x08001950                tim2_isr_channel_5
 *fill*         0x080019c4        0xc 
 .text.tim2_isr_channel_4
                0x080019d0       0x74 obj\debug\src\measure_touch_hid_usb_2016_11_29_9h00.o
                0x080019d0                tim2_isr_channel_4
 *fill*         0x08001a44        0xc 
 .text.tim2_isr_channel_3
                0x08001a50       0x74 obj\debug\src\measure_touch_hid_usb_2016_11_29_9h00.o
                0x08001a50                tim2_isr_channel_3
 *fill*         0x08001ac4        0xc 
 .text.tim2_isr_channel_2
                0x08001ad0       0x74 obj\debug\src\measure_touch_hid_usb_2016_11_29_9h00.o
                0x08001ad0                tim2_isr_channel_2
 *fill*         0x08001b44        0xc 
 .text.tim2_isr_channel_1
                0x08001b50       0x74 obj\debug\src\measure_touch_hid_usb_2016_11_29_9h00.o
                0x08001b50                tim2_isr_channel_1
 *fill*         0x08001bc4        0xc 
 .text.tim2_isr_channel_0
                0x08001bd0       0x74 obj\debug\src\measure_touch_hid_usb_2016_11_29_9h00.o
                0x08001bd0                tim2_isr_channel_0
 *fill*         0x08001c44        0xc 
 .text.tim2_isr
                0x08001c50        0xc obj\debug\src\measure_touch_hid_usb_2016_11_29_9h00.o
                0x08001c50                tim2_isr
 .text.keyboard_event_touch
                0x08001c5c       0x60 obj\debug\src\measure_touch_hid_usb_2016_11_29_9h00.o
                0x08001c5c                keyboard_event_touch
 .text.delay_us
                0x08001cbc       0x1c obj\debug\src\measure_touch_hid_usb_2016_11_29_9h00.o
                0x08001cbc                delay_us
 .text.RCC_Config
                0x08001cd8       0x60 obj\debug\src\measure_touch_hid_usb_2016_11_29_9h00.o
                0x08001cd8                RCC_Config
 .text.GPIO_Config
                0x08001d38       0xac obj\debug\src\measure_touch_hid_usb_2016_11_29_9h00.o
                0x08001d38                GPIO_Config
 .text.UART1_Init_A9A10
                0x08001de4       0x88 obj\debug\src\measure_touch_hid_usb_2016_11_29_9h00.o
                0x08001de4                UART1_Init_A9A10
 .text.usb_lp_can_rx0_isr
                0x08001e6c       0x14 obj\debug\src\measure_touch_hid_usb_2016_11_29_9h00.o
                0x08001e6c                usb_lp_can_rx0_isr
 .text.usb_wakeup_isr
                0x08001e80        0x4 obj\debug\src\measure_touch_hid_usb_2016_11_29_9h00.o
                0x08001e80                usb_wakeup_isr
 .text.DMAchannel4_config
                0x08001e84       0x80 obj\debug\src\measure_touch_hid_usb_2016_11_29_9h00.o
                0x08001e84                DMAchannel4_config
 .text.DMAchannel2_TIM2_UP_config
                0x08001f04       0x88 obj\debug\src\measure_touch_hid_usb_2016_11_29_9h00.o
                0x08001f04                DMAchannel2_TIM2_UP_config
 .text.DMAchannel7_TIM2_CH2_config
                0x08001f8c       0x88 obj\debug\src\measure_touch_hid_usb_2016_11_29_9h00.o
                0x08001f8c                DMAchannel7_TIM2_CH2_config
 .text.DMAchannel5_TIM2_CH1_config
                0x08002014       0x88 obj\debug\src\measure_touch_hid_usb_2016_11_29_9h00.o
                0x08002014                DMAchannel5_TIM2_CH1_config
 .text.DMAchannel1_TIM2_CH3_config
                0x0800209c       0x88 obj\debug\src\measure_touch_hid_usb_2016_11_29_9h00.o
                0x0800209c                DMAchannel1_TIM2_CH3_config
 .text.ADC_Config
                0x08002124       0x88 obj\debug\src\measure_touch_hid_usb_2016_11_29_9h00.o
                0x08002124                ADC_Config
 .text.NVIC_Congfig
                0x080021ac       0x38 obj\debug\src\measure_touch_hid_usb_2016_11_29_9h00.o
                0x080021ac                NVIC_Congfig
 .text.TIM2_Config
                0x080021e4       0x70 obj\debug\src\measure_touch_hid_usb_2016_11_29_9h00.o
                0x080021e4                TIM2_Config
 *fill*         0x08002254        0x4 
 .text.Do_TB_PS_delta
                0x08002258      0x420 obj\debug\src\measure_touch_hid_usb_2016_11_29_9h00.o
                0x08002258                Do_TB_PS_delta
 .text.BaselineCalibrate
                0x08002678      0x10c obj\debug\src\measure_touch_hid_usb_2016_11_29_9h00.o
                0x08002678                BaselineCalibrate
 .text.startup.main
                0x08002784       0x9c obj\debug\src\measure_touch_hid_usb_2016_11_29_9h00.o
                0x08002784                main
 .text.sys_tick_handler
                0x08002820       0x10 obj\debug\src\usb_src\clock.o
                0x08002820                sys_tick_handler
 .text.clock_init
                0x08002830       0x38 obj\debug\src\usb_src\clock.o
                0x08002830                clock_init
 .text.elog_start
                0x08002868        0x4 obj\debug\src\usb_src\elog.o
                0x08002868                elog_start
 .text.extrakey_report
                0x0800286c        0x8 obj\debug\src\usb_src\extrakey.o
                0x0800286c                extrakey_report
 .text.keyboard_set_protocol
                0x08002874       0x14 obj\debug\src\usb_src\keyboard.o
                0x08002874                keyboard_set_protocol
 .text.keyboard_get_protocol
                0x08002888        0x8 obj\debug\src\usb_src\keyboard.o
                0x08002888                keyboard_get_protocol
 .text.keyboard_report
                0x08002890        0x8 obj\debug\src\usb_src\keyboard.o
                0x08002890                keyboard_report
 .text.nkro_report
                0x08002898        0x8 obj\debug\src\usb_src\keyboard.o
                0x08002898                nkro_report
 .text.keyboard_set_leds
                0x080028a0        0x4 obj\debug\src\usb_src\keyboard.o
                0x080028a0                keyboard_set_leds
 .text.keyboard_add_key
                0x080028a4       0x6c obj\debug\src\usb_src\keyboard.o
                0x080028a4                keyboard_add_key
 .text.keyboard_del_key
                0x08002910       0x6c obj\debug\src\usb_src\keyboard.o
                0x08002910                keyboard_del_key
 .text.keyboard_add_modifier
                0x0800297c       0x48 obj\debug\src\usb_src\keyboard.o
                0x0800297c                keyboard_add_modifier
 .text.keyboard_del_modifier
                0x080029c4       0x4c obj\debug\src\usb_src\keyboard.o
                0x080029c4                keyboard_del_modifier
 .text.mouse_report
                0x08002a10        0x8 obj\debug\src\usb_src\mouse.o
                0x08002a10                mouse_report
 .text.ring_write
                0x08002a18       0x68 obj\debug\src\usb_src\ring.o
                0x08002a18                ring_write
 .text.serial_in
                0x08002a80       0x48 obj\debug\src\usb_src\serial.o
                0x08002a80                serial_in
 .text.usb_sof  0x08002ac8       0x10 obj\debug\src\usb_src\usb.o
 .text.usb_suspend
                0x08002ad8       0x30 obj\debug\src\usb_src\usb.o
 .text.usb_resume
                0x08002b08       0x30 obj\debug\src\usb_src\usb.o
 .text.usb_reset
                0x08002b38       0x30 obj\debug\src\usb_src\usb.o
 .text.usb_set_config
                0x08002b68       0x84 obj\debug\src\usb_src\usb.o
 .text.usb_control_request
                0x08002bec      0x1cc obj\debug\src\usb_src\usb.o
 .text.cdcacm_data_rx_cb
                0x08002db8       0x1c obj\debug\src\usb_src\usb.o
                0x08002db8                cdcacm_data_rx_cb
 .text.usb_update_keyboard
                0x08002dd4       0x14 obj\debug\src\usb_src\usb.o
                0x08002dd4                usb_update_keyboard
 .text.usb_update_nkro
                0x08002de8       0x14 obj\debug\src\usb_src\usb.o
                0x08002de8                usb_update_nkro
 .text.usb_now  0x08002dfc        0xc obj\debug\src\usb_src\usb.o
                0x08002dfc                usb_now
 .text.usb_init
                0x08002e08       0x90 obj\debug\src\usb_src\usb.o
                0x08002e08                usb_init
 .text.usb_poll
                0x08002e98        0xc obj\debug\src\usb_src\usb.o
                0x08002e98                usb_poll
 .text.sqrt     0x08002ea4       0xb8 c:/program files (x86)/embitz/1.11/share/em_armgcc/bin/../lib/gcc/arm-none-eabi/5.4.1/../../../../arm-none-eabi/lib/armv7-m\libm.a(lib_a-w_sqrt.o)
                0x08002ea4                sqrt
 .text.__ieee754_sqrt
                0x08002f5c      0x188 c:/program files (x86)/embitz/1.11/share/em_armgcc/bin/../lib/gcc/arm-none-eabi/5.4.1/../../../../arm-none-eabi/lib/armv7-m\libm.a(lib_a-e_sqrt.o)
                0x08002f5c                __ieee754_sqrt
 .text.matherr  0x080030e4        0x4 c:/program files (x86)/embitz/1.11/share/em_armgcc/bin/../lib/gcc/arm-none-eabi/5.4.1/../../../../arm-none-eabi/lib/armv7-m\libm.a(lib_a-s_matherr.o)
                0x080030e4                matherr
 .text          0x080030e8      0x370 c:/program files (x86)/embitz/1.11/share/em_armgcc/bin/../lib/gcc/arm-none-eabi/5.4.1/armv7-m\libgcc.a(_arm_addsubdf3.o)
                0x080030e8                __aeabi_drsub
                0x080030f0                __aeabi_dsub
                0x080030f0                __subdf3
                0x080030f4                __aeabi_dadd
                0x080030f4                __adddf3
                0x0800336c                __floatunsidf
                0x0800336c                __aeabi_ui2d
                0x0800338c                __floatsidf
                0x0800338c                __aeabi_i2d
                0x080033b0                __aeabi_f2d
                0x080033b0                __extendsfdf2
                0x080033ec                __floatundidf
                0x080033ec                __aeabi_ul2d
                0x080033fc                __floatdidf
                0x080033fc                __aeabi_l2d
 .text          0x08003458      0x424 c:/program files (x86)/embitz/1.11/share/em_armgcc/bin/../lib/gcc/arm-none-eabi/5.4.1/armv7-m\libgcc.a(_arm_muldivdf3.o)
                0x08003458                __aeabi_dmul
                0x08003458                __muldf3
                0x080036ac                __divdf3
                0x080036ac                __aeabi_ddiv
 .text          0x0800387c      0x110 c:/program files (x86)/embitz/1.11/share/em_armgcc/bin/../lib/gcc/arm-none-eabi/5.4.1/armv7-m\libgcc.a(_arm_cmpdf2.o)
                0x0800387c                __gtdf2
                0x0800387c                __gedf2
                0x08003884                __ltdf2
                0x08003884                __ledf2
                0x0800388c                __nedf2
                0x0800388c                __eqdf2
                0x0800388c                __cmpdf2
                0x08003908                __aeabi_cdrcmple
                0x08003918                __aeabi_cdcmpeq
                0x08003918                __aeabi_cdcmple
                0x08003928                __aeabi_dcmpeq
                0x0800393c                __aeabi_dcmplt
                0x08003950                __aeabi_dcmple
                0x08003964                __aeabi_dcmpge
                0x08003978                __aeabi_dcmpgt
 .text          0x0800398c       0x2c c:/program files (x86)/embitz/1.11/share/em_armgcc/bin/../lib/gcc/arm-none-eabi/5.4.1/armv7-m\libgcc.a(_arm_unorddf2.o)
                0x0800398c                __unorddf2
                0x0800398c                __aeabi_dcmpun
 .text          0x080039b8       0xa0 c:/program files (x86)/embitz/1.11/share/em_armgcc/bin/../lib/gcc/arm-none-eabi/5.4.1/armv7-m\libgcc.a(_arm_truncdfsf2.o)
                0x080039b8                __truncdfsf2
                0x080039b8                __aeabi_d2f
 .text          0x08003a58      0x21c c:/program files (x86)/embitz/1.11/share/em_armgcc/bin/../lib/gcc/arm-none-eabi/5.4.1/armv7-m\libgcc.a(_arm_addsubsf3.o)
                0x08003a58                __aeabi_frsub
                0x08003a60                __subsf3
                0x08003a60                __aeabi_fsub
                0x08003a64                __aeabi_fadd
                0x08003a64                __addsf3
                0x08003bc4                __aeabi_ui2f
                0x08003bc4                __floatunsisf
                0x08003bcc                __aeabi_i2f
                0x08003bcc                __floatsisf
                0x08003be8                __aeabi_ul2f
                0x08003be8                __floatundisf
                0x08003bf8                __aeabi_l2f
                0x08003bf8                __floatdisf
 .text          0x08003c74      0x2a0 c:/program files (x86)/embitz/1.11/share/em_armgcc/bin/../lib/gcc/arm-none-eabi/5.4.1/armv7-m\libgcc.a(_arm_muldivsf3.o)
                0x08003c74                __mulsf3
                0x08003c74                __aeabi_fmul
                0x08003ddc                __aeabi_fdiv
                0x08003ddc                __divsf3
 .text          0x08003f14       0x30 c:/program files (x86)/embitz/1.11/share/em_armgcc/bin/../lib/gcc/arm-none-eabi/5.4.1/armv7-m\libgcc.a(_aeabi_uldivmod.o)
                0x08003f14                __aeabi_uldivmod
 .text          0x08003f44      0x2ec c:/program files (x86)/embitz/1.11/share/em_armgcc/bin/../lib/gcc/arm-none-eabi/5.4.1/armv7-m\libgcc.a(_udivmoddi4.o)
                0x08003f44                __udivmoddi4
 .text          0x08004230        0x4 c:/program files (x86)/embitz/1.11/share/em_armgcc/bin/../lib/gcc/arm-none-eabi/5.4.1/armv7-m\libgcc.a(_dvmd_tls.o)
                0x08004230                __aeabi_idiv0
                0x08004230                __aeabi_ldiv0
 .text.__errno  0x08004234        0xc c:/program files (x86)/embitz/1.11/share/em_armgcc/bin/../lib/gcc/arm-none-eabi/5.4.1/../../../../arm-none-eabi/lib/armv7-m\libg_n.a(lib_a-errno.o)
                0x08004234                __errno
 .text.memcpy   0x08004240       0x16 c:/program files (x86)/embitz/1.11/share/em_armgcc/bin/../lib/gcc/arm-none-eabi/5.4.1/../../../../arm-none-eabi/lib/armv7-m\libg_n.a(lib_a-memcpy-stub.o)
                0x08004240                memcpy
 .text.memset   0x08004256       0x10 c:/program files (x86)/embitz/1.11/share/em_armgcc/bin/../lib/gcc/arm-none-eabi/5.4.1/../../../../arm-none-eabi/lib/armv7-m\libg_n.a(lib_a-memset.o)
                0x08004256                memset
 .text.__cvt    0x08004266       0xc0 c:/program files (x86)/embitz/1.11/share/em_armgcc/bin/../lib/gcc/arm-none-eabi/5.4.1/../../../../arm-none-eabi/lib/armv7-m\libg_n.a(lib_a-nano-vfprintf_float.o)
                0x08004266                __cvt
 .text.__exponent
                0x08004326       0x62 c:/program files (x86)/embitz/1.11/share/em_armgcc/bin/../lib/gcc/arm-none-eabi/5.4.1/../../../../arm-none-eabi/lib/armv7-m\libg_n.a(lib_a-nano-vfprintf_float.o)
                0x08004326                __exponent
 .text._printf_float
                0x08004388      0x488 c:/program files (x86)/embitz/1.11/share/em_armgcc/bin/../lib/gcc/arm-none-eabi/5.4.1/../../../../arm-none-eabi/lib/armv7-m\libg_n.a(lib_a-nano-vfprintf_float.o)
                0x08004388                _printf_float
 .text._printf_common
                0x08004810       0xec c:/program files (x86)/embitz/1.11/share/em_armgcc/bin/../lib/gcc/arm-none-eabi/5.4.1/../../../../arm-none-eabi/lib/armv7-m\libg_n.a(lib_a-nano-vfprintf_i.o)
                0x08004810                _printf_common
 .text._printf_i
                0x080048fc      0x24c c:/program files (x86)/embitz/1.11/share/em_armgcc/bin/../lib/gcc/arm-none-eabi/5.4.1/../../../../arm-none-eabi/lib/armv7-m\libg_n.a(lib_a-nano-vfprintf_i.o)
                0x080048fc                _printf_i
 .text.printf   0x08004b48       0x30 c:/program files (x86)/embitz/1.11/share/em_armgcc/bin/../lib/gcc/arm-none-eabi/5.4.1/../../../../arm-none-eabi/lib/armv7-m\libg_n.a(lib_a-printf.o)
                0x08004b48                iprintf
                0x08004b48                printf
 .text.putchar  0x08004b78       0x28 c:/program files (x86)/embitz/1.11/share/em_armgcc/bin/../lib/gcc/arm-none-eabi/5.4.1/../../../../arm-none-eabi/lib/armv7-m\libg_n.a(lib_a-putchar.o)
                0x08004b78                putchar
 .text._puts_r  0x08004ba0       0xb4 c:/program files (x86)/embitz/1.11/share/em_armgcc/bin/../lib/gcc/arm-none-eabi/5.4.1/../../../../arm-none-eabi/lib/armv7-m\libg_n.a(lib_a-puts.o)
                0x08004ba0                _puts_r
 .text.puts     0x08004c54       0x10 c:/program files (x86)/embitz/1.11/share/em_armgcc/bin/../lib/gcc/arm-none-eabi/5.4.1/../../../../arm-none-eabi/lib/armv7-m\libg_n.a(lib_a-puts.o)
                0x08004c54                puts
 .text.setbuf   0x08004c64       0x10 c:/program files (x86)/embitz/1.11/share/em_armgcc/bin/../lib/gcc/arm-none-eabi/5.4.1/../../../../arm-none-eabi/lib/armv7-m\libg_n.a(lib_a-setbuf.o)
                0x08004c64                setbuf
 .text.setvbuf  0x08004c74      0x154 c:/program files (x86)/embitz/1.11/share/em_armgcc/bin/../lib/gcc/arm-none-eabi/5.4.1/../../../../arm-none-eabi/lib/armv7-m\libg_n.a(lib_a-setvbuf.o)
                0x08004c74                setvbuf
 .text          0x08004dc8       0x10 c:/program files (x86)/embitz/1.11/share/em_armgcc/bin/../lib/gcc/arm-none-eabi/5.4.1/../../../../arm-none-eabi/lib/armv7-m\libg_n.a(lib_a-strlen.o)
                0x08004dc8                strlen
 .text.__swbuf_r
                0x08004dd8       0xa8 c:/program files (x86)/embitz/1.11/share/em_armgcc/bin/../lib/gcc/arm-none-eabi/5.4.1/../../../../arm-none-eabi/lib/armv7-m\libg_n.a(lib_a-wbuf.o)
                0x08004dd8                __swbuf_r
 .text.__swsetup_r
                0x08004e80       0xdc c:/program files (x86)/embitz/1.11/share/em_armgcc/bin/../lib/gcc/arm-none-eabi/5.4.1/../../../../arm-none-eabi/lib/armv7-m\libg_n.a(lib_a-wsetup.o)
                0x08004e80                __swsetup_r
 .text.quorem   0x08004f5c      0x116 c:/program files (x86)/embitz/1.11/share/em_armgcc/bin/../lib/gcc/arm-none-eabi/5.4.1/../../../../arm-none-eabi/lib/armv7-m\libg_n.a(lib_a-dtoa.o)
 *fill*         0x08005072        0x6 
 .text._dtoa_r  0x08005078      0xb30 c:/program files (x86)/embitz/1.11/share/em_armgcc/bin/../lib/gcc/arm-none-eabi/5.4.1/../../../../arm-none-eabi/lib/armv7-m\libg_n.a(lib_a-dtoa.o)
                0x08005078                _dtoa_r
 .text.__sflush_r
                0x08005ba8      0x10c c:/program files (x86)/embitz/1.11/share/em_armgcc/bin/../lib/gcc/arm-none-eabi/5.4.1/../../../../arm-none-eabi/lib/armv7-m\libg_n.a(lib_a-fflush.o)
                0x08005ba8                __sflush_r
 .text._fflush_r
                0x08005cb4       0x54 c:/program files (x86)/embitz/1.11/share/em_armgcc/bin/../lib/gcc/arm-none-eabi/5.4.1/../../../../arm-none-eabi/lib/armv7-m\libg_n.a(lib_a-fflush.o)
                0x08005cb4                _fflush_r
 .text._cleanup_r
                0x08005d08        0xc c:/program files (x86)/embitz/1.11/share/em_armgcc/bin/../lib/gcc/arm-none-eabi/5.4.1/../../../../arm-none-eabi/lib/armv7-m\libg_n.a(lib_a-findfp.o)
                0x08005d08                _cleanup_r
 .text.std.isra.0
                0x08005d14       0x48 c:/program files (x86)/embitz/1.11/share/em_armgcc/bin/../lib/gcc/arm-none-eabi/5.4.1/../../../../arm-none-eabi/lib/armv7-m\libg_n.a(lib_a-findfp.o)
 .text.__sfmoreglue
                0x08005d5c       0x2c c:/program files (x86)/embitz/1.11/share/em_armgcc/bin/../lib/gcc/arm-none-eabi/5.4.1/../../../../arm-none-eabi/lib/armv7-m\libg_n.a(lib_a-findfp.o)
                0x08005d5c                __sfmoreglue
 .text.__sinit  0x08005d88       0x60 c:/program files (x86)/embitz/1.11/share/em_armgcc/bin/../lib/gcc/arm-none-eabi/5.4.1/../../../../arm-none-eabi/lib/armv7-m\libg_n.a(lib_a-findfp.o)
                0x08005d88                __sinit
 .text.__sfp    0x08005de8       0x78 c:/program files (x86)/embitz/1.11/share/em_armgcc/bin/../lib/gcc/arm-none-eabi/5.4.1/../../../../arm-none-eabi/lib/armv7-m\libg_n.a(lib_a-findfp.o)
                0x08005de8                __sfp
 .text._fwalk_reent
                0x08005e60       0x3c c:/program files (x86)/embitz/1.11/share/em_armgcc/bin/../lib/gcc/arm-none-eabi/5.4.1/../../../../arm-none-eabi/lib/armv7-m\libg_n.a(lib_a-fwalk.o)
                0x08005e60                _fwalk_reent
 .text._localeconv_r
                0x08005e9c        0x8 c:/program files (x86)/embitz/1.11/share/em_armgcc/bin/../lib/gcc/arm-none-eabi/5.4.1/../../../../arm-none-eabi/lib/armv7-m\libg_n.a(lib_a-locale.o)
                0x08005e9c                _localeconv_r
 .text.__swhatbuf_r
                0x08005ea4       0x46 c:/program files (x86)/embitz/1.11/share/em_armgcc/bin/../lib/gcc/arm-none-eabi/5.4.1/../../../../arm-none-eabi/lib/armv7-m\libg_n.a(lib_a-makebuf.o)
                0x08005ea4                __swhatbuf_r
 *fill*         0x08005eea        0x2 
 .text.__smakebuf_r
                0x08005eec       0x78 c:/program files (x86)/embitz/1.11/share/em_armgcc/bin/../lib/gcc/arm-none-eabi/5.4.1/../../../../arm-none-eabi/lib/armv7-m\libg_n.a(lib_a-makebuf.o)
                0x08005eec                __smakebuf_r
 .text.malloc   0x08005f64       0x10 c:/program files (x86)/embitz/1.11/share/em_armgcc/bin/../lib/gcc/arm-none-eabi/5.4.1/../../../../arm-none-eabi/lib/armv7-m\libg_n.a(lib_a-malloc.o)
                0x08005f64                malloc
 .text.memchr   0x08005f74       0x1c c:/program files (x86)/embitz/1.11/share/em_armgcc/bin/../lib/gcc/arm-none-eabi/5.4.1/../../../../arm-none-eabi/lib/armv7-m\libg_n.a(lib_a-memchr-stub.o)
                0x08005f74                memchr
 .text._Balloc  0x08005f90       0x6a c:/program files (x86)/embitz/1.11/share/em_armgcc/bin/../lib/gcc/arm-none-eabi/5.4.1/../../../../arm-none-eabi/lib/armv7-m\libg_n.a(lib_a-mprec.o)
                0x08005f90                _Balloc
 .text._Bfree   0x08005ffa       0x2e c:/program files (x86)/embitz/1.11/share/em_armgcc/bin/../lib/gcc/arm-none-eabi/5.4.1/../../../../arm-none-eabi/lib/armv7-m\libg_n.a(lib_a-mprec.o)
                0x08005ffa                _Bfree
 .text.__multadd
                0x08006028       0x76 c:/program files (x86)/embitz/1.11/share/em_armgcc/bin/../lib/gcc/arm-none-eabi/5.4.1/../../../../arm-none-eabi/lib/armv7-m\libg_n.a(lib_a-mprec.o)
                0x08006028                __multadd
 .text.__hi0bits
                0x0800609e       0x40 c:/program files (x86)/embitz/1.11/share/em_armgcc/bin/../lib/gcc/arm-none-eabi/5.4.1/../../../../arm-none-eabi/lib/armv7-m\libg_n.a(lib_a-mprec.o)
                0x0800609e                __hi0bits
 .text.__lo0bits
                0x080060de       0x5a c:/program files (x86)/embitz/1.11/share/em_armgcc/bin/../lib/gcc/arm-none-eabi/5.4.1/../../../../arm-none-eabi/lib/armv7-m\libg_n.a(lib_a-mprec.o)
                0x080060de                __lo0bits
 .text.__i2b    0x08006138       0x12 c:/program files (x86)/embitz/1.11/share/em_armgcc/bin/../lib/gcc/arm-none-eabi/5.4.1/../../../../arm-none-eabi/lib/armv7-m\libg_n.a(lib_a-mprec.o)
                0x08006138                __i2b
 .text.__multiply
                0x0800614a      0x120 c:/program files (x86)/embitz/1.11/share/em_armgcc/bin/../lib/gcc/arm-none-eabi/5.4.1/../../../../arm-none-eabi/lib/armv7-m\libg_n.a(lib_a-mprec.o)
                0x0800614a                __multiply
 *fill*         0x0800626a        0x2 
 .text.__pow5mult
                0x0800626c       0x9c c:/program files (x86)/embitz/1.11/share/em_armgcc/bin/../lib/gcc/arm-none-eabi/5.4.1/../../../../arm-none-eabi/lib/armv7-m\libg_n.a(lib_a-mprec.o)
                0x0800626c                __pow5mult
 .text.__lshift
                0x08006308       0xa2 c:/program files (x86)/embitz/1.11/share/em_armgcc/bin/../lib/gcc/arm-none-eabi/5.4.1/../../../../arm-none-eabi/lib/armv7-m\libg_n.a(lib_a-mprec.o)
                0x08006308                __lshift
 .text.__mcmp   0x080063aa       0x38 c:/program files (x86)/embitz/1.11/share/em_armgcc/bin/../lib/gcc/arm-none-eabi/5.4.1/../../../../arm-none-eabi/lib/armv7-m\libg_n.a(lib_a-mprec.o)
                0x080063aa                __mcmp
 .text.__mdiff  0x080063e2       0xbe c:/program files (x86)/embitz/1.11/share/em_armgcc/bin/../lib/gcc/arm-none-eabi/5.4.1/../../../../arm-none-eabi/lib/armv7-m\libg_n.a(lib_a-mprec.o)
                0x080063e2                __mdiff
 .text.__d2b    0x080064a0       0x9c c:/program files (x86)/embitz/1.11/share/em_armgcc/bin/../lib/gcc/arm-none-eabi/5.4.1/../../../../arm-none-eabi/lib/armv7-m\libg_n.a(lib_a-mprec.o)
                0x080064a0                __d2b
 .text._calloc_r
                0x0800653c       0x1c c:/program files (x86)/embitz/1.11/share/em_armgcc/bin/../lib/gcc/arm-none-eabi/5.4.1/../../../../arm-none-eabi/lib/armv7-m\libg_n.a(lib_a-nano-callocr.o)
                0x0800653c                _calloc_r
 .text._free_r  0x08006558       0x98 c:/program files (x86)/embitz/1.11/share/em_armgcc/bin/../lib/gcc/arm-none-eabi/5.4.1/../../../../arm-none-eabi/lib/armv7-m\libg_n.a(lib_a-nano-freer.o)
                0x08006558                _free_r
 .text._malloc_r
                0x080065f0       0xbc c:/program files (x86)/embitz/1.11/share/em_armgcc/bin/../lib/gcc/arm-none-eabi/5.4.1/../../../../arm-none-eabi/lib/armv7-m\libg_n.a(lib_a-nano-mallocr.o)
                0x080065f0                _malloc_r
 .text.__sfputc_r
                0x080066ac       0x2c c:/program files (x86)/embitz/1.11/share/em_armgcc/bin/../lib/gcc/arm-none-eabi/5.4.1/../../../../arm-none-eabi/lib/armv7-m\libg_n.a(lib_a-nano-vfprintf.o)
 .text.__sfputs_r
                0x080066d8       0x24 c:/program files (x86)/embitz/1.11/share/em_armgcc/bin/../lib/gcc/arm-none-eabi/5.4.1/../../../../arm-none-eabi/lib/armv7-m\libg_n.a(lib_a-nano-vfprintf.o)
                0x080066d8                __sfputs_r
 .text._vfprintf_r
                0x080066fc      0x238 c:/program files (x86)/embitz/1.11/share/em_armgcc/bin/../lib/gcc/arm-none-eabi/5.4.1/../../../../arm-none-eabi/lib/armv7-m\libg_n.a(lib_a-nano-vfprintf.o)
                0x080066fc                _vfprintf_r
                0x080066fc                _vfiprintf_r
 .text._putc_r  0x08006934       0x6c c:/program files (x86)/embitz/1.11/share/em_armgcc/bin/../lib/gcc/arm-none-eabi/5.4.1/../../../../arm-none-eabi/lib/armv7-m\libg_n.a(lib_a-putc.o)
                0x08006934                _putc_r
 .text._sbrk_r  0x080069a0       0x20 c:/program files (x86)/embitz/1.11/share/em_armgcc/bin/../lib/gcc/arm-none-eabi/5.4.1/../../../../arm-none-eabi/lib/armv7-m\libg_n.a(lib_a-sbrkr.o)
                0x080069a0                _sbrk_r
 .text.__sread  0x080069c0       0x22 c:/program files (x86)/embitz/1.11/share/em_armgcc/bin/../lib/gcc/arm-none-eabi/5.4.1/../../../../arm-none-eabi/lib/armv7-m\libg_n.a(lib_a-stdio.o)
                0x080069c0                __sread
 .text.__swrite
                0x080069e2       0x38 c:/program files (x86)/embitz/1.11/share/em_armgcc/bin/../lib/gcc/arm-none-eabi/5.4.1/../../../../arm-none-eabi/lib/armv7-m\libg_n.a(lib_a-stdio.o)
                0x080069e2                __swrite
 .text.__sseek  0x08006a1a       0x24 c:/program files (x86)/embitz/1.11/share/em_armgcc/bin/../lib/gcc/arm-none-eabi/5.4.1/../../../../arm-none-eabi/lib/armv7-m\libg_n.a(lib_a-stdio.o)
                0x08006a1a                __sseek
 .text.__sclose
                0x08006a3e        0x8 c:/program files (x86)/embitz/1.11/share/em_armgcc/bin/../lib/gcc/arm-none-eabi/5.4.1/../../../../arm-none-eabi/lib/armv7-m\libg_n.a(lib_a-stdio.o)
                0x08006a3e                __sclose
 *fill*         0x08006a46        0x2 
 .text._write_r
                0x08006a48       0x24 c:/program files (x86)/embitz/1.11/share/em_armgcc/bin/../lib/gcc/arm-none-eabi/5.4.1/../../../../arm-none-eabi/lib/armv7-m\libg_n.a(lib_a-writer.o)
                0x08006a48                _write_r
 .text._close_r
                0x08006a6c       0x20 c:/program files (x86)/embitz/1.11/share/em_armgcc/bin/../lib/gcc/arm-none-eabi/5.4.1/../../../../arm-none-eabi/lib/armv7-m\libg_n.a(lib_a-closer.o)
                0x08006a6c                _close_r
 .text._fstat_r
                0x08006a8c       0x24 c:/program files (x86)/embitz/1.11/share/em_armgcc/bin/../lib/gcc/arm-none-eabi/5.4.1/../../../../arm-none-eabi/lib/armv7-m\libg_n.a(lib_a-fstatr.o)
                0x08006a8c                _fstat_r
 .text._isatty_r
                0x08006ab0       0x20 c:/program files (x86)/embitz/1.11/share/em_armgcc/bin/../lib/gcc/arm-none-eabi/5.4.1/../../../../arm-none-eabi/lib/armv7-m\libg_n.a(lib_a-isattyr.o)
                0x08006ab0                _isatty_r
 .text._lseek_r
                0x08006ad0       0x24 c:/program files (x86)/embitz/1.11/share/em_armgcc/bin/../lib/gcc/arm-none-eabi/5.4.1/../../../../arm-none-eabi/lib/armv7-m\libg_n.a(lib_a-lseekr.o)
                0x08006ad0                _lseek_r
 .text.__malloc_lock
                0x08006af4        0x2 c:/program files (x86)/embitz/1.11/share/em_armgcc/bin/../lib/gcc/arm-none-eabi/5.4.1/../../../../arm-none-eabi/lib/armv7-m\libg_n.a(lib_a-mlock.o)
                0x08006af4                __malloc_lock
 .text.__malloc_unlock
                0x08006af6        0x2 c:/program files (x86)/embitz/1.11/share/em_armgcc/bin/../lib/gcc/arm-none-eabi/5.4.1/../../../../arm-none-eabi/lib/armv7-m\libg_n.a(lib_a-mlock.o)
                0x08006af6                __malloc_unlock
 .text._read_r  0x08006af8       0x24 c:/program files (x86)/embitz/1.11/share/em_armgcc/bin/../lib/gcc/arm-none-eabi/5.4.1/../../../../arm-none-eabi/lib/armv7-m\libg_n.a(lib_a-readr.o)
                0x08006af8                _read_r
 .text          0x08006b1c       0x50 c:/program files (x86)/embitz/1.11/share/em_armgcc/bin/../lib/gcc/arm-none-eabi/5.4.1/armv7-m\libgcc.a(_arm_fixdfsi.o)
                0x08006b1c                __aeabi_d2iz
                0x08006b1c                __fixdfsi
 .text._close   0x08006b6c       0x10 c:/program files (x86)/embitz/1.11/share/em_armgcc/bin/../lib/gcc/arm-none-eabi/5.4.1/../../../../arm-none-eabi/lib/armv7-m\libnosys_s.a(close.o)
                0x08006b6c                _close
 .text._fstat   0x08006b7c       0x10 c:/program files (x86)/embitz/1.11/share/em_armgcc/bin/../lib/gcc/arm-none-eabi/5.4.1/../../../../arm-none-eabi/lib/armv7-m\libnosys_s.a(fstat.o)
                0x08006b7c                _fstat
 .text._isatty  0x08006b8c       0x10 c:/program files (x86)/embitz/1.11/share/em_armgcc/bin/../lib/gcc/arm-none-eabi/5.4.1/../../../../arm-none-eabi/lib/armv7-m\libnosys_s.a(isatty.o)
                0x08006b8c                _isatty
 .text._lseek   0x08006b9c       0x10 c:/program files (x86)/embitz/1.11/share/em_armgcc/bin/../lib/gcc/arm-none-eabi/5.4.1/../../../../arm-none-eabi/lib/armv7-m\libnosys_s.a(lseek.o)
                0x08006b9c                _lseek
 .text._read    0x08006bac       0x10 c:/program files (x86)/embitz/1.11/share/em_armgcc/bin/../lib/gcc/arm-none-eabi/5.4.1/../../../../arm-none-eabi/lib/armv7-m\libnosys_s.a(read.o)
                0x08006bac                _read
 .text._sbrk    0x08006bbc       0x1c c:/program files (x86)/embitz/1.11/share/em_armgcc/bin/../lib/gcc/arm-none-eabi/5.4.1/../../../../arm-none-eabi/lib/armv7-m\libnosys_s.a(sbrk.o)
                0x08006bbc                _sbrk
 .text._write   0x08006bd8       0x10 c:/program files (x86)/embitz/1.11/share/em_armgcc/bin/../lib/gcc/arm-none-eabi/5.4.1/../../../../arm-none-eabi/lib/armv7-m\libnosys_s.a(write.o)
                0x08006bd8                _write
                0x08006be8                . = ALIGN (0x4)
 *(.rodata*)
 .rodata        0x08006be8        0x8 obj\debug\libopencm3\lib\stm32\common\st_usbfs_core.o
 .rodata.st_usbfs_v1_usb_driver
                0x08006bf0       0x34 obj\debug\libopencm3\lib\stm32\st_usbfs_v1.o
                0x08006bf0                st_usbfs_v1_usb_driver
 .rodata.CSWTCH.24
                0x08006c24       0x28 obj\debug\libopencm3\lib\usb\usb_standard.o
 .rodata.CSWTCH.26
                0x08006c4c       0x30 obj\debug\libopencm3\lib\usb\usb_standard.o
 .rodata.str1.4
                0x08006c7c      0x2cd obj\debug\src\measure_touch_hid_usb_2016_11_29_9h00.o
                                0x2e1 (size before relaxing)
 *fill*         0x08006f49        0x3 
 .rodata.str1.4
                0x08006f4c        0x9 obj\debug\src\usb_src\serial.o
 *fill*         0x08006f55        0x3 
 .rodata.keyboard_endpoint
                0x08006f58        0xf obj\debug\src\usb_src\usb.o
                0x08006f58                keyboard_endpoint
 *fill*         0x08006f67        0x1 
 .rodata.extrakey_function
                0x08006f68        0x9 obj\debug\src\usb_src\usb.o
 *fill*         0x08006f71        0x3 
 .rodata.nkro_function
                0x08006f74        0x9 obj\debug\src\usb_src\usb.o
 *fill*         0x08006f7d        0x3 
 .rodata.config
                0x08006f80        0xd obj\debug\src\usb_src\usb.o
                0x08006f80                config
 *fill*         0x08006f8d        0x3 
 .rodata.mouse_report_descriptor
                0x08006f90       0x4d obj\debug\src\usb_src\usb.o
                0x08006f90                mouse_report_descriptor
 *fill*         0x08006fdd        0x3 
 .rodata.mouse_function
                0x08006fe0        0x9 obj\debug\src\usb_src\usb.o
 *fill*         0x08006fe9        0x3 
 .rodata.keyboard_function
                0x08006fec        0x9 obj\debug\src\usb_src\usb.o
 *fill*         0x08006ff5        0x3 
 .rodata.keyboard_report_descriptor
                0x08006ff8       0x3f obj\debug\src\usb_src\usb.o
                0x08006ff8                keyboard_report_descriptor
 *fill*         0x08007037        0x1 
 .rodata.data_endpoint
                0x08007038       0x1e obj\debug\src\usb_src\usb.o
 *fill*         0x08007056        0x2 
 .rodata.cdc_comm_iface
                0x08007058       0x15 obj\debug\src\usb_src\usb.o
 *fill*         0x0800706d        0x3 
 .rodata.extrakey_endpoint
                0x08007070        0xf obj\debug\src\usb_src\usb.o
                0x08007070                extrakey_endpoint
 *fill*         0x0800707f        0x1 
 .rodata.ifaces
                0x08007080       0x60 obj\debug\src\usb_src\usb.o
                0x08007080                ifaces
 .rodata.mouse_endpoint
                0x080070e0        0xf obj\debug\src\usb_src\usb.o
                0x080070e0                mouse_endpoint
 *fill*         0x080070ef        0x1 
 .rodata.nkro_iface
                0x080070f0       0x15 obj\debug\src\usb_src\usb.o
                0x080070f0                nkro_iface
 *fill*         0x08007105        0x3 
 .rodata.nkro_endpoint
                0x08007108        0xf obj\debug\src\usb_src\usb.o
                0x08007108                nkro_endpoint
 *fill*         0x08007117        0x1 
 .rodata.extrakey_report_descriptor
                0x08007118       0x36 obj\debug\src\usb_src\usb.o
 *fill*         0x0800714e        0x2 
 .rodata.str1.4
                0x08007150       0xa8 obj\debug\src\usb_src\usb.o
 .rodata.keyboard_iface
                0x080071f8       0x15 obj\debug\src\usb_src\usb.o
                0x080071f8                keyboard_iface
 *fill*         0x0800720d        0x3 
 .rodata.cdcacm_functional_descriptors
                0x08007210       0x13 obj\debug\src\usb_src\usb.o
 *fill*         0x08007223        0x1 
 .rodata.extrakey_iface
                0x08007224       0x15 obj\debug\src\usb_src\usb.o
                0x08007224                extrakey_iface
 *fill*         0x08007239        0x3 
 .rodata.mouse_iface
                0x0800723c       0x15 obj\debug\src\usb_src\usb.o
                0x0800723c                mouse_iface
 *fill*         0x08007251        0x3 
 .rodata.comm_endpoint
                0x08007254        0xf obj\debug\src\usb_src\usb.o
 *fill*         0x08007263        0x1 
 .rodata.dev_descriptor
                0x08007264       0x12 obj\debug\src\usb_src\usb.o
                0x08007264                dev_descriptor
 *fill*         0x08007276        0x2 
 .rodata.cdc_data_iface
                0x08007278       0x15 obj\debug\src\usb_src\usb.o
 *fill*         0x0800728d        0x3 
 .rodata.nkro_report_descriptor
                0x08007290       0x39 obj\debug\src\usb_src\usb.o
                0x08007290                nkro_report_descriptor
 *fill*         0x080072c9        0x3 
 .rodata.str1.4
                0x080072cc        0x8 c:/program files (x86)/embitz/1.11/share/em_armgcc/bin/../lib/gcc/arm-none-eabi/5.4.1/../../../../arm-none-eabi/lib/armv7-m\libm.a(lib_a-w_sqrt.o)
                                  0x5 (size before relaxing)
 .rodata.str1.1
                0x080072d4        0x2 c:/program files (x86)/embitz/1.11/share/em_armgcc/bin/../lib/gcc/arm-none-eabi/5.4.1/../../../../arm-none-eabi/lib/armv7-m\libg_n.a(lib_a-impure.o)
 *fill*         0x080072d6        0x2 
 .rodata._global_impure_ptr
                0x080072d8        0x4 c:/program files (x86)/embitz/1.11/share/em_armgcc/bin/../lib/gcc/arm-none-eabi/5.4.1/../../../../arm-none-eabi/lib/armv7-m\libg_n.a(lib_a-impure.o)
                0x080072d8                _global_impure_ptr
 .rodata.str1.1
                0x080072dc       0x12 c:/program files (x86)/embitz/1.11/share/em_armgcc/bin/../lib/gcc/arm-none-eabi/5.4.1/../../../../arm-none-eabi/lib/armv7-m\libg_n.a(lib_a-nano-vfprintf_float.o)
 .rodata.str1.1
                0x080072ee       0x22 c:/program files (x86)/embitz/1.11/share/em_armgcc/bin/../lib/gcc/arm-none-eabi/5.4.1/../../../../arm-none-eabi/lib/armv7-m\libg_n.a(lib_a-nano-vfprintf_i.o)
 .rodata.str1.1
                0x08007310        0xd c:/program files (x86)/embitz/1.11/share/em_armgcc/bin/../lib/gcc/arm-none-eabi/5.4.1/../../../../arm-none-eabi/lib/armv7-m\libg_n.a(lib_a-dtoa.o)
                                  0xf (size before relaxing)
 *fill*         0x0800731d        0x3 
 .rodata.__sf_fake_stdin
                0x08007320       0x20 c:/program files (x86)/embitz/1.11/share/em_armgcc/bin/../lib/gcc/arm-none-eabi/5.4.1/../../../../arm-none-eabi/lib/armv7-m\libg_n.a(lib_a-findfp.o)
                0x08007320                __sf_fake_stdin
 .rodata.__sf_fake_stdout
                0x08007340       0x20 c:/program files (x86)/embitz/1.11/share/em_armgcc/bin/../lib/gcc/arm-none-eabi/5.4.1/../../../../arm-none-eabi/lib/armv7-m\libg_n.a(lib_a-findfp.o)
                0x08007340                __sf_fake_stdout
 .rodata.__sf_fake_stderr
                0x08007360       0x20 c:/program files (x86)/embitz/1.11/share/em_armgcc/bin/../lib/gcc/arm-none-eabi/5.4.1/../../../../arm-none-eabi/lib/armv7-m\libg_n.a(lib_a-findfp.o)
                0x08007360                __sf_fake_stderr
 .rodata.str1.1
                0x08007380        0x8 c:/program files (x86)/embitz/1.11/share/em_armgcc/bin/../lib/gcc/arm-none-eabi/5.4.1/../../../../arm-none-eabi/lib/armv7-m\libg_n.a(lib_a-locale.o)
                                  0xb (size before relaxing)
 .rodata.__mprec_tens
                0x08007388       0xc8 c:/program files (x86)/embitz/1.11/share/em_armgcc/bin/../lib/gcc/arm-none-eabi/5.4.1/../../../../arm-none-eabi/lib/armv7-m\libg_n.a(lib_a-mprec.o)
                0x08007388                __mprec_tens
 .rodata.p05.5408
                0x08007450        0xc c:/program files (x86)/embitz/1.11/share/em_armgcc/bin/../lib/gcc/arm-none-eabi/5.4.1/../../../../arm-none-eabi/lib/armv7-m\libg_n.a(lib_a-mprec.o)
 *fill*         0x0800745c        0x4 
 .rodata.__mprec_bigtens
                0x08007460       0x28 c:/program files (x86)/embitz/1.11/share/em_armgcc/bin/../lib/gcc/arm-none-eabi/5.4.1/../../../../arm-none-eabi/lib/armv7-m\libg_n.a(lib_a-mprec.o)
                0x08007460                __mprec_bigtens
 .rodata.str1.1
                0x08007488       0x11 c:/program files (x86)/embitz/1.11/share/em_armgcc/bin/../lib/gcc/arm-none-eabi/5.4.1/../../../../arm-none-eabi/lib/armv7-m\libg_n.a(lib_a-nano-vfprintf.o)
                0x0800749c                . = ALIGN (0x4)
 *fill*         0x08007499        0x3 

.glue_7         0x0800749c        0x0
 .glue_7        0x0800749c        0x0 linker stubs

.glue_7t        0x0800749c        0x0
 .glue_7t       0x0800749c        0x0 linker stubs

.vfp11_veneer   0x0800749c        0x0
 .vfp11_veneer  0x0800749c        0x0 linker stubs

.v4_bx          0x0800749c        0x0
 .v4_bx         0x0800749c        0x0 linker stubs

.iplt           0x0800749c        0x0
 .iplt          0x0800749c        0x0 obj\debug\libopencm3\lib\cm3\assert.o

.preinit_array  0x0800749c        0x0
                0x0800749c                . = ALIGN (0x4)
                0x0800749c                __preinit_array_start = .
 *(.preinit_array)
                0x0800749c                __preinit_array_end = .

.init_array     0x0800749c        0x0
                0x0800749c                . = ALIGN (0x4)
                0x0800749c                __init_array_start = .
 *(SORT(.init_array.*))
 *(.init_array)
                0x0800749c                __init_array_end = .

.fini_array     0x0800749c        0x0
                0x0800749c                . = ALIGN (0x4)
                0x0800749c                __fini_array_start = .
 *(.fini_array)
 *(SORT(.fini_array.*))
                0x0800749c                __fini_array_end = .

.ARM.extab
 *(.ARM.extab*)

.ARM.exidx      0x0800749c        0x8
                0x0800749c                __exidx_start = .
 *(.ARM.exidx*)
 .ARM.exidx     0x0800749c        0x8 c:/program files (x86)/embitz/1.11/share/em_armgcc/bin/../lib/gcc/arm-none-eabi/5.4.1/armv7-m\libgcc.a(_udivmoddi4.o)
                0x080074a4                __exidx_end = .

.rel.dyn        0x080074a4        0x0
 .rel.iplt      0x080074a4        0x0 obj\debug\libopencm3\lib\cm3\assert.o
                0x080074a4                . = ALIGN (0x4)
                0x080074a4                _etext = .

.data           0x20000000      0x138 load address 0x080074a4
                0x20000000                _data = .
 *(.data*)
 .data.rcc_ahb_frequency
                0x20000000        0x4 obj\debug\libopencm3\lib\stm32\f1\rcc.o
                0x20000000                rcc_ahb_frequency
 .data.rcc_apb1_frequency
                0x20000004        0x4 obj\debug\libopencm3\lib\stm32\f1\rcc.o
                0x20000004                rcc_apb1_frequency
 .data.rcc_apb2_frequency
                0x20000008        0x4 obj\debug\libopencm3\lib\stm32\f1\rcc.o
                0x20000008                rcc_apb2_frequency
 .data.key      0x2000000c       0x20 obj\debug\src\measure_touch_hid_usb_2016_11_29_9h00.o
                0x2000000c                key
 .data.GPIOA_CRL_mem
                0x2000002c        0x4 obj\debug\src\measure_touch_hid_usb_2016_11_29_9h00.o
                0x2000002c                GPIOA_CRL_mem
 .data.tim2_isr_channel_x_mem
                0x20000030       0x20 obj\debug\src\measure_touch_hid_usb_2016_11_29_9h00.o
                0x20000030                tim2_isr_channel_x_mem
 .data.tim2_isr_func
                0x20000050        0x4 obj\debug\src\measure_touch_hid_usb_2016_11_29_9h00.o
                0x20000050                tim2_isr_func
 .data.ADC1_JSQR_mem
                0x20000054       0x20 obj\debug\src\measure_touch_hid_usb_2016_11_29_9h00.o
                0x20000054                ADC1_JSQR_mem
 .data.TCNT_value_min
                0x20000074        0x4 obj\debug\src\measure_touch_hid_usb_2016_11_29_9h00.o
                0x20000074                TCNT_value_min
 .data.usb_strings
                0x20000078       0x20 obj\debug\src\usb_src\usb.o
 .data.__fdlib_version
                0x20000098        0x1 c:/program files (x86)/embitz/1.11/share/em_armgcc/bin/../lib/gcc/arm-none-eabi/5.4.1/../../../../arm-none-eabi/lib/armv7-m\libm.a(lib_a-s_lib_ver.o)
                0x20000098                __fdlib_version
 *fill*         0x20000099        0x3 
 .data.impure_data
                0x2000009c       0x60 c:/program files (x86)/embitz/1.11/share/em_armgcc/bin/../lib/gcc/arm-none-eabi/5.4.1/../../../../arm-none-eabi/lib/armv7-m\libg_n.a(lib_a-impure.o)
 .data._impure_ptr
                0x200000fc        0x4 c:/program files (x86)/embitz/1.11/share/em_armgcc/bin/../lib/gcc/arm-none-eabi/5.4.1/../../../../arm-none-eabi/lib/armv7-m\libg_n.a(lib_a-impure.o)
                0x200000fc                _impure_ptr
 .data.lconv    0x20000100       0x38 c:/program files (x86)/embitz/1.11/share/em_armgcc/bin/../lib/gcc/arm-none-eabi/5.4.1/../../../../arm-none-eabi/lib/armv7-m\libg_n.a(lib_a-locale.o)
                0x20000138                . = ALIGN (0x4)
                0x20000138                _edata = .
                0x080074a4                _data_loadaddr = LOADADDR (.data)

.igot.plt       0x20000138        0x0 load address 0x080075dc
 .igot.plt      0x20000138        0x0 obj\debug\libopencm3\lib\cm3\assert.o

.bss            0x20000200      0x65c load address 0x080075dc
 *(.bss*)
 .bss.TCNT_value_max
                0x20000200        0x4 obj\debug\src\measure_touch_hid_usb_2016_11_29_9h00.o
                0x20000200                TCNT_value_max
 .bss.step.7184
                0x20000204        0x4 obj\debug\src\measure_touch_hid_usb_2016_11_29_9h00.o
 .bss.TIM2_SR_mem
                0x20000208        0x4 obj\debug\src\measure_touch_hid_usb_2016_11_29_9h00.o
                0x20000208                TIM2_SR_mem
 .bss.lastMicros.7243
                0x2000020c        0x4 obj\debug\src\measure_touch_hid_usb_2016_11_29_9h00.o
 .bss.flag      0x20000210        0x4 obj\debug\src\measure_touch_hid_usb_2016_11_29_9h00.o
                0x20000210                flag
 .bss.count_TCNT
                0x20000214        0x4 obj\debug\src\measure_touch_hid_usb_2016_11_29_9h00.o
                0x20000214                count_TCNT
 .bss.last_cycle_count_64.7132
                0x20000218        0x8 obj\debug\src\measure_touch_hid_usb_2016_11_29_9h00.o
 .bss.system_ms
                0x20000220        0x4 obj\debug\src\usb_src\clock.o
 .bss.state     0x20000224        0x3 obj\debug\src\usb_src\extrakey.o
 .bss.extrakey_idle
                0x20000227        0x1 obj\debug\src\usb_src\extrakey.o
                0x20000227                extrakey_idle
 .bss.nkro_idle
                0x20000228        0x1 obj\debug\src\usb_src\keyboard.o
                0x20000228                nkro_idle
 .bss.nkro_active
                0x20000229        0x1 obj\debug\src\usb_src\keyboard.o
                0x20000229                nkro_active
 .bss.nkro_dirty
                0x2000022a        0x1 obj\debug\src\usb_src\keyboard.o
                0x2000022a                nkro_dirty
 .bss.keyboard_dirty
                0x2000022b        0x1 obj\debug\src\usb_src\keyboard.o
                0x2000022b                keyboard_dirty
 .bss.keyboard_active
                0x2000022c        0x1 obj\debug\src\usb_src\keyboard.o
                0x2000022c                keyboard_active
 .bss.keyboard_idle
                0x2000022d        0x1 obj\debug\src\usb_src\keyboard.o
                0x2000022d                keyboard_idle
 .bss.mouse_idle
                0x2000022e        0x1 obj\debug\src\usb_src\mouse.o
                0x2000022e                mouse_idle
 *fill*         0x2000022f        0x1 
 .bss.state     0x20000230        0x5 obj\debug\src\usb_src\mouse.o
 *fill*         0x20000235        0x3 
 .bss.input_ring
                0x20000238       0x10 obj\debug\src\usb_src\serial.o
 .bss.usb_ms    0x20000248        0x4 obj\debug\src\usb_src\usb.o
                0x20000248                usb_ms
 .bss.usbd_dev  0x2000024c        0x4 obj\debug\src\usb_src\usb.o
 .bss.__malloc_sbrk_start
                0x20000250        0x4 c:/program files (x86)/embitz/1.11/share/em_armgcc/bin/../lib/gcc/arm-none-eabi/5.4.1/../../../../arm-none-eabi/lib/armv7-m\libg_n.a(lib_a-nano-mallocr.o)
                0x20000250                __malloc_sbrk_start
 .bss.__malloc_free_list
                0x20000254        0x4 c:/program files (x86)/embitz/1.11/share/em_armgcc/bin/../lib/gcc/arm-none-eabi/5.4.1/../../../../arm-none-eabi/lib/armv7-m\libg_n.a(lib_a-nano-mallocr.o)
                0x20000254                __malloc_free_list
 .bss.heap_end.4167
                0x20000258        0x4 c:/program files (x86)/embitz/1.11/share/em_armgcc/bin/../lib/gcc/arm-none-eabi/5.4.1/../../../../arm-none-eabi/lib/armv7-m\libnosys_s.a(sbrk.o)
 *(COMMON)
 COMMON         0x2000025c      0x104 obj\debug\libopencm3\lib\stm32\common\st_usbfs_core.o
                0x2000025c                st_usbfs_force_nak
                0x20000264                st_usbfs_dev
 *fill*         0x20000360       0xa0 
 COMMON         0x20000400      0x350 obj\debug\src\measure_touch_hid_usb_2016_11_29_9h00.o
                0x20000400                sumTCNT_value
                0x20000404                channelData
                0x20000464                nkro_state
                0x20000484                keyboard_state
                0x20000600                VectorTableRAM
 COMMON         0x20000750        0x1 obj\debug\src\usb_src\serial.o
                0x20000750                serial_active
 *fill*         0x20000751        0x7 
 COMMON         0x20000758      0x100 obj\debug\src\usb_src\usb.o
                0x20000758                usbd_control_buffer
 COMMON         0x20000858        0x4 c:/program files (x86)/embitz/1.11/share/em_armgcc/bin/../lib/gcc/arm-none-eabi/5.4.1/../../../../arm-none-eabi/lib/armv7-m\libg_n.a(lib_a-reent.o)
                0x20000858                errno
                0x2000085c                . = ALIGN (0x4)
                0x2000085c                _ebss = .

/DISCARD/
 *(.eh_frame)
                0x2000085c                . = ALIGN (0x4)
                0x2000085c                end = .
                0x20005000                PROVIDE (_stack, (ORIGIN (ram) + LENGTH (ram)))
LOAD obj\debug\libopencm3\lib\cm3\assert.o
LOAD obj\debug\libopencm3\lib\cm3\dwt.o
LOAD obj\debug\libopencm3\lib\cm3\nvic.o
LOAD obj\debug\libopencm3\lib\cm3\scb.o
LOAD obj\debug\libopencm3\lib\cm3\sync.o
LOAD obj\debug\libopencm3\lib\cm3\systick.o
LOAD obj\debug\libopencm3\lib\cm3\vector.o
LOAD obj\debug\libopencm3\lib\dispatch\vector_chipset.o
LOAD obj\debug\libopencm3\lib\dispatch\vector_nvic.o
LOAD obj\debug\libopencm3\lib\stm32\can.o
LOAD obj\debug\libopencm3\lib\stm32\common\adc_common_v1.o
LOAD obj\debug\libopencm3\lib\stm32\common\crc_common_all.o
LOAD obj\debug\libopencm3\lib\stm32\common\dac_common_all.o
LOAD obj\debug\libopencm3\lib\stm32\common\dma_common_l1f013.o
LOAD obj\debug\libopencm3\lib\stm32\common\exti_common_all.o
LOAD obj\debug\libopencm3\lib\stm32\common\flash_common_f01.o
LOAD obj\debug\libopencm3\lib\stm32\common\gpio_common_all.o
LOAD obj\debug\libopencm3\lib\stm32\common\i2c_common_all.o
LOAD obj\debug\libopencm3\lib\stm32\common\iwdg_common_all.o
LOAD obj\debug\libopencm3\lib\stm32\common\pwr_common_all.o
LOAD obj\debug\libopencm3\lib\stm32\common\rcc_common_all.o
LOAD obj\debug\libopencm3\lib\stm32\common\spi_common_all.o
LOAD obj\debug\libopencm3\lib\stm32\common\spi_common_l1f124.o
LOAD obj\debug\libopencm3\lib\stm32\common\st_usbfs_core.o
LOAD obj\debug\libopencm3\lib\stm32\common\timer_common_all.o
LOAD obj\debug\libopencm3\lib\stm32\common\usart_common_all.o
LOAD obj\debug\libopencm3\lib\stm32\common\usart_common_f124.o
LOAD obj\debug\libopencm3\lib\stm32\desig.o
LOAD obj\debug\libopencm3\lib\stm32\f1\adc.o
LOAD obj\debug\libopencm3\lib\stm32\f1\crc.o
LOAD obj\debug\libopencm3\lib\stm32\f1\dac.o
LOAD obj\debug\libopencm3\lib\stm32\f1\dma.o
LOAD obj\debug\libopencm3\lib\stm32\f1\ethernet.o
LOAD obj\debug\libopencm3\lib\stm32\f1\flash.o
LOAD obj\debug\libopencm3\lib\stm32\f1\gpio.o
LOAD obj\debug\libopencm3\lib\stm32\f1\i2c.o
LOAD obj\debug\libopencm3\lib\stm32\f1\iwdg.o
LOAD obj\debug\libopencm3\lib\stm32\f1\pwr.o
LOAD obj\debug\libopencm3\lib\stm32\f1\rcc.o
LOAD obj\debug\libopencm3\lib\stm32\f1\rtc.o
LOAD obj\debug\libopencm3\lib\stm32\f1\spi.o
LOAD obj\debug\libopencm3\lib\stm32\f1\timer.o
LOAD obj\debug\libopencm3\lib\stm32\f1\usart.o
LOAD obj\debug\libopencm3\lib\stm32\f1\vector_nvic.o
LOAD obj\debug\libopencm3\lib\stm32\st_usbfs_v1.o
LOAD obj\debug\libopencm3\lib\usb\usb.o
LOAD obj\debug\libopencm3\lib\usb\usb_control.o
LOAD obj\debug\libopencm3\lib\usb\usb_msc.o
LOAD obj\debug\libopencm3\lib\usb\usb_standard.o
LOAD obj\debug\src\measure_touch_hid_usb_2016_11_29_9h00.o
LOAD obj\debug\src\usb_src\clock.o
LOAD obj\debug\src\usb_src\debug.o
LOAD obj\debug\src\usb_src\elog.o
LOAD obj\debug\src\usb_src\extrakey.o
LOAD obj\debug\src\usb_src\keyboard.o
LOAD obj\debug\src\usb_src\keymap.o
LOAD obj\debug\src\usb_src\mouse.o
LOAD obj\debug\src\usb_src\ring.o
LOAD obj\debug\src\usb_src\serial.o
LOAD obj\debug\src\usb_src\usb.o
LOAD c:/program files (x86)/embitz/1.11/share/em_armgcc/bin/../lib/gcc/arm-none-eabi/5.4.1/../../../../arm-none-eabi/lib/armv7-m\libm.a
LOAD c:/program files (x86)/embitz/1.11/share/em_armgcc/bin/../lib/gcc/arm-none-eabi/5.4.1/../../../../arm-none-eabi/lib/armv7-m\libm.a
START GROUP
LOAD c:/program files (x86)/embitz/1.11/share/em_armgcc/bin/../lib/gcc/arm-none-eabi/5.4.1/armv7-m\libgcc.a
LOAD c:/program files (x86)/embitz/1.11/share/em_armgcc/bin/../lib/gcc/arm-none-eabi/5.4.1/../../../../arm-none-eabi/lib/armv7-m\libg_n.a
LOAD c:/program files (x86)/embitz/1.11/share/em_armgcc/bin/../lib/gcc/arm-none-eabi/5.4.1/../../../../arm-none-eabi/lib/armv7-m\libc_n.a
END GROUP
START GROUP
LOAD c:/program files (x86)/embitz/1.11/share/em_armgcc/bin/../lib/gcc/arm-none-eabi/5.4.1/armv7-m\libgcc.a
LOAD c:/program files (x86)/embitz/1.11/share/em_armgcc/bin/../lib/gcc/arm-none-eabi/5.4.1/../../../../arm-none-eabi/lib/armv7-m\libc_n.a
LOAD c:/program files (x86)/embitz/1.11/share/em_armgcc/bin/../lib/gcc/arm-none-eabi/5.4.1/../../../../arm-none-eabi/lib/armv7-m\libnosys_s.a
END GROUP
OUTPUT(bin\Debug\Measure_touch_LOCM3.elf elf32-littlearm)

.debug_info     0x00000000    0x10ed1
 .debug_info    0x00000000       0xb7 obj\debug\libopencm3\lib\cm3\dwt.o
 .debug_info    0x000000b7      0x214 obj\debug\libopencm3\lib\cm3\nvic.o
 .debug_info    0x000002cb       0xd7 obj\debug\libopencm3\lib\cm3\scb.o
 .debug_info    0x000003a2      0x250 obj\debug\libopencm3\lib\cm3\systick.o
 .debug_info    0x000005f2      0x2a8 obj\debug\libopencm3\lib\cm3\vector.o
 .debug_info    0x0000089a      0x7b4 obj\debug\libopencm3\lib\stm32\common\adc_common_v1.o
 .debug_info    0x0000104e      0x681 obj\debug\libopencm3\lib\stm32\common\dma_common_l1f013.o
 .debug_info    0x000016cf      0x2d8 obj\debug\libopencm3\lib\stm32\common\flash_common_f01.o
 .debug_info    0x000019a7      0x22c obj\debug\libopencm3\lib\stm32\common\gpio_common_all.o
 .debug_info    0x00001bd3      0x318 obj\debug\libopencm3\lib\stm32\common\rcc_common_all.o
 .debug_info    0x00001eeb      0xeff obj\debug\libopencm3\lib\stm32\common\st_usbfs_core.o
 .debug_info    0x00002dea     0x1207 obj\debug\libopencm3\lib\stm32\common\timer_common_all.o
 .debug_info    0x00003ff1      0x4b2 obj\debug\libopencm3\lib\stm32\common\usart_common_all.o
 .debug_info    0x000044a3      0x332 obj\debug\libopencm3\lib\stm32\f1\adc.o
 .debug_info    0x000047d5      0x1dd obj\debug\libopencm3\lib\stm32\f1\gpio.o
 .debug_info    0x000049b2     0x1600 obj\debug\libopencm3\lib\stm32\f1\rcc.o
 .debug_info    0x00005fb2      0xc1a obj\debug\libopencm3\lib\stm32\st_usbfs_v1.o
 .debug_info    0x00006bcc      0xe0a obj\debug\libopencm3\lib\usb\usb.o
 .debug_info    0x000079d6      0xfdf obj\debug\libopencm3\lib\usb\usb_control.o
 .debug_info    0x000089b5     0x14fa obj\debug\libopencm3\lib\usb\usb_standard.o
 .debug_info    0x00009eaf     0x3457 obj\debug\src\measure_touch_hid_usb_2016_11_29_9h00.o
 .debug_info    0x0000d306      0x197 obj\debug\src\usb_src\clock.o
 .debug_info    0x0000d49d       0xcb obj\debug\src\usb_src\elog.o
 .debug_info    0x0000d568      0x3f8 obj\debug\src\usb_src\extrakey.o
 .debug_info    0x0000d960      0xb5d obj\debug\src\usb_src\keyboard.o
 .debug_info    0x0000e4bd      0x35b obj\debug\src\usb_src\mouse.o
 .debug_info    0x0000e818      0x399 obj\debug\src\usb_src\ring.o
 .debug_info    0x0000ebb1      0x2ab obj\debug\src\usb_src\serial.o
 .debug_info    0x0000ee5c     0x2075 obj\debug\src\usb_src\usb.o

.debug_abbrev   0x00000000     0x2f75
 .debug_abbrev  0x00000000       0x54 obj\debug\libopencm3\lib\cm3\dwt.o
 .debug_abbrev  0x00000054       0xa6 obj\debug\libopencm3\lib\cm3\nvic.o
 .debug_abbrev  0x000000fa       0x7c obj\debug\libopencm3\lib\cm3\scb.o
 .debug_abbrev  0x00000176      0x121 obj\debug\libopencm3\lib\cm3\systick.o
 .debug_abbrev  0x00000297      0x146 obj\debug\libopencm3\lib\cm3\vector.o
 .debug_abbrev  0x000003dd      0x142 obj\debug\libopencm3\lib\stm32\common\adc_common_v1.o
 .debug_abbrev  0x0000051f      0x11a obj\debug\libopencm3\lib\stm32\common\dma_common_l1f013.o
 .debug_abbrev  0x00000639      0x12f obj\debug\libopencm3\lib\stm32\common\flash_common_f01.o
 .debug_abbrev  0x00000768      0x10e obj\debug\libopencm3\lib\stm32\common\gpio_common_all.o
 .debug_abbrev  0x00000876      0x105 obj\debug\libopencm3\lib\stm32\common\rcc_common_all.o
 .debug_abbrev  0x0000097b      0x26d obj\debug\libopencm3\lib\stm32\common\st_usbfs_core.o
 .debug_abbrev  0x00000be8      0x17c obj\debug\libopencm3\lib\stm32\common\timer_common_all.o
 .debug_abbrev  0x00000d64      0x10f obj\debug\libopencm3\lib\stm32\common\usart_common_all.o
 .debug_abbrev  0x00000e73       0xef obj\debug\libopencm3\lib\stm32\f1\adc.o
 .debug_abbrev  0x00000f62       0xb7 obj\debug\libopencm3\lib\stm32\f1\gpio.o
 .debug_abbrev  0x00001019      0x273 obj\debug\libopencm3\lib\stm32\f1\rcc.o
 .debug_abbrev  0x0000128c      0x1c7 obj\debug\libopencm3\lib\stm32\st_usbfs_v1.o
 .debug_abbrev  0x00001453      0x23d obj\debug\libopencm3\lib\usb\usb.o
 .debug_abbrev  0x00001690      0x34e obj\debug\libopencm3\lib\usb\usb_control.o
 .debug_abbrev  0x000019de      0x41e obj\debug\libopencm3\lib\usb\usb_standard.o
 .debug_abbrev  0x00001dfc      0x545 obj\debug\src\measure_touch_hid_usb_2016_11_29_9h00.o
 .debug_abbrev  0x00002341      0x11b obj\debug\src\usb_src\clock.o
 .debug_abbrev  0x0000245c       0x71 obj\debug\src\usb_src\elog.o
 .debug_abbrev  0x000024cd      0x162 obj\debug\src\usb_src\extrakey.o
 .debug_abbrev  0x0000262f      0x1ef obj\debug\src\usb_src\keyboard.o
 .debug_abbrev  0x0000281e      0x145 obj\debug\src\usb_src\mouse.o
 .debug_abbrev  0x00002963      0x17b obj\debug\src\usb_src\ring.o
 .debug_abbrev  0x00002ade      0x151 obj\debug\src\usb_src\serial.o
 .debug_abbrev  0x00002c2f      0x346 obj\debug\src\usb_src\usb.o

.debug_aranges  0x00000000      0xf60
 .debug_aranges
                0x00000000       0x28 obj\debug\libopencm3\lib\cm3\dwt.o
 .debug_aranges
                0x00000028       0x60 obj\debug\libopencm3\lib\cm3\nvic.o
 .debug_aranges
                0x00000088       0x30 obj\debug\libopencm3\lib\cm3\scb.o
 .debug_aranges
                0x000000b8       0x78 obj\debug\libopencm3\lib\cm3\systick.o
 .debug_aranges
                0x00000130       0x30 obj\debug\libopencm3\lib\cm3\vector.o
 .debug_aranges
                0x00000160      0x148 obj\debug\libopencm3\lib\stm32\common\adc_common_v1.o
 .debug_aranges
                0x000002a8       0xe0 obj\debug\libopencm3\lib\stm32\common\dma_common_l1f013.o
 .debug_aranges
                0x00000388       0x88 obj\debug\libopencm3\lib\stm32\common\flash_common_f01.o
 .debug_aranges
                0x00000410       0x50 obj\debug\libopencm3\lib\stm32\common\gpio_common_all.o
 .debug_aranges
                0x00000460       0x48 obj\debug\libopencm3\lib\stm32\common\rcc_common_all.o
 .debug_aranges
                0x000004a8       0x68 obj\debug\libopencm3\lib\stm32\common\st_usbfs_core.o
 .debug_aranges
                0x00000510      0x270 obj\debug\libopencm3\lib\stm32\common\timer_common_all.o
 .debug_aranges
                0x00000780       0xb8 obj\debug\libopencm3\lib\stm32\common\usart_common_all.o
 .debug_aranges
                0x00000838       0x88 obj\debug\libopencm3\lib\stm32\f1\adc.o
 .debug_aranges
                0x000008c0       0x38 obj\debug\libopencm3\lib\stm32\f1\gpio.o
 .debug_aranges
                0x000008f8      0x160 obj\debug\libopencm3\lib\stm32\f1\rcc.o
 .debug_aranges
                0x00000a58       0x30 obj\debug\libopencm3\lib\stm32\st_usbfs_v1.o
 .debug_aranges
                0x00000a88       0x88 obj\debug\libopencm3\lib\usb\usb.o
 .debug_aranges
                0x00000b10       0x58 obj\debug\libopencm3\lib\usb\usb_control.o
 .debug_aranges
                0x00000b68       0x98 obj\debug\libopencm3\lib\usb\usb_standard.o
 .debug_aranges
                0x00000c00      0x120 obj\debug\src\measure_touch_hid_usb_2016_11_29_9h00.o
 .debug_aranges
                0x00000d20       0x40 obj\debug\src\usb_src\clock.o
 .debug_aranges
                0x00000d60       0x20 obj\debug\src\usb_src\elog.o
 .debug_aranges
                0x00000d80       0x30 obj\debug\src\usb_src\extrakey.o
 .debug_aranges
                0x00000db0       0x68 obj\debug\src\usb_src\keyboard.o
 .debug_aranges
                0x00000e18       0x30 obj\debug\src\usb_src\mouse.o
 .debug_aranges
                0x00000e48       0x58 obj\debug\src\usb_src\ring.o
 .debug_aranges
                0x00000ea0       0x30 obj\debug\src\usb_src\serial.o
 .debug_aranges
                0x00000ed0       0x90 obj\debug\src\usb_src\usb.o

.debug_ranges   0x00000000     0x1698
 .debug_ranges  0x00000000       0x18 obj\debug\libopencm3\lib\cm3\dwt.o
 .debug_ranges  0x00000018       0x50 obj\debug\libopencm3\lib\cm3\nvic.o
 .debug_ranges  0x00000068       0x20 obj\debug\libopencm3\lib\cm3\scb.o
 .debug_ranges  0x00000088       0x88 obj\debug\libopencm3\lib\cm3\systick.o
 .debug_ranges  0x00000110       0x20 obj\debug\libopencm3\lib\cm3\vector.o
 .debug_ranges  0x00000130      0x138 obj\debug\libopencm3\lib\stm32\common\adc_common_v1.o
 .debug_ranges  0x00000268       0xd0 obj\debug\libopencm3\lib\stm32\common\dma_common_l1f013.o
 .debug_ranges  0x00000338       0x78 obj\debug\libopencm3\lib\stm32\common\flash_common_f01.o
 .debug_ranges  0x000003b0       0x40 obj\debug\libopencm3\lib\stm32\common\gpio_common_all.o
 .debug_ranges  0x000003f0       0x38 obj\debug\libopencm3\lib\stm32\common\rcc_common_all.o
 .debug_ranges  0x00000428       0xf0 obj\debug\libopencm3\lib\stm32\common\st_usbfs_core.o
 .debug_ranges  0x00000518      0x260 obj\debug\libopencm3\lib\stm32\common\timer_common_all.o
 .debug_ranges  0x00000778       0xa8 obj\debug\libopencm3\lib\stm32\common\usart_common_all.o
 .debug_ranges  0x00000820       0x78 obj\debug\libopencm3\lib\stm32\f1\adc.o
 .debug_ranges  0x00000898       0x28 obj\debug\libopencm3\lib\stm32\f1\gpio.o
 .debug_ranges  0x000008c0      0x5f0 obj\debug\libopencm3\lib\stm32\f1\rcc.o
 .debug_ranges  0x00000eb0       0x20 obj\debug\libopencm3\lib\stm32\st_usbfs_v1.o
 .debug_ranges  0x00000ed0       0x90 obj\debug\libopencm3\lib\usb\usb.o
 .debug_ranges  0x00000f60       0x68 obj\debug\libopencm3\lib\usb\usb_control.o
 .debug_ranges  0x00000fc8      0x100 obj\debug\libopencm3\lib\usb\usb_standard.o
 .debug_ranges  0x000010c8      0x350 obj\debug\src\measure_touch_hid_usb_2016_11_29_9h00.o
 .debug_ranges  0x00001418       0x30 obj\debug\src\usb_src\clock.o
 .debug_ranges  0x00001448       0x10 obj\debug\src\usb_src\elog.o
 .debug_ranges  0x00001458       0x20 obj\debug\src\usb_src\extrakey.o
 .debug_ranges  0x00001478       0x80 obj\debug\src\usb_src\keyboard.o
 .debug_ranges  0x000014f8       0x20 obj\debug\src\usb_src\mouse.o
 .debug_ranges  0x00001518       0x98 obj\debug\src\usb_src\ring.o
 .debug_ranges  0x000015b0       0x20 obj\debug\src\usb_src\serial.o
 .debug_ranges  0x000015d0       0xc8 obj\debug\src\usb_src\usb.o

.debug_macro    0x00000000     0x7397
 .debug_macro   0x00000000       0x9c obj\debug\libopencm3\lib\cm3\dwt.o
 .debug_macro   0x0000009c      0x1b0 obj\debug\libopencm3\lib\cm3\dwt.o
 .debug_macro   0x0000024c       0x58 obj\debug\libopencm3\lib\cm3\dwt.o
 .debug_macro   0x000002a4      0x148 obj\debug\libopencm3\lib\cm3\dwt.o
 .debug_macro   0x000003ec       0xb4 obj\debug\libopencm3\lib\cm3\nvic.o
 .debug_macro   0x000004a0       0x64 obj\debug\libopencm3\lib\cm3\nvic.o
 .debug_macro   0x00000504      0x1a2 obj\debug\libopencm3\lib\cm3\nvic.o
 .debug_macro   0x000006a6      0x149 obj\debug\libopencm3\lib\cm3\scb.o
 .debug_macro   0x000007ef       0x4c obj\debug\libopencm3\lib\cm3\scb.o
 .debug_macro   0x0000083b       0x55 obj\debug\libopencm3\lib\cm3\scb.o
 .debug_macro   0x00000890       0x35 obj\debug\libopencm3\lib\cm3\scb.o
 .debug_macro   0x000008c5       0x9c obj\debug\libopencm3\lib\cm3\scb.o
 .debug_macro   0x00000961       0x16 obj\debug\libopencm3\lib\cm3\scb.o
 .debug_macro   0x00000977      0x10e obj\debug\libopencm3\lib\cm3\scb.o
 .debug_macro   0x00000a85       0x86 obj\debug\libopencm3\lib\cm3\scb.o
 .debug_macro   0x00000b0b       0x4a obj\debug\libopencm3\lib\cm3\scb.o
 .debug_macro   0x00000b55       0x52 obj\debug\libopencm3\lib\cm3\scb.o
 .debug_macro   0x00000ba7       0x1f obj\debug\libopencm3\lib\cm3\scb.o
 .debug_macro   0x00000bc6       0x43 obj\debug\libopencm3\lib\cm3\scb.o
 .debug_macro   0x00000c09       0x20 obj\debug\libopencm3\lib\cm3\scb.o
 .debug_macro   0x00000c29      0x187 obj\debug\libopencm3\lib\cm3\scb.o
 .debug_macro   0x00000db0      0x330 obj\debug\libopencm3\lib\cm3\scb.o
 .debug_macro   0x000010e0       0x22 obj\debug\libopencm3\lib\cm3\scb.o
 .debug_macro   0x00001102      0x3a1 obj\debug\libopencm3\lib\cm3\scb.o
 .debug_macro   0x000014a3       0x93 obj\debug\libopencm3\lib\cm3\systick.o
 .debug_macro   0x00001536       0x64 obj\debug\libopencm3\lib\cm3\systick.o
 .debug_macro   0x0000159a       0xd0 obj\debug\libopencm3\lib\cm3\vector.o
 .debug_macro   0x0000166a       0x6a obj\debug\libopencm3\lib\cm3\vector.o
 .debug_macro   0x000016d4       0xb9 obj\debug\libopencm3\lib\stm32\common\adc_common_v1.o
 .debug_macro   0x0000178d      0x449 obj\debug\libopencm3\lib\stm32\common\adc_common_v1.o
 .debug_macro   0x00001bd6      0x456 obj\debug\libopencm3\lib\stm32\common\adc_common_v1.o
 .debug_macro   0x0000202c       0xb4 obj\debug\libopencm3\lib\stm32\common\dma_common_l1f013.o
 .debug_macro   0x000020e0      0x4f5 obj\debug\libopencm3\lib\stm32\common\dma_common_l1f013.o
 .debug_macro   0x000025d5       0xb9 obj\debug\libopencm3\lib\stm32\common\flash_common_f01.o
 .debug_macro   0x0000268e       0xdc obj\debug\libopencm3\lib\stm32\common\flash_common_f01.o
 .debug_macro   0x0000276a       0x82 obj\debug\libopencm3\lib\stm32\common\flash_common_f01.o
 .debug_macro   0x000027ec       0xb9 obj\debug\libopencm3\lib\stm32\common\gpio_common_all.o
 .debug_macro   0x000028a5       0xcf obj\debug\libopencm3\lib\stm32\common\rcc_common_all.o
 .debug_macro   0x00002974      0x10e obj\debug\libopencm3\lib\stm32\common\st_usbfs_core.o
 .debug_macro   0x00002a82       0x3a obj\debug\libopencm3\lib\stm32\common\st_usbfs_core.o
 .debug_macro   0x00002abc      0x29e obj\debug\libopencm3\lib\stm32\common\st_usbfs_core.o
 .debug_macro   0x00002d5a       0x28 obj\debug\libopencm3\lib\stm32\common\st_usbfs_core.o
 .debug_macro   0x00002d82      0x19c obj\debug\libopencm3\lib\stm32\common\st_usbfs_core.o
 .debug_macro   0x00002f1e       0x10 obj\debug\libopencm3\lib\stm32\common\st_usbfs_core.o
 .debug_macro   0x00002f2e       0x1c obj\debug\libopencm3\lib\stm32\common\st_usbfs_core.o
 .debug_macro   0x00002f4a       0x10 obj\debug\libopencm3\lib\stm32\common\st_usbfs_core.o
 .debug_macro   0x00002f5a       0xd8 obj\debug\libopencm3\lib\stm32\common\timer_common_all.o
 .debug_macro   0x00003032      0xf8f obj\debug\libopencm3\lib\stm32\common\timer_common_all.o
 .debug_macro   0x00003fc1       0xdb obj\debug\libopencm3\lib\stm32\common\usart_common_all.o
 .debug_macro   0x0000409c       0x8e obj\debug\libopencm3\lib\stm32\common\usart_common_all.o
 .debug_macro   0x0000412a      0x273 obj\debug\libopencm3\lib\stm32\common\usart_common_all.o
 .debug_macro   0x0000439d       0xb9 obj\debug\libopencm3\lib\stm32\f1\adc.o
 .debug_macro   0x00004456       0xb9 obj\debug\libopencm3\lib\stm32\f1\gpio.o
 .debug_macro   0x0000450f       0xe0 obj\debug\libopencm3\lib\stm32\f1\rcc.o
 .debug_macro   0x000045ef      0x10e obj\debug\libopencm3\lib\stm32\st_usbfs_v1.o
 .debug_macro   0x000046fd      0x14a obj\debug\libopencm3\lib\usb\usb.o
 .debug_macro   0x00004847      0x16d obj\debug\libopencm3\lib\usb\usb.o
 .debug_macro   0x000049b4       0x10 obj\debug\libopencm3\lib\usb\usb.o
 .debug_macro   0x000049c4       0x35 obj\debug\libopencm3\lib\usb\usb.o
 .debug_macro   0x000049f9      0x196 obj\debug\libopencm3\lib\usb\usb.o
 .debug_macro   0x00004b8f      0x158 obj\debug\libopencm3\lib\usb\usb_control.o
 .debug_macro   0x00004ce7      0x14a obj\debug\libopencm3\lib\usb\usb_standard.o
 .debug_macro   0x00004e31      0x412 obj\debug\src\measure_touch_hid_usb_2016_11_29_9h00.o
 .debug_macro   0x00005243      0x14e obj\debug\src\measure_touch_hid_usb_2016_11_29_9h00.o
 .debug_macro   0x00005391      0x3a7 obj\debug\src\measure_touch_hid_usb_2016_11_29_9h00.o
 .debug_macro   0x00005738       0x16 obj\debug\src\measure_touch_hid_usb_2016_11_29_9h00.o
 .debug_macro   0x0000574e       0x97 obj\debug\src\measure_touch_hid_usb_2016_11_29_9h00.o
 .debug_macro   0x000057e5       0xf6 obj\debug\src\measure_touch_hid_usb_2016_11_29_9h00.o
 .debug_macro   0x000058db       0x10 obj\debug\src\measure_touch_hid_usb_2016_11_29_9h00.o
 .debug_macro   0x000058eb       0x10 obj\debug\src\measure_touch_hid_usb_2016_11_29_9h00.o
 .debug_macro   0x000058fb       0xb6 obj\debug\src\measure_touch_hid_usb_2016_11_29_9h00.o
 .debug_macro   0x000059b1       0x16 obj\debug\src\measure_touch_hid_usb_2016_11_29_9h00.o
 .debug_macro   0x000059c7      0x143 obj\debug\src\measure_touch_hid_usb_2016_11_29_9h00.o
 .debug_macro   0x00005b0a       0xde obj\debug\src\measure_touch_hid_usb_2016_11_29_9h00.o
 .debug_macro   0x00005be8       0x52 obj\debug\src\measure_touch_hid_usb_2016_11_29_9h00.o
 .debug_macro   0x00005c3a       0x1c obj\debug\src\measure_touch_hid_usb_2016_11_29_9h00.o
 .debug_macro   0x00005c56       0xd0 obj\debug\src\measure_touch_hid_usb_2016_11_29_9h00.o
 .debug_macro   0x00005d26       0x70 obj\debug\src\measure_touch_hid_usb_2016_11_29_9h00.o
 .debug_macro   0x00005d96       0x3a obj\debug\src\measure_touch_hid_usb_2016_11_29_9h00.o
 .debug_macro   0x00005dd0       0x11 obj\debug\src\measure_touch_hid_usb_2016_11_29_9h00.o
 .debug_macro   0x00005de1       0xe9 obj\debug\src\usb_src\clock.o
 .debug_macro   0x00005eca       0x6a obj\debug\src\usb_src\clock.o
 .debug_macro   0x00005f34      0x183 obj\debug\src\usb_src\elog.o
 .debug_macro   0x000060b7       0x58 obj\debug\src\usb_src\elog.o
 .debug_macro   0x0000610f      0x1d7 obj\debug\src\usb_src\extrakey.o
 .debug_macro   0x000062e6      0x100 obj\debug\src\usb_src\extrakey.o
 .debug_macro   0x000063e6      0x1ea obj\debug\src\usb_src\keyboard.o
 .debug_macro   0x000065d0       0xd0 obj\debug\src\usb_src\mouse.o
 .debug_macro   0x000066a0       0x72 obj\debug\src\usb_src\ring.o
 .debug_macro   0x00006712       0x16 obj\debug\src\usb_src\ring.o
 .debug_macro   0x00006728      0x1c9 obj\debug\src\usb_src\serial.o
 .debug_macro   0x000068f1       0x1c obj\debug\src\usb_src\serial.o
 .debug_macro   0x0000690d      0x31d obj\debug\src\usb_src\usb.o
 .debug_macro   0x00006c2a      0x1ba obj\debug\src\usb_src\usb.o
 .debug_macro   0x00006de4      0x298 obj\debug\src\usb_src\usb.o
 .debug_macro   0x0000707c       0x1c obj\debug\src\usb_src\usb.o
 .debug_macro   0x00007098       0x65 obj\debug\src\usb_src\usb.o