Archive member included because of file (symbol)

c:/program files (x86)/embitz/0.40/share/em_armgcc/bin/../lib/gcc/arm-none-eabi/4.8.4/../../../../arm-none-eabi/lib/armv7-m\libm.a(lib_a-w_sqrt.o)
                              obj\release\src\measure_touch_hid_usb_2016_11_29_9h00.o (sqrt)
c:/program files (x86)/embitz/0.40/share/em_armgcc/bin/../lib/gcc/arm-none-eabi/4.8.4/../../../../arm-none-eabi/lib/armv7-m\libm.a(lib_a-e_sqrt.o)
                              c:/program files (x86)/embitz/0.40/share/em_armgcc/bin/../lib/gcc/arm-none-eabi/4.8.4/../../../../arm-none-eabi/lib/armv7-m\libm.a(lib_a-w_sqrt.o) (__ieee754_sqrt)
c:/program files (x86)/embitz/0.40/share/em_armgcc/bin/../lib/gcc/arm-none-eabi/4.8.4/../../../../arm-none-eabi/lib/armv7-m\libm.a(lib_a-s_fpclassify.o)
                              c:/program files (x86)/embitz/0.40/share/em_armgcc/bin/../lib/gcc/arm-none-eabi/4.8.4/../../../../arm-none-eabi/lib/armv7-m\libm.a(lib_a-w_sqrt.o) (__fpclassifyd)
c:/program files (x86)/embitz/0.40/share/em_armgcc/bin/../lib/gcc/arm-none-eabi/4.8.4/../../../../arm-none-eabi/lib/armv7-m\libm.a(lib_a-s_lib_ver.o)
                              c:/program files (x86)/embitz/0.40/share/em_armgcc/bin/../lib/gcc/arm-none-eabi/4.8.4/../../../../arm-none-eabi/lib/armv7-m\libm.a(lib_a-w_sqrt.o) (__fdlib_version)
c:/program files (x86)/embitz/0.40/share/em_armgcc/bin/../lib/gcc/arm-none-eabi/4.8.4/../../../../arm-none-eabi/lib/armv7-m\libm.a(lib_a-s_matherr.o)
                              c:/program files (x86)/embitz/0.40/share/em_armgcc/bin/../lib/gcc/arm-none-eabi/4.8.4/../../../../arm-none-eabi/lib/armv7-m\libm.a(lib_a-w_sqrt.o) (matherr)
c:/program files (x86)/embitz/0.40/share/em_armgcc/bin/../lib/gcc/arm-none-eabi/4.8.4/armv7-m\libgcc.a(_arm_addsubdf3.o)
                              obj\release\src\measure_touch_hid_usb_2016_11_29_9h00.o (__aeabi_dsub)
c:/program files (x86)/embitz/0.40/share/em_armgcc/bin/../lib/gcc/arm-none-eabi/4.8.4/armv7-m\libgcc.a(_arm_muldivdf3.o)
                              obj\release\src\measure_touch_hid_usb_2016_11_29_9h00.o (__aeabi_dmul)
c:/program files (x86)/embitz/0.40/share/em_armgcc/bin/../lib/gcc/arm-none-eabi/4.8.4/armv7-m\libgcc.a(_arm_cmpdf2.o)
                              c:/program files (x86)/embitz/0.40/share/em_armgcc/bin/../lib/gcc/arm-none-eabi/4.8.4/../../../../arm-none-eabi/lib/armv7-m\libm.a(lib_a-w_sqrt.o) (__aeabi_dcmplt)
c:/program files (x86)/embitz/0.40/share/em_armgcc/bin/../lib/gcc/arm-none-eabi/4.8.4/armv7-m\libgcc.a(_arm_truncdfsf2.o)
                              obj\release\src\measure_touch_hid_usb_2016_11_29_9h00.o (__aeabi_d2f)
c:/program files (x86)/embitz/0.40/share/em_armgcc/bin/../lib/gcc/arm-none-eabi/4.8.4/armv7-m\libgcc.a(_arm_addsubsf3.o)
                              obj\release\src\measure_touch_hid_usb_2016_11_29_9h00.o (__aeabi_i2f)
c:/program files (x86)/embitz/0.40/share/em_armgcc/bin/../lib/gcc/arm-none-eabi/4.8.4/armv7-m\libgcc.a(_arm_muldivsf3.o)
                              obj\release\src\measure_touch_hid_usb_2016_11_29_9h00.o (__aeabi_fdiv)
c:/program files (x86)/embitz/0.40/share/em_armgcc/bin/../lib/gcc/arm-none-eabi/4.8.4/armv7-m\libgcc.a(_aeabi_uldivmod.o)
                              obj\release\src\measure_touch_hid_usb_2016_11_29_9h00.o (__aeabi_uldivmod)
c:/program files (x86)/embitz/0.40/share/em_armgcc/bin/../lib/gcc/arm-none-eabi/4.8.4/armv7-m\libgcc.a(bpabi.o)
                              c:/program files (x86)/embitz/0.40/share/em_armgcc/bin/../lib/gcc/arm-none-eabi/4.8.4/armv7-m\libgcc.a(_aeabi_uldivmod.o) (__gnu_uldivmod_helper)
c:/program files (x86)/embitz/0.40/share/em_armgcc/bin/../lib/gcc/arm-none-eabi/4.8.4/armv7-m\libgcc.a(_dvmd_tls.o)
                              c:/program files (x86)/embitz/0.40/share/em_armgcc/bin/../lib/gcc/arm-none-eabi/4.8.4/armv7-m\libgcc.a(_aeabi_uldivmod.o) (__aeabi_ldiv0)
c:/program files (x86)/embitz/0.40/share/em_armgcc/bin/../lib/gcc/arm-none-eabi/4.8.4/armv7-m\libgcc.a(_divdi3.o)
                              c:/program files (x86)/embitz/0.40/share/em_armgcc/bin/../lib/gcc/arm-none-eabi/4.8.4/armv7-m\libgcc.a(bpabi.o) (__divdi3)
c:/program files (x86)/embitz/0.40/share/em_armgcc/bin/../lib/gcc/arm-none-eabi/4.8.4/armv7-m\libgcc.a(_udivdi3.o)
                              c:/program files (x86)/embitz/0.40/share/em_armgcc/bin/../lib/gcc/arm-none-eabi/4.8.4/armv7-m\libgcc.a(bpabi.o) (__udivdi3)
c:/program files (x86)/embitz/0.40/share/em_armgcc/bin/../lib/gcc/arm-none-eabi/4.8.4/../../../../arm-none-eabi/lib/armv7-m\libg_n.a(lib_a-errno.o)
                              c:/program files (x86)/embitz/0.40/share/em_armgcc/bin/../lib/gcc/arm-none-eabi/4.8.4/../../../../arm-none-eabi/lib/armv7-m\libm.a(lib_a-w_sqrt.o) (__errno)
c:/program files (x86)/embitz/0.40/share/em_armgcc/bin/../lib/gcc/arm-none-eabi/4.8.4/../../../../arm-none-eabi/lib/armv7-m\libg_n.a(lib_a-impure.o)
                              obj\release\src\measure_touch_hid_usb_2016_11_29_9h00.o (_impure_ptr)
[...]
Memory Configuration

Name             Origin             Length             Attributes
rom              0x08000000         0x00010000         xr
ram              0x20000000         0x00005000         xrw
*default*        0x00000000         0xffffffff

Linker script and memory map

                0x00000000                __HEAP_SIZE = 0x0
                0x00000100                __STACK_SIZE = 0x100

.text           0x08000000     0x9f2c
 *(.vectors)
 .vectors       0x08000000      0x150 obj\release\libopencm3\lib\cm3\vector.o
                0x08000000                vector_table
 *(.text*)
 .text          0x08000150        0xc obj\release\libopencm3\lib\cm3\assert.o
                0x08000150                cm3_assert_failed
                0x08000154                cm3_assert_failed_verbose
 .text          0x0800015c       0x48 obj\release\libopencm3\lib\cm3\dwt.o
                0x0800015c                dwt_enable_cycle_counter
                0x08000190                dwt_read_cycle_counter
 .text          0x080001a4      0x108 obj\release\libopencm3\lib\cm3\nvic.o
                0x080001a4                nvic_enable_irq
                0x080001c0                nvic_disable_irq
                0x080001d8                nvic_get_pending_irq
                0x080001fc                nvic_set_pending_irq
                0x08000218                nvic_clear_pending_irq
                0x08000230                nvic_get_irq_enabled
                0x08000254                nvic_set_priority
                0x08000274                nvic_get_active_irq
                0x08000298                nvic_generate_software_interrupt
 .text          0x080002ac       0x34 obj\release\libopencm3\lib\cm3\scb.o
                0x080002ac                scb_reset_core
                0x080002bc                scb_reset_system
                0x080002cc                scb_set_priority_grouping
 .text          0x080002e0       0xfc obj\release\libopencm3\lib\cm3\systick.o
                0x080002e0                systick_set_reload
                0x080002f0                systick_get_reload
                0x08000300                systick_set_frequency
                0x08000348                systick_get_value
                0x08000358                systick_set_clocksource
                0x08000370                systick_interrupt_enable
                0x08000380                systick_interrupt_disable
                0x08000390                systick_counter_enable
                0x080003a0                systick_counter_disable
                0x080003b0                systick_get_countflag
                0x080003c0                systick_clear
                0x080003cc                systick_get_calib
 .text          0x080003dc       0xc0 obj\release\libopencm3\lib\cm3\vector.o
                0x080003dc                exti1_isr
                0x080003dc                usart3_isr
                0x080003dc                rtc_isr
                0x080003dc                tim7_isr
                0x080003dc                adc1_2_isr
                0x080003dc                tim1_trg_com_isr
                0x080003dc                usb_hp_can_tx_isr
                0x080003dc                tim6_isr
                0x080003dc                blocking_handler
                0x080003dc                tim5_isr
                0x080003dc                otg_fs_isr
                0x080003dc                spi1_isr
                0x080003dc                dma1_channel6_isr
                0x080003dc                exti2_isr
                0x080003dc                spi3_isr
                0x080003dc                can_rx1_isr
                0x080003dc                dma1_channel5_isr
                0x080003dc                dma2_channel5_isr
                0x080003dc                usart1_isr
                0x080003dc                usage_fault_handler
                0x080003dc                tim8_trg_com_isr
                0x080003dc                can2_rx0_isr
                0x080003dc                tim1_brk_isr
                0x080003dc                can2_rx1_isr
                0x080003dc                tim1_cc_isr
                0x080003dc                sdio_isr
                0x080003dc                eth_isr
                0x080003dc                dma1_channel4_isr
                0x080003dc                tim8_brk_isr
                0x080003dc                dma2_channel4_5_isr
                0x080003dc                pvd_isr
                0x080003dc                dma1_channel3_isr
                0x080003dc                rcc_isr
                0x080003dc                flash_isr
                0x080003dc                uart4_isr
                0x080003dc                rtc_alarm_isr
                0x080003dc                exti15_10_isr
                0x080003dc                hard_fault_handler
                0x080003dc                exti0_isr
                0x080003dc                i2c1_ev_isr
                0x080003dc                dma2_channel1_isr
                0x080003dc                wwdg_isr
                0x080003dc                spi2_isr
                0x080003dc                tim8_up_isr
                0x080003dc                dma2_channel2_isr
                0x080003dc                bus_fault_handler
                0x080003dc                adc3_isr
                0x080003dc                exti3_isr
                0x080003dc                tim3_isr
                0x080003dc                usart2_isr
                0x080003dc                i2c2_er_isr
                0x080003dc                i2c2_ev_isr
                0x080003dc                uart5_isr
                0x080003dc                fsmc_isr
                0x080003dc                dma1_channel1_isr
                0x080003dc                exti4_isr
                0x080003dc                mem_manage_handler
                0x080003dc                can2_tx_isr
                0x080003dc                exti9_5_isr
                0x080003dc                dma2_channel3_isr
                0x080003dc                dma1_channel7_isr
                0x080003dc                tim1_up_isr
                0x080003dc                can2_sce_isr
                0x080003dc                tim4_isr
                0x080003dc                dma1_channel2_isr
                0x080003dc                i2c1_er_isr
                0x080003dc                can_sce_isr
                0x080003dc                eth_wkup_isr
                0x080003dc                tim8_cc_isr
                0x080003dc                tamper_isr
                0x080003e0                debug_monitor_handler
                0x080003e0                pend_sv_handler
                0x080003e0                sv_call_handler
                0x080003e0                null_handler
                0x080003e0                nmi_handler
                0x080003e4                reset_handler
 .text          0x0800049c      0x2c0 obj\release\libopencm3\lib\stm32\common\adc_common_v1.o
                0x0800049c                adc_power_off
                0x080004a8                adc_enable_analog_watchdog_regular
                0x080004b4                adc_disable_analog_watchdog_regular
                0x080004c0                adc_enable_analog_watchdog_injected
                0x080004cc                adc_disable_analog_watchdog_injected
                0x080004d8                adc_enable_discontinuous_mode_regular
                0x080004f0                adc_disable_discontinuous_mode_regular
                0x080004fc                adc_enable_discontinuous_mode_injected
                0x08000508                adc_disable_discontinuous_mode_injected
                0x08000514                adc_enable_automatic_injected_group_conversion
                0x08000528                adc_disable_automatic_injected_group_conversion
                0x08000534                adc_enable_analog_watchdog_on_all_channels
                0x08000540                adc_enable_analog_watchdog_on_selected_channel
                0x08000558                adc_enable_scan_mode
                0x08000564                adc_disable_scan_mode
                0x08000570                adc_enable_eoc_interrupt_injected
                0x0800057c                adc_disable_eoc_interrupt_injected
                0x08000588                adc_enable_awd_interrupt
                0x08000594                adc_disable_awd_interrupt
                0x080005a0                adc_enable_eoc_interrupt
                0x080005ac                adc_disable_eoc_interrupt
                0x080005b8                adc_set_left_aligned
                0x080005c4                adc_set_right_aligned
                0x080005d0                adc_eoc
                0x080005d8                adc_eoc_injected
                0x080005e0                adc_read_regular
                0x080005e4                adc_read_injected
                0x08000608                adc_set_continuous_conversion_mode
                0x08000614                adc_set_single_conversion_mode
                0x08000620                adc_set_watchdog_high_threshold
                0x08000628                adc_set_watchdog_low_threshold
                0x08000630                adc_set_regular_sequence
                0x080006c0                adc_set_injected_sequence
                0x080006fc                adc_set_injected_offset
                0x0800071c                adc_start_conversion_regular
                0x08000730                adc_start_conversion_injected
                0x08000744                adc_enable_dma
                0x08000750                adc_disable_dma
 .text          0x0800075c      0x224 obj\release\libopencm3\lib\stm32\common\dma_common_l1f013.o
                0x0800075c                dma_channel_reset
                0x08000784                dma_clear_interrupt_flags
                0x08000790                dma_get_interrupt_flag
                0x080007a4                dma_enable_mem2mem_mode
                0x080007c0                dma_set_priority
                0x080007dc                dma_set_memory_size
                0x080007f8                dma_set_peripheral_size
                0x08000814                dma_enable_memory_increment_mode
                0x08000828                dma_disable_memory_increment_mode
                0x0800083c                dma_enable_peripheral_increment_mode
                0x08000850                dma_disable_peripheral_increment_mode
                0x08000864                dma_enable_circular_mode
                0x08000880                dma_set_read_from_peripheral
                0x08000894                dma_set_read_from_memory
                0x080008a8                dma_enable_transfer_error_interrupt
                0x080008bc                dma_disable_transfer_error_interrupt
                0x080008d0                dma_enable_half_transfer_interrupt
                0x080008e4                dma_disable_half_transfer_interrupt
                0x080008f8                dma_enable_transfer_complete_interrupt
                0x0800090c                dma_disable_transfer_complete_interrupt
                0x08000920                dma_enable_channel
                0x08000934                dma_disable_channel
                0x08000948                dma_set_peripheral_address
                0x0800095c                dma_set_memory_address
                0x08000970                dma_set_number_of_data
 .text          0x08000980      0x190 obj\release\libopencm3\lib\stm32\common\flash_common_f01.o
                0x08000980                flash_prefetch_buffer_enable
                0x08000990                flash_prefetch_buffer_disable
                0x080009a0                flash_set_ws
                0x080009b4                flash_unlock
                0x080009e0                flash_lock
                0x080009f0                flash_clear_pgerr_flag
                0x08000a00                flash_clear_eop_flag
                0x08000a10                flash_clear_wrprterr_flag
                0x08000a20                flash_clear_bsy_flag
                0x08000a30                flash_wait_for_last_operation
                0x08000a3c                flash_program_word
                0x08000a54                flash_unlock_option_bytes
                0x08000a6c                flash_erase_option_bytes
                0x08000ac0                flash_program_option_bytes
 .text          0x08000b10       0x40 obj\release\libopencm3\lib\stm32\common\gpio_common_all.o
                0x08000b10                gpio_set
                0x08000b14                gpio_clear
                0x08000b1c                gpio_get
                0x08000b24                gpio_toggle
                0x08000b34                gpio_port_read
                0x08000b3c                gpio_port_write
                0x08000b40                gpio_port_config_lock
 .text          0x08000b50       0xd8 obj\release\libopencm3\lib\stm32\common\rcc_common_all.o
                0x08000b50                rcc_peripheral_enable_clock
                0x08000b58                rcc_peripheral_disable_clock
                0x08000b64                rcc_peripheral_reset
                0x08000b6c                rcc_peripheral_clear_reset
                0x08000b78                rcc_periph_clock_enable
                0x08000b94                rcc_periph_clock_disable
                0x08000bb4                rcc_periph_reset_pulse
                0x08000bd8                rcc_periph_reset_hold
                0x08000bf4                rcc_periph_reset_release
                0x08000c14                rcc_set_mco
 .text          0x08000c28      0x5e0 obj\release\libopencm3\lib\stm32\common\st_usbfs_core.o
                0x08000c28                st_usbfs_set_address
                0x08000c38                st_usbfs_set_ep_rx_bufsize
                0x08000c88                st_usbfs_ep_setup
                0x08000dec                st_usbfs_endpoints_reset
                0x08000e34                st_usbfs_ep_stall_set
                0x08000f18                st_usbfs_ep_stall_get
                0x08000f54                st_usbfs_ep_nak_set
                0x08000fc8                st_usbfs_ep_write_packet
                0x08001058                st_usbfs_ep_read_packet
                0x08001120                st_usbfs_poll
 .text          0x08001208      0xc3c obj\release\libopencm3\lib\stm32\common\timer_common_all.o
                0x08001208                timer_reset
                0x08001298                timer_enable_irq
                0x080012a0                timer_disable_irq
                0x080012ac                timer_interrupt_source
                0x080012e4                timer_get_flag
                0x080012f0                timer_clear_flag
                0x080012f8                timer_set_mode
                0x08001310                timer_set_clock_division
                0x08001324                timer_enable_preload
                0x08001330                timer_disable_preload
                0x0800133c                timer_set_alignment
                0x08001350                timer_direction_up
                0x0800135c                timer_direction_down
                0x08001368                timer_one_shot_mode
                0x08001374                timer_continuous_mode
                0x08001380                timer_update_on_any
                0x0800138c                timer_update_on_overflow
                0x08001398                timer_enable_update_event
                0x080013a4                timer_disable_update_event
                0x080013b0                timer_enable_counter
                0x080013bc                timer_disable_counter
                0x080013c8                timer_set_output_idle_state
                0x080013e8                timer_reset_output_idle_state
                0x0800140c                timer_set_ti1_ch123_xor
                0x08001418                timer_set_ti1_ch1
                0x08001424                timer_set_master_mode
                0x08001434                timer_set_dma_on_compare_event
                0x08001440                timer_set_dma_on_update_event
                0x0800144c                timer_enable_compare_control_update_on_trigger
                0x0800146c                timer_disable_compare_control_update_on_trigger
                0x0800148c                timer_enable_preload_complementry_enable_bits
                0x080014ac                timer_disable_preload_complementry_enable_bits
                0x080014cc                timer_set_prescaler
                0x080014d0                timer_set_repetition_counter
                0x080014e8                timer_set_period
                0x080014ec                timer_enable_oc_clear
                0x08001524                timer_disable_oc_clear
                0x0800155c                timer_set_oc_fast_mode
                0x08001594                timer_set_oc_slow_mode
                0x080015cc                timer_set_oc_mode
                0x080017b4                timer_enable_oc_preload
                0x080017ec                timer_disable_oc_preload
                0x08001824                timer_set_oc_polarity_high
                0x08001898                timer_set_oc_polarity_low
                0x0800190c                timer_enable_oc_output
                0x08001980                timer_disable_oc_output
                0x080019f4                timer_set_oc_idle_state_set
                0x08001a60                timer_set_oc_idle_state_unset
                0x08001acc                timer_set_oc_value
                0x08001aec                timer_enable_break_main_output
                0x08001b0c                timer_disable_break_main_output
                0x08001b2c                timer_enable_break_automatic_output
                0x08001b4c                timer_disable_break_automatic_output
                0x08001b6c                timer_set_break_polarity_high
                0x08001b8c                timer_set_break_polarity_low
                0x08001bac                timer_enable_break
                0x08001bcc                timer_disable_break
                0x08001bec                timer_set_enabled_off_state_in_run_mode
                0x08001c0c                timer_set_disabled_off_state_in_run_mode
                0x08001c2c                timer_set_enabled_off_state_in_idle_mode
                0x08001c4c                timer_set_disabled_off_state_in_idle_mode
                0x08001c6c                timer_set_break_lock
                0x08001c88                timer_set_deadtime
                0x08001ca4                timer_generate_event
                0x08001cac                timer_get_counter
                0x08001cb0                timer_set_counter
                0x08001cb4                timer_ic_set_filter
                0x08001d08                timer_ic_set_prescaler
                0x08001d5c                timer_ic_set_input
                0x08001dc4                timer_ic_enable
                0x08001dd4                timer_ic_disable
                0x08001de8                timer_slave_set_filter
                0x08001dfc                timer_slave_set_prescaler
                0x08001e10                timer_slave_set_polarity
                0x08001e24                timer_slave_set_mode
                0x08001e34                timer_slave_set_trigger
 .text          0x08001e44      0x128 obj\release\libopencm3\lib\stm32\common\usart_common_all.o
                0x08001e44                usart_set_baudrate
                0x08001e6c                usart_set_databits
                0x08001e80                usart_set_stopbits
                0x08001e8c                usart_set_parity
                0x08001e98                usart_set_mode
                0x08001ea4                usart_set_flow_control
                0x08001eb0                usart_enable
                0x08001ebc                usart_disable
                0x08001ec8                usart_send_blocking
                0x08001ee0                usart_recv_blocking
                0x08001ef4                usart_enable_rx_dma
                0x08001f00                usart_disable_rx_dma
                0x08001f0c                usart_enable_tx_dma
                0x08001f18                usart_disable_tx_dma
                0x08001f24                usart_enable_rx_interrupt
                0x08001f30                usart_disable_rx_interrupt
                0x08001f3c                usart_enable_tx_interrupt
                0x08001f48                usart_disable_tx_interrupt
                0x08001f54                usart_enable_error_interrupt
                0x08001f60                usart_disable_error_interrupt
 .text          0x08001f6c       0x5c obj\release\libopencm3\lib\stm32\common\usart_common_f124.o
                0x08001f6c                usart_send
                0x08001f74                usart_recv
                0x08001f7c                usart_wait_send_ready
                0x08001f84                usart_wait_recv_ready
                0x08001f8c                usart_get_flag
                0x08001f98                usart_get_interrupt_source
 .text          0x08001fc8      0x128 obj\release\libopencm3\lib\stm32\f1\adc.o
                0x08001fc8                adc_power_on
                0x08001fd8                adc_start_conversion_direct
                0x08001fe8                adc_set_dual_mode
                0x08001ff8                adc_enable_temperature_sensor
                0x08002004                adc_disable_temperature_sensor
                0x08002010                adc_enable_external_trigger_regular
                0x08002024                adc_disable_external_trigger_regular
                0x08002030                adc_enable_external_trigger_injected
                0x08002044                adc_disable_external_trigger_injected
                0x08002050                adc_reset_calibration
                0x08002064                adc_calibration
                0x08002078                adc_on
                0x08002084                adc_set_sample_time
                0x080020c0                adc_set_sample_time_on_all_channels
 .text          0x080020f0      0x32c obj\release\libopencm3\lib\stm32\f1\flash.o
                0x080020f0                flash_halfcycle_enable
                0x08002100                flash_halfcycle_disable
                0x08002110                flash_unlock_upper
                0x0800214c                flash_lock_upper
                0x0800215c                flash_clear_pgerr_flag_upper
                0x0800217c                flash_clear_eop_flag_upper
                0x0800219c                flash_clear_wrprterr_flag_upper
                0x080021bc                flash_clear_bsy_flag_upper
                0x080021dc                flash_clear_status_flags
                0x0800225c                flash_get_status_flags
                0x08002284                flash_program_half_word
                0x08002318                flash_erase_page
                0x080023d0                flash_erase_all_pages
 .text          0x0800241c       0xb8 obj\release\libopencm3\lib\stm32\f1\gpio.o
                0x0800241c                gpio_set_mode
                0x080024a0                gpio_set_eventout
                0x080024b0                gpio_primary_remap
                0x080024c4                gpio_secondary_remap
 .text          0x080024d4      0xb14 obj\release\libopencm3\lib\stm32\f1\rcc.o
                0x080024e4                rcc_osc_ready_int_clear
                0x0800254c                rcc_osc_ready_int_enable
                0x080025b4                rcc_osc_ready_int_disable
                0x0800261c                rcc_osc_ready_int_flag
                0x0800267c                rcc_css_int_clear
                0x0800268c                rcc_css_int_flag
                0x0800269c                rcc_wait_for_osc_ready
                0x08002700                rcc_osc_on
                0x08002768                rcc_osc_off
                0x080027d8                rcc_css_enable
                0x080027e8                rcc_css_disable
                0x080027f8                rcc_osc_bypass_enable
                0x08002824                rcc_osc_bypass_disable
                0x08002850                rcc_set_sysclk_source
                0x08002864                rcc_set_pll_multiplication_factor
                0x08002878                rcc_set_pll2_multiplication_factor
                0x0800288c                rcc_set_pll3_multiplication_factor
                0x080028a0                rcc_set_pll_source
                0x080028b4                rcc_set_pllxtpre
                0x080028c8                rcc_rtc_clock_enabled_flag
                0x080028d8                rcc_enable_rtc_clock
                0x080028e8                rcc_set_rtc_clock_source
                0x08002984                rcc_set_adcpre
                0x08002998                rcc_set_ppre2
                0x080029ac                rcc_set_ppre1
                0x080029c0                rcc_set_hpre
                0x080029d4                rcc_set_usbpre
                0x080029f0                rcc_set_prediv1
                0x08002a04                rcc_set_prediv2
                0x08002a18                rcc_set_prediv1_source
                0x08002a34                rcc_system_clock_source
                0x08002a44                rcc_clock_setup_in_hsi_out_64mhz
                0x08002adc                rcc_clock_setup_in_hsi_out_48mhz
                0x08002b7c                rcc_clock_setup_in_hsi_out_24mhz
                0x08002c08                rcc_clock_setup_in_hse_8mhz_out_24mhz
                0x08002cb4                rcc_clock_setup_in_hse_8mhz_out_72mhz
                0x08002d6c                rcc_clock_setup_in_hse_12mhz_out_72mhz
                0x08002e28                rcc_clock_setup_in_hse_16mhz_out_72mhz
                0x08002ee4                rcc_clock_setup_in_hse_25mhz_out_72mhz
                0x08002fd0                rcc_backupdomain_reset
 .text          0x08002fe8       0x94 obj\release\libopencm3\lib\stm32\st_usbfs_v1.o
                0x0800301c                st_usbfs_copy_to_pm
                0x08003044                st_usbfs_copy_from_pm
 .text          0x0800307c      0x10c obj\release\libopencm3\lib\usb\usb.o
                0x0800307c                usbd_init
                0x080030d8                usbd_register_reset_callback
                0x080030dc                usbd_register_suspend_callback
                0x080030e0                usbd_register_resume_callback
                0x080030e4                usbd_register_sof_callback
                0x080030e8                _usbd_reset
                0x0800311c                usbd_poll
                0x08003128                usbd_disconnect
                0x08003138                usbd_ep_setup
                0x0800314c                usbd_ep_write_packet
                0x08003158                usbd_ep_read_packet
                0x08003164                usbd_ep_stall_set
                0x08003170                usbd_ep_stall_get
                0x0800317c                usbd_ep_nak_set
 .text          0x08003188      0x308 obj\release\libopencm3\lib\usb\usb_control.o
                0x08003304                usbd_register_control_callback
                0x08003334                _usbd_control_setup
                0x08003394                _usbd_control_out
                0x08003434                _usbd_control_in
 .text          0x08003490      0x5e4 obj\release\libopencm3\lib\usb\usb_standard.o
                0x08003970                usbd_register_set_config_callback
                0x0800399c                usbd_register_set_altsetting_callback
                0x080039a4                _usbd_standard_request_device
                0x080039c4                _usbd_standard_request_interface
                0x080039e4                _usbd_standard_request_endpoint
                0x08003a1c                _usbd_standard_request
 *fill*         0x08003a74        0xc 
 .text          0x08003a80     0x1200 obj\release\src\measure_touch_hid_usb_2016_11_29_9h00.o
                0x08003a80                tim2_isr_channel_7
                0x08003b20                tim2_isr_channel_6
                0x08003ba0                tim2_isr_channel_5
                0x08003c20                tim2_isr_channel_4
                0x08003ca0                tim2_isr_channel_3
                0x08003d20                tim2_isr_channel_2
                0x08003da0                tim2_isr_channel_1
                0x08003e20                tim2_isr_channel_0
                0x08003ea0                tim2_isr
                0x08003eb0                keyboard_event_touch
                0x08003f10                delay_us
                0x08003f2c                delay_ms
                0x08003f40                dwt_CycleCount64
                0x08003f60                dwt_Millis
                0x08003f94                dwt_Micros
                0x08003fc4                RCC_Config
                0x08004024                GPIO_Config
                0x080040d0                UART1_Init_A9A10
                0x08004158                usb_wakeup_isr
                0x0800416c                usb_lp_can_rx0_isr
                0x08004180                DMAchannel4_config
                0x08004200                DMAchannel2_TIM2_UP_config
                0x08004288                DMAchannel7_TIM2_CH2_config
                0x08004310                DMAchannel5_TIM2_CH1_config
                0x08004398                DMAchannel1_TIM2_CH3_config
                0x08004420                ADC_Config
                0x080044a8                NVIC_Congfig
                0x080044e0                TIM2_Config
                0x0800454c                DMA_Wait
                0x08004590                Do_TB_PS_delta
                0x080049e8                BaselineCalibrate
                0x08004b1c                PrintADC1Info
                0x08004bd4                PrintSystemInfo
 .text.startup  0x08004c80       0x9c obj\release\src\measure_touch_hid_usb_2016_11_29_9h00.o
                0x08004c80                main
 .text          0x08004d1c       0x74 obj\release\src\usb_src\clock.o
                0x08004d1c                sys_tick_handler
                0x08004d2c                clock_init
                0x08004d64                clock_now
                0x08004d70                timer_set
                0x08004d7c                timer_passed
 .text          0x08004d90        0x4 obj\release\src\usb_src\elog.o
                0x08004d90                elog_start
 .text          0x08004d94       0xa0 obj\release\src\usb_src\extrakey.o
                0x08004d94                extrakey_report
                0x08004d9c                extrakey_consumer_event
                0x08004de8                extrakey_system_event
 .text          0x08004e34      0x260 obj\release\src\usb_src\keyboard.o
                0x08004e34                keyboard_set_protocol
                0x08004e44                keyboard_get_protocol
                0x08004e4c                keyboard_report
                0x08004e54                nkro_report
                0x08004e5c                keyboard_set_leds
                0x08004e60                keyboard_add_key
                0x08004ed0                keyboard_del_key
                0x08004f40                keyboard_add_modifier
                0x08004f88                keyboard_del_modifier
                0x08004fd4                keyboard_event
 .text          0x08005094       0x5c obj\release\src\usb_src\mouse.o
                0x08005094                mouse_report
                0x0800509c                mouse_event
                0x080050c4                wheel_event
 .text          0x080050f0      0x174 obj\release\src\usb_src\ring.o
                0x080050f0                ring_init
                0x080050fc                ring_write_ch
                0x08005134                ring_write
                0x08005198                ring_read_ch
                0x080051c8                ring_read
                0x08005220                ring_read_contineous
                0x0800524c                ring_mark
                0x08005250                ring_marklen
 .text          0x08005264       0x90 obj\release\src\usb_src\serial.o
                0x08005264                serial_init
                0x08005270                serial_in
                0x080052b8                serial_out
 .text          0x080052f4      0x41c obj\release\src\usb_src\usb.o
                0x080055e4                cdcacm_data_rx_cb
                0x08005600                usb_update_keyboard
                0x08005614                usb_update_mouse
                0x08005628                usb_update_extrakey
                0x0800563c                usb_update_nkro
                0x08005650                usb_now
                0x0800565c                usb_init
                0x080056ec                usb_poll
                0x080056f8                cdcacm_data_wx
 .text.sqrt     0x08005710       0xac c:/program files (x86)/embitz/0.40/share/em_armgcc/bin/../lib/gcc/arm-none-eabi/4.8.4/../../../../arm-none-eabi/lib/armv7-m\libm.a(lib_a-w_sqrt.o)
                0x08005710                sqrt
 .text.__ieee754_sqrt
                0x080057bc      0x180 c:/program files (x86)/embitz/0.40/share/em_armgcc/bin/../lib/gcc/arm-none-eabi/4.8.4/../../../../arm-none-eabi/lib/armv7-m\libm.a(lib_a-e_sqrt.o)
                0x080057bc                __ieee754_sqrt
 .text.__fpclassifyd
                0x0800593c       0x50 c:/program files (x86)/embitz/0.40/share/em_armgcc/bin/../lib/gcc/arm-none-eabi/4.8.4/../../../../arm-none-eabi/lib/armv7-m\libm.a(lib_a-s_fpclassify.o)
                0x0800593c                __fpclassifyd
 .text.matherr  0x0800598c        0x4 c:/program files (x86)/embitz/0.40/share/em_armgcc/bin/../lib/gcc/arm-none-eabi/4.8.4/../../../../arm-none-eabi/lib/armv7-m\libm.a(lib_a-s_matherr.o)
                0x0800598c                matherr
 .text          0x08005990      0x370 c:/program files (x86)/embitz/0.40/share/em_armgcc/bin/../lib/gcc/arm-none-eabi/4.8.4/armv7-m\libgcc.a(_arm_addsubdf3.o)
                0x08005990                __aeabi_drsub
                0x08005998                __aeabi_dsub
                0x08005998                __subdf3
                0x0800599c                __aeabi_dadd
                0x0800599c                __adddf3
                0x08005c14                __floatunsidf
                0x08005c14                __aeabi_ui2d
                0x08005c34                __floatsidf
                0x08005c34                __aeabi_i2d
                0x08005c58                __aeabi_f2d
                0x08005c58                __extendsfdf2
                0x08005c94                __floatundidf
                0x08005c94                __aeabi_ul2d
                0x08005ca4                __floatdidf
                0x08005ca4                __aeabi_l2d
 .text          0x08005d00      0x424 c:/program files (x86)/embitz/0.40/share/em_armgcc/bin/../lib/gcc/arm-none-eabi/4.8.4/armv7-m\libgcc.a(_arm_muldivdf3.o)
                0x08005d00                __aeabi_dmul
                0x08005d00                __muldf3
                0x08005f54                __divdf3
                0x08005f54                __aeabi_ddiv
 .text          0x08006124      0x110 c:/program files (x86)/embitz/0.40/share/em_armgcc/bin/../lib/gcc/arm-none-eabi/4.8.4/armv7-m\libgcc.a(_arm_cmpdf2.o)
                0x08006124                __gtdf2
                0x08006124                __gedf2
                0x0800612c                __ltdf2
                0x0800612c                __ledf2
                0x08006134                __nedf2
                0x08006134                __eqdf2
                0x08006134                __cmpdf2
                0x080061b0                __aeabi_cdrcmple
                0x080061c0                __aeabi_cdcmpeq
                0x080061c0                __aeabi_cdcmple
                0x080061d0                __aeabi_dcmpeq
                0x080061e4                __aeabi_dcmplt
                0x080061f8                __aeabi_dcmple
                0x0800620c                __aeabi_dcmpge
                0x08006220                __aeabi_dcmpgt
 .text          0x08006234       0xa0 c:/program files (x86)/embitz/0.40/share/em_armgcc/bin/../lib/gcc/arm-none-eabi/4.8.4/armv7-m\libgcc.a(_arm_truncdfsf2.o)
                0x08006234                __truncdfsf2
                0x08006234                __aeabi_d2f
 .text          0x080062d4      0x21c c:/program files (x86)/embitz/0.40/share/em_armgcc/bin/../lib/gcc/arm-none-eabi/4.8.4/armv7-m\libgcc.a(_arm_addsubsf3.o)
                0x080062d4                __aeabi_frsub
                0x080062dc                __subsf3
                0x080062dc                __aeabi_fsub
                0x080062e0                __aeabi_fadd
                0x080062e0                __addsf3
                0x08006440                __aeabi_ui2f
                0x08006440                __floatunsisf
                0x08006448                __aeabi_i2f
                0x08006448                __floatsisf
                0x08006464                __aeabi_ul2f
                0x08006464                __floatundisf
                0x08006474                __aeabi_l2f
                0x08006474                __floatdisf
 .text          0x080064f0      0x2a0 c:/program files (x86)/embitz/0.40/share/em_armgcc/bin/../lib/gcc/arm-none-eabi/4.8.4/armv7-m\libgcc.a(_arm_muldivsf3.o)
                0x080064f0                __mulsf3
                0x080064f0                __aeabi_fmul
                0x08006658                __aeabi_fdiv
                0x08006658                __divsf3
 .text          0x08006790       0x2c c:/program files (x86)/embitz/0.40/share/em_armgcc/bin/../lib/gcc/arm-none-eabi/4.8.4/armv7-m\libgcc.a(_aeabi_uldivmod.o)
                0x08006790                __aeabi_uldivmod
 .text          0x080067bc       0x60 c:/program files (x86)/embitz/0.40/share/em_armgcc/bin/../lib/gcc/arm-none-eabi/4.8.4/armv7-m\libgcc.a(bpabi.o)
                0x080067bc                __gnu_ldivmod_helper
                0x080067ec                __gnu_uldivmod_helper
 .text          0x0800681c        0x4 c:/program files (x86)/embitz/0.40/share/em_armgcc/bin/../lib/gcc/arm-none-eabi/4.8.4/armv7-m\libgcc.a(_dvmd_tls.o)
                0x0800681c                __aeabi_idiv0
                0x0800681c                __aeabi_ldiv0
 .text          0x08006820      0x2a0 c:/program files (x86)/embitz/0.40/share/em_armgcc/bin/../lib/gcc/arm-none-eabi/4.8.4/armv7-m\libgcc.a(_divdi3.o)
                0x08006820                __divdi3
 .text          0x08006ac0      0x290 c:/program files (x86)/embitz/0.40/share/em_armgcc/bin/../lib/gcc/arm-none-eabi/4.8.4/armv7-m\libgcc.a(_udivdi3.o)
                0x08006ac0                __udivdi3
 .text.__errno  0x08006d50        0xc c:/program files (x86)/embitz/0.40/share/em_armgcc/bin/../lib/gcc/arm-none-eabi/4.8.4/../../../../arm-none-eabi/lib/armv7-m\libg_n.a(lib_a-errno.o)
                0x08006d50                __errno
 .text.memcpy   0x08006d5c       0x12 c:/program files (x86)/embitz/0.40/share/em_armgcc/bin/../lib/gcc/arm-none-eabi/4.8.4/../../../../arm-none-eabi/lib/armv7-m\libg_n.a(lib_a-memcpy-stub.o)
                0x08006d5c                memcpy
 .text.memset   0x08006d6e       0x10 c:/program files (x86)/embitz/0.40/share/em_armgcc/bin/../lib/gcc/arm-none-eabi/4.8.4/../../../../arm-none-eabi/lib/armv7-m\libg_n.a(lib_a-memset.o)
                0x08006d6e                memset
 *fill*         0x08006d7e        0x2 
 .text.printf   0x08006d80       0x30 c:/program files (x86)/embitz/0.40/share/em_armgcc/bin/../lib/gcc/arm-none-eabi/4.8.4/../../../../arm-none-eabi/lib/armv7-m\libg_n.a(lib_a-printf.o)
                0x08006d80                iprintf
                0x08006d80                printf
 .text.putchar  0x08006db0       0x28 c:/program files (x86)/embitz/0.40/share/em_armgcc/bin/../lib/gcc/arm-none-eabi/4.8.4/../../../../arm-none-eabi/lib/armv7-m\libg_n.a(lib_a-putchar.o)
                0x08006db0                putchar
 .text._puts_r  0x08006dd8       0xc0 c:/program files (x86)/embitz/0.40/share/em_armgcc/bin/../lib/gcc/arm-none-eabi/4.8.4/../../../../arm-none-eabi/lib/armv7-m\libg_n.a(lib_a-puts.o)
                0x08006dd8                _puts_r
 .text.puts     0x08006e98       0x10 c:/program files (x86)/embitz/0.40/share/em_armgcc/bin/../lib/gcc/arm-none-eabi/4.8.4/../../../../arm-none-eabi/lib/armv7-m\libg_n.a(lib_a-puts.o)
                0x08006e98                puts
 .text.setbuf   0x08006ea8       0x10 c:/program files (x86)/embitz/0.40/share/em_armgcc/bin/../lib/gcc/arm-none-eabi/4.8.4/../../../../arm-none-eabi/lib/armv7-m\libg_n.a(lib_a-setbuf.o)
                0x08006ea8                setbuf
 .text.setvbuf  0x08006eb8      0x110 c:/program files (x86)/embitz/0.40/share/em_armgcc/bin/../lib/gcc/arm-none-eabi/4.8.4/../../../../arm-none-eabi/lib/armv7-m\libg_n.a(lib_a-setvbuf.o)
                0x08006eb8                setvbuf
 .text.strlen   0x08006fc8       0x10 c:/program files (x86)/embitz/0.40/share/em_armgcc/bin/../lib/gcc/arm-none-eabi/4.8.4/../../../../arm-none-eabi/lib/armv7-m\libg_n.a(lib_a-strlen.o)
                0x08006fc8                strlen
 .text.__sfputc_r
                0x08006fd8       0x2c c:/program files (x86)/embitz/0.40/share/em_armgcc/bin/../lib/gcc/arm-none-eabi/4.8.4/../../../../arm-none-eabi/lib/armv7-m\libg_n.a(lib_a-vfprintf.o)
 .text.__sfputs_r
                0x08007004       0x24 c:/program files (x86)/embitz/0.40/share/em_armgcc/bin/../lib/gcc/arm-none-eabi/4.8.4/../../../../arm-none-eabi/lib/armv7-m\libg_n.a(lib_a-vfprintf.o)
                0x08007004                __sfputs_r
 .text._vfprintf_r
                0x08007028      0x208 c:/program files (x86)/embitz/0.40/share/em_armgcc/bin/../lib/gcc/arm-none-eabi/4.8.4/../../../../arm-none-eabi/lib/armv7-m\libg_n.a(lib_a-vfprintf.o)
                0x08007028                _vfprintf_r
                0x08007028                _vfiprintf_r
 .text.__cvt    0x08007230       0xc0 c:/program files (x86)/embitz/0.40/share/em_armgcc/bin/../lib/gcc/arm-none-eabi/4.8.4/../../../../arm-none-eabi/lib/armv7-m\libg_n.a(lib_a-vfprintf_float.o)
                0x08007230                __cvt
 .text.__exponent
                0x080072f0       0x68 c:/program files (x86)/embitz/0.40/share/em_armgcc/bin/../lib/gcc/arm-none-eabi/4.8.4/../../../../arm-none-eabi/lib/armv7-m\libg_n.a(lib_a-vfprintf_float.o)
                0x080072f0                __exponent
 .text._printf_float
                0x08007358      0x41c c:/program files (x86)/embitz/0.40/share/em_armgcc/bin/../lib/gcc/arm-none-eabi/4.8.4/../../../../arm-none-eabi/lib/armv7-m\libg_n.a(lib_a-vfprintf_float.o)
                0x08007358                _printf_float
 .text._printf_common
                0x08007774       0xe4 c:/program files (x86)/embitz/0.40/share/em_armgcc/bin/../lib/gcc/arm-none-eabi/4.8.4/../../../../arm-none-eabi/lib/armv7-m\libg_n.a(lib_a-vfprintf_i.o)
                0x08007774                _printf_common
 .text._printf_i
                0x08007858      0x228 c:/program files (x86)/embitz/0.40/share/em_armgcc/bin/../lib/gcc/arm-none-eabi/4.8.4/../../../../arm-none-eabi/lib/armv7-m\libg_n.a(lib_a-vfprintf_i.o)
                0x08007858                _printf_i
 .text.__swbuf_r
                0x08007a80       0xa8 c:/program files (x86)/embitz/0.40/share/em_armgcc/bin/../lib/gcc/arm-none-eabi/4.8.4/../../../../arm-none-eabi/lib/armv7-m\libg_n.a(lib_a-wbuf.o)
                0x08007a80                __swbuf_r
 .text.__swsetup_r
                0x08007b28       0xdc c:/program files (x86)/embitz/0.40/share/em_armgcc/bin/../lib/gcc/arm-none-eabi/4.8.4/../../../../arm-none-eabi/lib/armv7-m\libg_n.a(lib_a-wsetup.o)
                0x08007b28                __swsetup_r
 .text.quorem   0x08007c04      0x11e c:/program files (x86)/embitz/0.40/share/em_armgcc/bin/../lib/gcc/arm-none-eabi/4.8.4/../../../../arm-none-eabi/lib/armv7-m\libg_n.a(lib_a-dtoa.o)
 *fill*         0x08007d22        0x6 
 .text._dtoa_r  0x08007d28      0xb80 c:/program files (x86)/embitz/0.40/share/em_armgcc/bin/../lib/gcc/arm-none-eabi/4.8.4/../../../../arm-none-eabi/lib/armv7-m\libg_n.a(lib_a-dtoa.o)
                0x08007d28                _dtoa_r
 .text.__sflush_r
                0x080088a8      0x106 c:/program files (x86)/embitz/0.40/share/em_armgcc/bin/../lib/gcc/arm-none-eabi/4.8.4/../../../../arm-none-eabi/lib/armv7-m\libg_n.a(lib_a-fflush.o)
                0x080088a8                __sflush_r
 *fill*         0x080089ae        0x2 
 .text._fflush_r
                0x080089b0       0x54 c:/program files (x86)/embitz/0.40/share/em_armgcc/bin/../lib/gcc/arm-none-eabi/4.8.4/../../../../arm-none-eabi/lib/armv7-m\libg_n.a(lib_a-fflush.o)
                0x080089b0                _fflush_r
 .text._cleanup_r
                0x08008a04       0x32 c:/program files (x86)/embitz/0.40/share/em_armgcc/bin/../lib/gcc/arm-none-eabi/4.8.4/../../../../arm-none-eabi/lib/armv7-m\libg_n.a(lib_a-findfp.o)
                0x08008a04                _cleanup_r
 *fill*         0x08008a36        0x2 
 .text.std.isra.0
                0x08008a38       0x48 c:/program files (x86)/embitz/0.40/share/em_armgcc/bin/../lib/gcc/arm-none-eabi/4.8.4/../../../../arm-none-eabi/lib/armv7-m\libg_n.a(lib_a-findfp.o)
 .text.__sfmoreglue
                0x08008a80       0x2c c:/program files (x86)/embitz/0.40/share/em_armgcc/bin/../lib/gcc/arm-none-eabi/4.8.4/../../../../arm-none-eabi/lib/armv7-m\libg_n.a(lib_a-findfp.o)
                0x08008a80                __sfmoreglue
 .text.__sinit  0x08008aac       0x60 c:/program files (x86)/embitz/0.40/share/em_armgcc/bin/../lib/gcc/arm-none-eabi/4.8.4/../../../../arm-none-eabi/lib/armv7-m\libg_n.a(lib_a-findfp.o)
                0x08008aac                __sinit
 .text.__sfp    0x08008b0c       0x74 c:/program files (x86)/embitz/0.40/share/em_armgcc/bin/../lib/gcc/arm-none-eabi/4.8.4/../../../../arm-none-eabi/lib/armv7-m\libg_n.a(lib_a-findfp.o)
                0x08008b0c                __sfp
 .text._localeconv_r
                0x08008b80        0x8 c:/program files (x86)/embitz/0.40/share/em_armgcc/bin/../lib/gcc/arm-none-eabi/4.8.4/../../../../arm-none-eabi/lib/armv7-m\libg_n.a(lib_a-locale.o)
                0x08008b80                _localeconv_r
 .text.__smakebuf_r
                0x08008b88       0x98 c:/program files (x86)/embitz/0.40/share/em_armgcc/bin/../lib/gcc/arm-none-eabi/4.8.4/../../../../arm-none-eabi/lib/armv7-m\libg_n.a(lib_a-makebuf.o)
                0x08008b88                __smakebuf_r
 .text.malloc   0x08008c20       0x10 c:/program files (x86)/embitz/0.40/share/em_armgcc/bin/../lib/gcc/arm-none-eabi/4.8.4/../../../../arm-none-eabi/lib/armv7-m\libg_n.a(lib_a-malloc.o)
                0x08008c20                malloc
 .text.memchr   0x08008c30       0x1c c:/program files (x86)/embitz/0.40/share/em_armgcc/bin/../lib/gcc/arm-none-eabi/4.8.4/../../../../arm-none-eabi/lib/armv7-m\libg_n.a(lib_a-memchr-stub.o)
                0x08008c30                memchr
 .text._Balloc  0x08008c4c       0x6a c:/program files (x86)/embitz/0.40/share/em_armgcc/bin/../lib/gcc/arm-none-eabi/4.8.4/../../../../arm-none-eabi/lib/armv7-m\libg_n.a(lib_a-mprec.o)
                0x08008c4c                _Balloc
 .text._Bfree   0x08008cb6       0x2e c:/program files (x86)/embitz/0.40/share/em_armgcc/bin/../lib/gcc/arm-none-eabi/4.8.4/../../../../arm-none-eabi/lib/armv7-m\libg_n.a(lib_a-mprec.o)
                0x08008cb6                _Bfree
 .text.__multadd
                0x08008ce4       0x74 c:/program files (x86)/embitz/0.40/share/em_armgcc/bin/../lib/gcc/arm-none-eabi/4.8.4/../../../../arm-none-eabi/lib/armv7-m\libg_n.a(lib_a-mprec.o)
                0x08008ce4                __multadd
 .text.__hi0bits
                0x08008d58       0x40 c:/program files (x86)/embitz/0.40/share/em_armgcc/bin/../lib/gcc/arm-none-eabi/4.8.4/../../../../arm-none-eabi/lib/armv7-m\libg_n.a(lib_a-mprec.o)
                0x08008d58                __hi0bits
 .text.__lo0bits
                0x08008d98       0x5a c:/program files (x86)/embitz/0.40/share/em_armgcc/bin/../lib/gcc/arm-none-eabi/4.8.4/../../../../arm-none-eabi/lib/armv7-m\libg_n.a(lib_a-mprec.o)
                0x08008d98                __lo0bits
 .text.__i2b    0x08008df2       0x12 c:/program files (x86)/embitz/0.40/share/em_armgcc/bin/../lib/gcc/arm-none-eabi/4.8.4/../../../../arm-none-eabi/lib/armv7-m\libg_n.a(lib_a-mprec.o)
                0x08008df2                __i2b
 .text.__multiply
                0x08008e04      0x130 c:/program files (x86)/embitz/0.40/share/em_armgcc/bin/../lib/gcc/arm-none-eabi/4.8.4/../../../../arm-none-eabi/lib/armv7-m\libg_n.a(lib_a-mprec.o)
                0x08008e04                __multiply
 .text.__pow5mult
                0x08008f34       0x9c c:/program files (x86)/embitz/0.40/share/em_armgcc/bin/../lib/gcc/arm-none-eabi/4.8.4/../../../../arm-none-eabi/lib/armv7-m\libg_n.a(lib_a-mprec.o)
                0x08008f34                __pow5mult
 .text.__lshift
                0x08008fd0       0xa6 c:/program files (x86)/embitz/0.40/share/em_armgcc/bin/../lib/gcc/arm-none-eabi/4.8.4/../../../../arm-none-eabi/lib/armv7-m\libg_n.a(lib_a-mprec.o)
                0x08008fd0                __lshift
 .text.__mcmp   0x08009076       0x3a c:/program files (x86)/embitz/0.40/share/em_armgcc/bin/../lib/gcc/arm-none-eabi/4.8.4/../../../../arm-none-eabi/lib/armv7-m\libg_n.a(lib_a-mprec.o)
                0x08009076                __mcmp
 .text.__mdiff  0x080090b0       0xbe c:/program files (x86)/embitz/0.40/share/em_armgcc/bin/../lib/gcc/arm-none-eabi/4.8.4/../../../../arm-none-eabi/lib/armv7-m\libg_n.a(lib_a-mprec.o)
                0x080090b0                __mdiff
 .text.__d2b    0x0800916e       0xa4 c:/program files (x86)/embitz/0.40/share/em_armgcc/bin/../lib/gcc/arm-none-eabi/4.8.4/../../../../arm-none-eabi/lib/armv7-m\libg_n.a(lib_a-mprec.o)
                0x0800916e                __d2b
 .text._calloc_r
                0x08009212       0x1c c:/program files (x86)/embitz/0.40/share/em_armgcc/bin/../lib/gcc/arm-none-eabi/4.8.4/../../../../arm-none-eabi/lib/armv7-m\libg_n.a(lib_a-nano-callocr.o)
                0x08009212                _calloc_r
 *fill*         0x0800922e        0x2 
 .text._free_r  0x08009230       0x88 c:/program files (x86)/embitz/0.40/share/em_armgcc/bin/../lib/gcc/arm-none-eabi/4.8.4/../../../../arm-none-eabi/lib/armv7-m\libg_n.a(lib_a-nano-freer.o)
                0x08009230                _free_r
 .text._malloc_r
                0x080092b8       0xa8 c:/program files (x86)/embitz/0.40/share/em_armgcc/bin/../lib/gcc/arm-none-eabi/4.8.4/../../../../arm-none-eabi/lib/armv7-m\libg_n.a(lib_a-nano-mallocr.o)
                0x080092b8                _malloc_r
 .text._putc_r  0x08009360       0x78 c:/program files (x86)/embitz/0.40/share/em_armgcc/bin/../lib/gcc/arm-none-eabi/4.8.4/../../../../arm-none-eabi/lib/armv7-m\libg_n.a(lib_a-putc.o)
                0x08009360                _putc_r
 .text._sbrk_r  0x080093d8       0x20 c:/program files (x86)/embitz/0.40/share/em_armgcc/bin/../lib/gcc/arm-none-eabi/4.8.4/../../../../arm-none-eabi/lib/armv7-m\libg_n.a(lib_a-sbrkr.o)
                0x080093d8                _sbrk_r
 .text.__sread  0x080093f8       0x22 c:/program files (x86)/embitz/0.40/share/em_armgcc/bin/../lib/gcc/arm-none-eabi/4.8.4/../../../../arm-none-eabi/lib/armv7-m\libg_n.a(lib_a-stdio.o)
                0x080093f8                __sread
 .text.__swrite
                0x0800941a       0x38 c:/program files (x86)/embitz/0.40/share/em_armgcc/bin/../lib/gcc/arm-none-eabi/4.8.4/../../../../arm-none-eabi/lib/armv7-m\libg_n.a(lib_a-stdio.o)
                0x0800941a                __swrite
 .text.__sseek  0x08009452       0x24 c:/program files (x86)/embitz/0.40/share/em_armgcc/bin/../lib/gcc/arm-none-eabi/4.8.4/../../../../arm-none-eabi/lib/armv7-m\libg_n.a(lib_a-stdio.o)
                0x08009452                __sseek
 .text.__sclose
                0x08009476        0x8 c:/program files (x86)/embitz/0.40/share/em_armgcc/bin/../lib/gcc/arm-none-eabi/4.8.4/../../../../arm-none-eabi/lib/armv7-m\libg_n.a(lib_a-stdio.o)
                0x08009476                __sclose
 *fill*         0x0800947e        0x2 
 .text._write_r
                0x08009480       0x24 c:/program files (x86)/embitz/0.40/share/em_armgcc/bin/../lib/gcc/arm-none-eabi/4.8.4/../../../../arm-none-eabi/lib/armv7-m\libg_n.a(lib_a-writer.o)
                0x08009480                _write_r
 .text._close_r
                0x080094a4       0x20 c:/program files (x86)/embitz/0.40/share/em_armgcc/bin/../lib/gcc/arm-none-eabi/4.8.4/../../../../arm-none-eabi/lib/armv7-m\libg_n.a(lib_a-closer.o)
                0x080094a4                _close_r
 .text._fstat_r
                0x080094c4       0x24 c:/program files (x86)/embitz/0.40/share/em_armgcc/bin/../lib/gcc/arm-none-eabi/4.8.4/../../../../arm-none-eabi/lib/armv7-m\libg_n.a(lib_a-fstatr.o)
                0x080094c4                _fstat_r
 .text._isatty_r
                0x080094e8       0x20 c:/program files (x86)/embitz/0.40/share/em_armgcc/bin/../lib/gcc/arm-none-eabi/4.8.4/../../../../arm-none-eabi/lib/armv7-m\libg_n.a(lib_a-isattyr.o)
                0x080094e8                _isatty_r
 .text._lseek_r
                0x08009508       0x24 c:/program files (x86)/embitz/0.40/share/em_armgcc/bin/../lib/gcc/arm-none-eabi/4.8.4/../../../../arm-none-eabi/lib/armv7-m\libg_n.a(lib_a-lseekr.o)
                0x08009508                _lseek_r
 .text._read_r  0x0800952c       0x24 c:/program files (x86)/embitz/0.40/share/em_armgcc/bin/../lib/gcc/arm-none-eabi/4.8.4/../../../../arm-none-eabi/lib/armv7-m\libg_n.a(lib_a-readr.o)
                0x0800952c                _read_r
 .text          0x08009550       0x50 c:/program files (x86)/embitz/0.40/share/em_armgcc/bin/../lib/gcc/arm-none-eabi/4.8.4/armv7-m\libgcc.a(_arm_fixdfsi.o)
                0x08009550                __aeabi_d2iz
                0x08009550                __fixdfsi
 .text          0x080095a0       0x10 c:/program files (x86)/embitz/0.40/share/em_armgcc/bin/../lib/gcc/arm-none-eabi/4.8.4/../../../../arm-none-eabi/lib/armv7-m\libnosys_s.a(close.o)
                0x080095a0                _close
 .text          0x080095b0       0x10 c:/program files (x86)/embitz/0.40/share/em_armgcc/bin/../lib/gcc/arm-none-eabi/4.8.4/../../../../arm-none-eabi/lib/armv7-m\libnosys_s.a(fstat.o)
                0x080095b0                _fstat
 .text          0x080095c0       0x10 c:/program files (x86)/embitz/0.40/share/em_armgcc/bin/../lib/gcc/arm-none-eabi/4.8.4/../../../../arm-none-eabi/lib/armv7-m\libnosys_s.a(isatty.o)
                0x080095c0                _isatty
 .text          0x080095d0       0x10 c:/program files (x86)/embitz/0.40/share/em_armgcc/bin/../lib/gcc/arm-none-eabi/4.8.4/../../../../arm-none-eabi/lib/armv7-m\libnosys_s.a(lseek.o)
                0x080095d0                _lseek
 .text          0x080095e0       0x10 c:/program files (x86)/embitz/0.40/share/em_armgcc/bin/../lib/gcc/arm-none-eabi/4.8.4/../../../../arm-none-eabi/lib/armv7-m\libnosys_s.a(read.o)
                0x080095e0                _read
 .text          0x080095f0       0x34 c:/program files (x86)/embitz/0.40/share/em_armgcc/bin/../lib/gcc/arm-none-eabi/4.8.4/../../../../arm-none-eabi/lib/armv7-m\libnosys_s.a(sbrk.o)
                0x080095f0                _sbrk
 .text          0x08009624       0x10 c:/program files (x86)/embitz/0.40/share/em_armgcc/bin/../lib/gcc/arm-none-eabi/4.8.4/../../../../arm-none-eabi/lib/armv7-m\libnosys_s.a(write.o)
                0x08009624                _write
                0x08009634                . = ALIGN (0x4)
 *(.rodata*)
 .rodata        0x08009634        0x8 obj\release\libopencm3\lib\stm32\common\st_usbfs_core.o
 .rodata.st_usbfs_v1_usb_driver
                0x0800963c       0x34 obj\release\libopencm3\lib\stm32\st_usbfs_v1.o
                0x0800963c                st_usbfs_v1_usb_driver
 .rodata.CSWTCH.24
                0x08009670       0x28 obj\release\libopencm3\lib\usb\usb_standard.o
 .rodata.CSWTCH.26
                0x08009698       0x30 obj\release\libopencm3\lib\usb\usb_standard.o
 .rodata.str1.4
                0x080096c8      0x2cd obj\release\src\measure_touch_hid_usb_2016_11_29_9h00.o
                                0x2e4 (size before relaxing)
 *fill*         0x08009995        0x3 
 .rodata.str1.4
                0x08009998       0x33 obj\release\src\usb_src\extrakey.o
                                 0x34 (size before relaxing)
 *fill*         0x080099cb        0x1 
 .rodata.str1.4
                0x080099cc       0x17 obj\release\src\usb_src\keyboard.o
                                 0x28 (size before relaxing)
 *fill*         0x080099e3        0x1 
 .rodata.str1.4
                0x080099e4        0x9 obj\release\src\usb_src\serial.o
                                  0xc (size before relaxing)
 *fill*         0x080099ed        0x3 
 .rodata.keyboard_endpoint
                0x080099f0       0x10 obj\release\src\usb_src\usb.o
                0x080099f0                keyboard_endpoint
 .rodata.extrakey_function
                0x08009a00        0xc obj\release\src\usb_src\usb.o
 .rodata.nkro_function
                0x08009a0c        0xc obj\release\src\usb_src\usb.o
 .rodata.config
                0x08009a18       0x10 obj\release\src\usb_src\usb.o
                0x08009a18                config
 .rodata.mouse_report_descriptor
                0x08009a28       0x50 obj\release\src\usb_src\usb.o
                0x08009a28                mouse_report_descriptor
 .rodata.mouse_function
                0x08009a78        0xc obj\release\src\usb_src\usb.o
 .rodata.keyboard_function
                0x08009a84        0xc obj\release\src\usb_src\usb.o
 .rodata.keyboard_report_descriptor
                0x08009a90       0x40 obj\release\src\usb_src\usb.o
                0x08009a90                keyboard_report_descriptor
 .rodata.data_endpoint
                0x08009ad0       0x20 obj\release\src\usb_src\usb.o
 .rodata.cdc_comm_iface
                0x08009af0       0x18 obj\release\src\usb_src\usb.o
 .rodata.extrakey_endpoint
                0x08009b08       0x10 obj\release\src\usb_src\usb.o
                0x08009b08                extrakey_endpoint
 .rodata.ifaces
                0x08009b18       0x60 obj\release\src\usb_src\usb.o
                0x08009b18                ifaces
 .rodata.mouse_endpoint
                0x08009b78       0x10 obj\release\src\usb_src\usb.o
                0x08009b78                mouse_endpoint
 .rodata.nkro_iface
                0x08009b88       0x18 obj\release\src\usb_src\usb.o
                0x08009b88                nkro_iface
 .rodata.nkro_endpoint
                0x08009ba0       0x10 obj\release\src\usb_src\usb.o
                0x08009ba0                nkro_endpoint
 .rodata.extrakey_report_descriptor
                0x08009bb0       0x38 obj\release\src\usb_src\usb.o
 .rodata.str1.4
                0x08009be8       0xa8 obj\release\src\usb_src\usb.o
 .rodata.keyboard_iface
                0x08009c90       0x18 obj\release\src\usb_src\usb.o
                0x08009c90                keyboard_iface
 .rodata.cdcacm_functional_descriptors
                0x08009ca8       0x14 obj\release\src\usb_src\usb.o
 .rodata.extrakey_iface
                0x08009cbc       0x18 obj\release\src\usb_src\usb.o
                0x08009cbc                extrakey_iface
 .rodata.mouse_iface
                0x08009cd4       0x18 obj\release\src\usb_src\usb.o
                0x08009cd4                mouse_iface
 .rodata.comm_endpoint
                0x08009cec       0x10 obj\release\src\usb_src\usb.o
 .rodata.dev_descriptor
                0x08009cfc       0x14 obj\release\src\usb_src\usb.o
                0x08009cfc                dev_descriptor
 .rodata.cdc_data_iface
                0x08009d10       0x18 obj\release\src\usb_src\usb.o
 .rodata.nkro_report_descriptor
                0x08009d28       0x3c obj\release\src\usb_src\usb.o
                0x08009d28                nkro_report_descriptor
 .rodata.str1.4
                0x08009d64        0x8 c:/program files (x86)/embitz/0.40/share/em_armgcc/bin/../lib/gcc/arm-none-eabi/4.8.4/../../../../arm-none-eabi/lib/armv7-m\libm.a(lib_a-w_sqrt.o)
 .rodata.str1.1
                0x08009d6c        0x2 c:/program files (x86)/embitz/0.40/share/em_armgcc/bin/../lib/gcc/arm-none-eabi/4.8.4/../../../../arm-none-eabi/lib/armv7-m\libg_n.a(lib_a-impure.o)
 *fill*         0x08009d6e        0x2 
 .rodata._global_impure_ptr
                0x08009d70        0x4 c:/program files (x86)/embitz/0.40/share/em_armgcc/bin/../lib/gcc/arm-none-eabi/4.8.4/../../../../arm-none-eabi/lib/armv7-m\libg_n.a(lib_a-impure.o)
                0x08009d70                _global_impure_ptr
 .rodata.str1.1
                0x08009d74       0x11 c:/program files (x86)/embitz/0.40/share/em_armgcc/bin/../lib/gcc/arm-none-eabi/4.8.4/../../../../arm-none-eabi/lib/armv7-m\libg_n.a(lib_a-vfprintf.o)
 .rodata.str1.1
                0x08009d85       0x12 c:/program files (x86)/embitz/0.40/share/em_armgcc/bin/../lib/gcc/arm-none-eabi/4.8.4/../../../../arm-none-eabi/lib/armv7-m\libg_n.a(lib_a-vfprintf_float.o)
 .rodata.str1.1
                0x08009d97       0x22 c:/program files (x86)/embitz/0.40/share/em_armgcc/bin/../lib/gcc/arm-none-eabi/4.8.4/../../../../arm-none-eabi/lib/armv7-m\libg_n.a(lib_a-vfprintf_i.o)
 .rodata.str1.1
                0x08009db9        0xd c:/program files (x86)/embitz/0.40/share/em_armgcc/bin/../lib/gcc/arm-none-eabi/4.8.4/../../../../arm-none-eabi/lib/armv7-m\libg_n.a(lib_a-dtoa.o)
                                  0xf (size before relaxing)
 *fill*         0x08009dc6        0x2 
 .rodata.__sf_fake_stdin
                0x08009dc8       0x20 c:/program files (x86)/embitz/0.40/share/em_armgcc/bin/../lib/gcc/arm-none-eabi/4.8.4/../../../../arm-none-eabi/lib/armv7-m\libg_n.a(lib_a-findfp.o)
                0x08009dc8                __sf_fake_stdin
 .rodata.__sf_fake_stdout
                0x08009de8       0x20 c:/program files (x86)/embitz/0.40/share/em_armgcc/bin/../lib/gcc/arm-none-eabi/4.8.4/../../../../arm-none-eabi/lib/armv7-m\libg_n.a(lib_a-findfp.o)
                0x08009de8                __sf_fake_stdout
 .rodata.__sf_fake_stderr
                0x08009e08       0x20 c:/program files (x86)/embitz/0.40/share/em_armgcc/bin/../lib/gcc/arm-none-eabi/4.8.4/../../../../arm-none-eabi/lib/armv7-m\libg_n.a(lib_a-findfp.o)
                0x08009e08                __sf_fake_stderr
 .rodata.str1.1
                0x08009e28        0x8 c:/program files (x86)/embitz/0.40/share/em_armgcc/bin/../lib/gcc/arm-none-eabi/4.8.4/../../../../arm-none-eabi/lib/armv7-m\libg_n.a(lib_a-locale.o)
                                  0xb (size before relaxing)
 .rodata.__mprec_tens
                0x08009e30       0xc8 c:/program files (x86)/embitz/0.40/share/em_armgcc/bin/../lib/gcc/arm-none-eabi/4.8.4/../../../../arm-none-eabi/lib/armv7-m\libg_n.a(lib_a-mprec.o)
                0x08009e30                __mprec_tens
 .rodata.__mprec_bigtens
                0x08009ef8       0x28 c:/program files (x86)/embitz/0.40/share/em_armgcc/bin/../lib/gcc/arm-none-eabi/4.8.4/../../../../arm-none-eabi/lib/armv7-m\libg_n.a(lib_a-mprec.o)
                0x08009ef8                __mprec_bigtens
 .rodata.p05.5281
                0x08009f20        0xc c:/program files (x86)/embitz/0.40/share/em_armgcc/bin/../lib/gcc/arm-none-eabi/4.8.4/../../../../arm-none-eabi/lib/armv7-m\libg_n.a(lib_a-mprec.o)
                0x08009f2c                . = ALIGN (0x4)

.glue_7         0x08009f2c        0x0
 .glue_7        0x00000000        0x0 linker stubs

.glue_7t        0x08009f2c        0x0
 .glue_7t       0x00000000        0x0 linker stubs

.vfp11_veneer   0x08009f2c        0x0
 .vfp11_veneer  0x00000000        0x0 linker stubs

.v4_bx          0x08009f2c        0x0
 .v4_bx         0x00000000        0x0 linker stubs

.iplt           0x08009f2c        0x0
 .iplt          0x00000000        0x0 obj\release\libopencm3\lib\cm3\assert.o

.preinit_array  0x08009f2c        0x0
                0x08009f2c                . = ALIGN (0x4)
                0x08009f2c                __preinit_array_start = .
 *(.preinit_array)
                0x08009f2c                __preinit_array_end = .

.init_array     0x08009f2c        0x0
                0x08009f2c                . = ALIGN (0x4)
                0x08009f2c                __init_array_start = .
 *(SORT(.init_array.*))
 *(.init_array)
                0x08009f2c                __init_array_end = .

.fini_array     0x08009f2c        0x0
                0x08009f2c                . = ALIGN (0x4)
                0x08009f2c                __fini_array_start = .
 *(.fini_array)
 *(SORT(.fini_array.*))
                0x08009f2c                __fini_array_end = .

.ARM.extab
 *(.ARM.extab*)

.ARM.exidx      0x08009f2c        0x8
                0x08009f2c                __exidx_start = .
 *(.ARM.exidx*)
 .ARM.exidx     0x08009f2c        0x8 c:/program files (x86)/embitz/0.40/share/em_armgcc/bin/../lib/gcc/arm-none-eabi/4.8.4/armv7-m\libgcc.a(_divdi3.o)
 .ARM.exidx     0x08009f34        0x0 c:/program files (x86)/embitz/0.40/share/em_armgcc/bin/../lib/gcc/arm-none-eabi/4.8.4/armv7-m\libgcc.a(_udivdi3.o)
                                  0x8 (size before relaxing)
                0x08009f34                __exidx_end = .

.rel.dyn        0x08009f34        0x0
 .rel.iplt      0x00000000        0x0 obj\release\libopencm3\lib\cm3\assert.o
                0x08009f34                . = ALIGN (0x4)
                0x08009f34                _etext = .

.data           0x20000000      0x138 load address 0x08009f34
                0x20000000                _data = .
 *(.data*)
 .data.rcc_ahb_frequency
                0x20000000        0x4 obj\release\libopencm3\lib\stm32\f1\rcc.o
                0x20000000                rcc_ahb_frequency
 .data.rcc_apb1_frequency
                0x20000004        0x4 obj\release\libopencm3\lib\stm32\f1\rcc.o
                0x20000004                rcc_apb1_frequency
 .data.rcc_apb2_frequency
                0x20000008        0x4 obj\release\libopencm3\lib\stm32\f1\rcc.o
                0x20000008                rcc_apb2_frequency
 .data.GPIOA_CRL_mem
                0x2000000c        0x4 obj\release\src\measure_touch_hid_usb_2016_11_29_9h00.o
                0x2000000c                GPIOA_CRL_mem
 .data.tim2_isr_channel_x_mem
                0x20000010       0x20 obj\release\src\measure_touch_hid_usb_2016_11_29_9h00.o
                0x20000010                tim2_isr_channel_x_mem
 .data.key      0x20000030       0x20 obj\release\src\measure_touch_hid_usb_2016_11_29_9h00.o
                0x20000030                key
 .data.ADC1_JSQR_mem
                0x20000050       0x20 obj\release\src\measure_touch_hid_usb_2016_11_29_9h00.o
                0x20000050                ADC1_JSQR_mem
 .data.tim2_isr_func
                0x20000070        0x4 obj\release\src\measure_touch_hid_usb_2016_11_29_9h00.o
                0x20000070                tim2_isr_func
 .data.TCNT_value_min
                0x20000074        0x4 obj\release\src\measure_touch_hid_usb_2016_11_29_9h00.o
                0x20000074                TCNT_value_min
 .data.usb_strings
                0x20000078       0x20 obj\release\src\usb_src\usb.o
 .data.__fdlib_version
                0x20000098        0x1 c:/program files (x86)/embitz/0.40/share/em_armgcc/bin/../lib/gcc/arm-none-eabi/4.8.4/../../../../arm-none-eabi/lib/armv7-m\libm.a(lib_a-s_lib_ver.o)
                0x20000098                __fdlib_version
 *fill*         0x20000099        0x3 
 .data.impure_data
                0x2000009c       0x60 c:/program files (x86)/embitz/0.40/share/em_armgcc/bin/../lib/gcc/arm-none-eabi/4.8.4/../../../../arm-none-eabi/lib/armv7-m\libg_n.a(lib_a-impure.o)
 .data._impure_ptr
                0x200000fc        0x4 c:/program files (x86)/embitz/0.40/share/em_armgcc/bin/../lib/gcc/arm-none-eabi/4.8.4/../../../../arm-none-eabi/lib/armv7-m\libg_n.a(lib_a-impure.o)
                0x200000fc                _impure_ptr
 .data.lconv    0x20000100       0x38 c:/program files (x86)/embitz/0.40/share/em_armgcc/bin/../lib/gcc/arm-none-eabi/4.8.4/../../../../arm-none-eabi/lib/armv7-m\libg_n.a(lib_a-locale.o)
                0x20000138                . = ALIGN (0x4)
                0x20000138                _edata = .
                0x08009f34                _data_loadaddr = LOADADDR (.data)

.igot.plt       0x20000138        0x0 load address 0x0800a06c
 .igot.plt      0x00000000        0x0 obj\release\libopencm3\lib\cm3\assert.o

.bss            0x20000200      0x65c load address 0x0800a06c
 *(.bss*)
 .bss.TCNT_value_max
                0x20000200        0x4 obj\release\src\measure_touch_hid_usb_2016_11_29_9h00.o
                0x20000200                TCNT_value_max
 .bss.step.7118
                0x20000204        0x4 obj\release\src\measure_touch_hid_usb_2016_11_29_9h00.o
 .bss.last_cycle_count_64.7066
                0x20000208        0x8 obj\release\src\measure_touch_hid_usb_2016_11_29_9h00.o
 .bss.lastMicros.7177
                0x20000210        0x4 obj\release\src\measure_touch_hid_usb_2016_11_29_9h00.o
 .bss.TIM2_SR_mem
                0x20000214        0x4 obj\release\src\measure_touch_hid_usb_2016_11_29_9h00.o
                0x20000214                TIM2_SR_mem
 .bss.count_TCNT
                0x20000218        0x4 obj\release\src\measure_touch_hid_usb_2016_11_29_9h00.o
                0x20000218                count_TCNT
 .bss.flag      0x2000021c        0x4 obj\release\src\measure_touch_hid_usb_2016_11_29_9h00.o
                0x2000021c                flag
 .bss.system_ms
                0x20000220        0x4 obj\release\src\usb_src\clock.o
 .bss.state     0x20000224        0x4 obj\release\src\usb_src\extrakey.o
 .bss.extrakey_idle
                0x20000228        0x1 obj\release\src\usb_src\extrakey.o
                0x20000228                extrakey_idle
 .bss.nkro_idle
                0x20000229        0x1 obj\release\src\usb_src\keyboard.o
                0x20000229                nkro_idle
 .bss.nkro_active
                0x2000022a        0x1 obj\release\src\usb_src\keyboard.o
                0x2000022a                nkro_active
 .bss.nkro_dirty
                0x2000022b        0x1 obj\release\src\usb_src\keyboard.o
                0x2000022b                nkro_dirty
 .bss.keyboard_dirty
                0x2000022c        0x1 obj\release\src\usb_src\keyboard.o
                0x2000022c                keyboard_dirty
 .bss.keyboard_active
                0x2000022d        0x1 obj\release\src\usb_src\keyboard.o
                0x2000022d                keyboard_active
 .bss.keyboard_idle
                0x2000022e        0x1 obj\release\src\usb_src\keyboard.o
                0x2000022e                keyboard_idle
 .bss.mouse_idle
                0x2000022f        0x1 obj\release\src\usb_src\mouse.o
                0x2000022f                mouse_idle
 .bss.state     0x20000230        0x8 obj\release\src\usb_src\mouse.o
 .bss.input_ring
                0x20000238       0x10 obj\release\src\usb_src\serial.o
 .bss.output_ring
                0x20000248       0x10 obj\release\src\usb_src\serial.o
 .bss.timer_out
                0x20000258        0x4 obj\release\src\usb_src\serial.o
 .bss.usb_ms    0x2000025c        0x4 obj\release\src\usb_src\usb.o
                0x2000025c                usb_ms
 .bss.usbd_dev  0x20000260        0x4 obj\release\src\usb_src\usb.o
 .bss.__malloc_sbrk_start
                0x20000264        0x4 c:/program files (x86)/embitz/0.40/share/em_armgcc/bin/../lib/gcc/arm-none-eabi/4.8.4/../../../../arm-none-eabi/lib/armv7-m\libg_n.a(lib_a-nano-mallocr.o)
                0x20000264                __malloc_sbrk_start
 .bss.__malloc_free_list
                0x20000268        0x4 c:/program files (x86)/embitz/0.40/share/em_armgcc/bin/../lib/gcc/arm-none-eabi/4.8.4/../../../../arm-none-eabi/lib/armv7-m\libg_n.a(lib_a-nano-mallocr.o)
                0x20000268                __malloc_free_list
 .bss           0x2000026c        0x4 c:/program files (x86)/embitz/0.40/share/em_armgcc/bin/../lib/gcc/arm-none-eabi/4.8.4/../../../../arm-none-eabi/lib/armv7-m\libnosys_s.a(sbrk.o)
 *(COMMON)
 COMMON         0x20000270      0x104 obj\release\libopencm3\lib\stm32\common\st_usbfs_core.o
                0x20000270                st_usbfs_force_nak
                0x20000278                st_usbfs_dev
 *fill*         0x20000374       0x8c 
 COMMON         0x20000400      0x350 obj\release\src\measure_touch_hid_usb_2016_11_29_9h00.o
                0x20000400                sumTCNT_value
                0x20000404                channelData
                0x20000464                nkro_state
                0x20000484                keyboard_state
                0x20000600                VectorTableRAM
 COMMON         0x20000750        0x1 obj\release\src\usb_src\serial.o
                0x20000750                serial_active
 *fill*         0x20000751        0x7 
 COMMON         0x20000758      0x100 obj\release\src\usb_src\usb.o
                0x20000758                usbd_control_buffer
 COMMON         0x20000858        0x4 c:/program files (x86)/embitz/0.40/share/em_armgcc/bin/../lib/gcc/arm-none-eabi/4.8.4/../../../../arm-none-eabi/lib/armv7-m\libg_n.a(lib_a-reent.o)
                0x20000858                errno
                0x2000085c                . = ALIGN (0x4)
                0x2000085c                _ebss = .

/DISCARD/
 *(.eh_frame)
                0x2000085c                . = ALIGN (0x4)
                0x2000085c                end = .
                0x20005000                PROVIDE (_stack, (ORIGIN (ram) + 0x5000))
LOAD obj\release\libopencm3\lib\cm3\assert.o
LOAD obj\release\libopencm3\lib\cm3\dwt.o
LOAD obj\release\libopencm3\lib\cm3\nvic.o
LOAD obj\release\libopencm3\lib\cm3\scb.o
LOAD obj\release\libopencm3\lib\cm3\sync.o
LOAD obj\release\libopencm3\lib\cm3\systick.o
LOAD obj\release\libopencm3\lib\cm3\vector.o
LOAD obj\release\libopencm3\lib\dispatch\vector_chipset.o
LOAD obj\release\libopencm3\lib\dispatch\vector_nvic.o
LOAD obj\release\libopencm3\lib\stm32\can.o
LOAD obj\release\libopencm3\lib\stm32\common\adc_common_v1.o
LOAD obj\release\libopencm3\lib\stm32\common\crc_common_all.o
LOAD obj\release\libopencm3\lib\stm32\common\dac_common_all.o
LOAD obj\release\libopencm3\lib\stm32\common\dma_common_l1f013.o
LOAD obj\release\libopencm3\lib\stm32\common\exti_common_all.o
LOAD obj\release\libopencm3\lib\stm32\common\flash_common_f01.o
LOAD obj\release\libopencm3\lib\stm32\common\gpio_common_all.o
LOAD obj\release\libopencm3\lib\stm32\common\i2c_common_all.o
LOAD obj\release\libopencm3\lib\stm32\common\iwdg_common_all.o
LOAD obj\release\libopencm3\lib\stm32\common\pwr_common_all.o
LOAD obj\release\libopencm3\lib\stm32\common\rcc_common_all.o
LOAD obj\release\libopencm3\lib\stm32\common\spi_common_all.o
LOAD obj\release\libopencm3\lib\stm32\common\spi_common_l1f124.o
LOAD obj\release\libopencm3\lib\stm32\common\st_usbfs_core.o
LOAD obj\release\libopencm3\lib\stm32\common\timer_common_all.o
LOAD obj\release\libopencm3\lib\stm32\common\usart_common_all.o
LOAD obj\release\libopencm3\lib\stm32\common\usart_common_f124.o
LOAD obj\release\libopencm3\lib\stm32\desig.o
LOAD obj\release\libopencm3\lib\stm32\f1\adc.o
LOAD obj\release\libopencm3\lib\stm32\f1\crc.o
LOAD obj\release\libopencm3\lib\stm32\f1\dac.o
LOAD obj\release\libopencm3\lib\stm32\f1\dma.o
LOAD obj\release\libopencm3\lib\stm32\f1\ethernet.o
LOAD obj\release\libopencm3\lib\stm32\f1\flash.o
LOAD obj\release\libopencm3\lib\stm32\f1\gpio.o
LOAD obj\release\libopencm3\lib\stm32\f1\i2c.o
LOAD obj\release\libopencm3\lib\stm32\f1\iwdg.o
LOAD obj\release\libopencm3\lib\stm32\f1\pwr.o
LOAD obj\release\libopencm3\lib\stm32\f1\rcc.o
LOAD obj\release\libopencm3\lib\stm32\f1\rtc.o
LOAD obj\release\libopencm3\lib\stm32\f1\spi.o
LOAD obj\release\libopencm3\lib\stm32\f1\timer.o
LOAD obj\release\libopencm3\lib\stm32\f1\usart.o
LOAD obj\release\libopencm3\lib\stm32\f1\vector_nvic.o
LOAD obj\release\libopencm3\lib\stm32\st_usbfs_v1.o
LOAD obj\release\libopencm3\lib\usb\usb.o
LOAD obj\release\libopencm3\lib\usb\usb_control.o
LOAD obj\release\libopencm3\lib\usb\usb_msc.o
LOAD obj\release\libopencm3\lib\usb\usb_standard.o
LOAD obj\release\src\measure_touch_hid_usb_2016_11_29_9h00.o
LOAD obj\release\src\usb_src\clock.o
LOAD obj\release\src\usb_src\debug.o
LOAD obj\release\src\usb_src\elog.o
LOAD obj\release\src\usb_src\extrakey.o
LOAD obj\release\src\usb_src\keyboard.o
LOAD obj\release\src\usb_src\keymap.o
LOAD obj\release\src\usb_src\mouse.o
LOAD obj\release\src\usb_src\ring.o
LOAD obj\release\src\usb_src\serial.o
LOAD obj\release\src\usb_src\usb.o
LOAD c:/program files (x86)/embitz/0.40/share/em_armgcc/bin/../lib/gcc/arm-none-eabi/4.8.4/../../../../arm-none-eabi/lib/armv7-m\libm.a
START GROUP
LOAD c:/program files (x86)/embitz/0.40/share/em_armgcc/bin/../lib/gcc/arm-none-eabi/4.8.4/armv7-m\libgcc.a
LOAD c:/program files (x86)/embitz/0.40/share/em_armgcc/bin/../lib/gcc/arm-none-eabi/4.8.4/../../../../arm-none-eabi/lib/armv7-m\libg_n.a
LOAD c:/program files (x86)/embitz/0.40/share/em_armgcc/bin/../lib/gcc/arm-none-eabi/4.8.4/../../../../arm-none-eabi/lib/armv7-m\libc_n.a
END GROUP
START GROUP
LOAD c:/program files (x86)/embitz/0.40/share/em_armgcc/bin/../lib/gcc/arm-none-eabi/4.8.4/armv7-m\libgcc.a
LOAD c:/program files (x86)/embitz/0.40/share/em_armgcc/bin/../lib/gcc/arm-none-eabi/4.8.4/../../../../arm-none-eabi/lib/armv7-m\libc_n.a
LOAD c:/program files (x86)/embitz/0.40/share/em_armgcc/bin/../lib/gcc/arm-none-eabi/4.8.4/../../../../arm-none-eabi/lib/armv7-m\libnosys_s.a
END GROUP
OUTPUT(bin\Release\Measure_touch_LOCM3.elf elf32-littlearm)

.debug_info     0x00000000    0x11b8f
 .debug_info    0x00000000       0xea obj\release\libopencm3\lib\cm3\assert.o
 .debug_info    0x000000ea       0xb3 obj\release\libopencm3\lib\cm3\dwt.o
 .debug_info    0x0000019d      0x210 obj\release\libopencm3\lib\cm3\nvic.o
 .debug_info    0x000003ad       0xd3 obj\release\libopencm3\lib\cm3\scb.o
 .debug_info    0x00000480      0x24c obj\release\libopencm3\lib\cm3\systick.o
 .debug_info    0x000006cc      0x2a0 obj\release\libopencm3\lib\cm3\vector.o
 .debug_info    0x0000096c      0x7b0 obj\release\libopencm3\lib\stm32\common\adc_common_v1.o
 .debug_info    0x0000111c      0x67d obj\release\libopencm3\lib\stm32\common\dma_common_l1f013.o
 .debug_info    0x00001799      0x2db obj\release\libopencm3\lib\stm32\common\flash_common_f01.o
 .debug_info    0x00001a74      0x228 obj\release\libopencm3\lib\stm32\common\gpio_common_all.o
 .debug_info    0x00001c9c      0x536 obj\release\libopencm3\lib\stm32\common\rcc_common_all.o
 .debug_info    0x000021d2      0xef3 obj\release\libopencm3\lib\stm32\common\st_usbfs_core.o
 .debug_info    0x000030c5     0x121a obj\release\libopencm3\lib\stm32\common\timer_common_all.o
 .debug_info    0x000042df      0x4cb obj\release\libopencm3\lib\stm32\common\usart_common_all.o
 .debug_info    0x000047aa      0x1b5 obj\release\libopencm3\lib\stm32\common\usart_common_f124.o
 .debug_info    0x0000495f      0x32e obj\release\libopencm3\lib\stm32\f1\adc.o
 .debug_info    0x00004c8d      0x2cf obj\release\libopencm3\lib\stm32\f1\flash.o
 .debug_info    0x00004f5c      0x1d9 obj\release\libopencm3\lib\stm32\f1\gpio.o
 .debug_info    0x00005135     0x13df obj\release\libopencm3\lib\stm32\f1\rcc.o
 .debug_info    0x00006514      0xc12 obj\release\libopencm3\lib\stm32\st_usbfs_v1.o
 .debug_info    0x00007126      0xe05 obj\release\libopencm3\lib\usb\usb.o
 .debug_info    0x00007f2b     0x101d obj\release\libopencm3\lib\usb\usb_control.o
 .debug_info    0x00008f48     0x15c0 obj\release\libopencm3\lib\usb\usb_standard.o
 .debug_info    0x0000a508     0x36f6 obj\release\src\measure_touch_hid_usb_2016_11_29_9h00.o
 .debug_info    0x0000dbfe      0x1ad obj\release\src\usb_src\clock.o
 .debug_info    0x0000ddab       0xc7 obj\release\src\usb_src\elog.o
 .debug_info    0x0000de72      0x417 obj\release\src\usb_src\extrakey.o
 .debug_info    0x0000e289      0xc17 obj\release\src\usb_src\keyboard.o
 .debug_info    0x0000eea0      0x359 obj\release\src\usb_src\mouse.o
 .debug_info    0x0000f1f9      0x393 obj\release\src\usb_src\ring.o
 .debug_info    0x0000f58c      0x2fe obj\release\src\usb_src\serial.o
 .debug_info    0x0000f88a     0x2305 obj\release\src\usb_src\usb.o

.debug_abbrev   0x00000000     0x3279
 .debug_abbrev  0x00000000       0x86 obj\release\libopencm3\lib\cm3\assert.o
 .debug_abbrev  0x00000086       0x51 obj\release\libopencm3\lib\cm3\dwt.o
 .debug_abbrev  0x000000d7       0xa3 obj\release\libopencm3\lib\cm3\nvic.o
 .debug_abbrev  0x0000017a       0x76 obj\release\libopencm3\lib\cm3\scb.o
 .debug_abbrev  0x000001f0      0x11e obj\release\libopencm3\lib\cm3\systick.o
 .debug_abbrev  0x0000030e      0x128 obj\release\libopencm3\lib\cm3\vector.o
 .debug_abbrev  0x00000436      0x146 obj\release\libopencm3\lib\stm32\common\adc_common_v1.o
 .debug_abbrev  0x0000057c      0x117 obj\release\libopencm3\lib\stm32\common\dma_common_l1f013.o
 .debug_abbrev  0x00000693      0x146 obj\release\libopencm3\lib\stm32\common\flash_common_f01.o
 .debug_abbrev  0x000007d9      0x10b obj\release\libopencm3\lib\stm32\common\gpio_common_all.o
 .debug_abbrev  0x000008e4       0xbe obj\release\libopencm3\lib\stm32\common\rcc_common_all.o
 .debug_abbrev  0x000009a2      0x22f obj\release\libopencm3\lib\stm32\common\st_usbfs_core.o
 .debug_abbrev  0x00000bd1      0x175 obj\release\libopencm3\lib\stm32\common\timer_common_all.o
 .debug_abbrev  0x00000d46      0x128 obj\release\libopencm3\lib\stm32\common\usart_common_all.o
 .debug_abbrev  0x00000e6e       0xb4 obj\release\libopencm3\lib\stm32\common\usart_common_f124.o
 .debug_abbrev  0x00000f22       0xec obj\release\libopencm3\lib\stm32\f1\adc.o
 .debug_abbrev  0x0000100e      0x118 obj\release\libopencm3\lib\stm32\f1\flash.o
 .debug_abbrev  0x00001126       0xb4 obj\release\libopencm3\lib\stm32\f1\gpio.o
 .debug_abbrev  0x000011da      0x26c obj\release\libopencm3\lib\stm32\f1\rcc.o
 .debug_abbrev  0x00001446      0x1a8 obj\release\libopencm3\lib\stm32\st_usbfs_v1.o
 .debug_abbrev  0x000015ee      0x23f obj\release\libopencm3\lib\usb\usb.o
 .debug_abbrev  0x0000182d      0x37a obj\release\libopencm3\lib\usb\usb_control.o
 .debug_abbrev  0x00001ba7      0x445 obj\release\libopencm3\lib\usb\usb_standard.o
 .debug_abbrev  0x00001fec      0x558 obj\release\src\measure_touch_hid_usb_2016_11_29_9h00.o
 .debug_abbrev  0x00002544      0x132 obj\release\src\usb_src\clock.o
 .debug_abbrev  0x00002676       0x6e obj\release\src\usb_src\elog.o
 .debug_abbrev  0x000026e4      0x19a obj\release\src\usb_src\extrakey.o
 .debug_abbrev  0x0000287e      0x214 obj\release\src\usb_src\keyboard.o
 .debug_abbrev  0x00002a92      0x149 obj\release\src\usb_src\mouse.o
 .debug_abbrev  0x00002bdb      0x178 obj\release\src\usb_src\ring.o
 .debug_abbrev  0x00002d53      0x189 obj\release\src\usb_src\serial.o
 .debug_abbrev  0x00002edc      0x39d obj\release\src\usb_src\usb.o

.debug_loc      0x00000000     0x6133
 .debug_loc     0x00000000       0x84 obj\release\libopencm3\lib\cm3\assert.o
 .debug_loc     0x00000084      0x142 obj\release\libopencm3\lib\cm3\nvic.o
 .debug_loc     0x000001c6       0x21 obj\release\libopencm3\lib\cm3\scb.o
 .debug_loc     0x000001e7      0x110 obj\release\libopencm3\lib\cm3\systick.o
 .debug_loc     0x000002f7       0xc5 obj\release\libopencm3\lib\cm3\vector.o
 .debug_loc     0x000003bc      0x3f1 obj\release\libopencm3\lib\stm32\common\adc_common_v1.o
 .debug_loc     0x000007ad      0x711 obj\release\libopencm3\lib\stm32\common\dma_common_l1f013.o
 .debug_loc     0x00000ebe       0xd3 obj\release\libopencm3\lib\stm32\common\flash_common_f01.o
 .debug_loc     0x00000f91       0x76 obj\release\libopencm3\lib\stm32\common\gpio_common_all.o
 .debug_loc     0x00001007      0x14a obj\release\libopencm3\lib\stm32\common\rcc_common_all.o
 .debug_loc     0x00001151      0x7e6 obj\release\libopencm3\lib\stm32\common\st_usbfs_core.o
 .debug_loc     0x00001937      0x572 obj\release\libopencm3\lib\stm32\common\timer_common_all.o
 .debug_loc     0x00001ea9      0x1ca obj\release\libopencm3\lib\stm32\common\usart_common_all.o
 .debug_loc     0x00002073       0xcf obj\release\libopencm3\lib\stm32\common\usart_common_f124.o
 .debug_loc     0x00002142      0x186 obj\release\libopencm3\lib\stm32\f1\adc.o
 .debug_loc     0x000022c8       0x80 obj\release\libopencm3\lib\stm32\f1\flash.o
 .debug_loc     0x00002348      0x1eb obj\release\libopencm3\lib\stm32\f1\gpio.o
 .debug_loc     0x00002533      0x330 obj\release\libopencm3\lib\stm32\f1\rcc.o
 .debug_loc     0x00002863      0x1b1 obj\release\libopencm3\lib\stm32\st_usbfs_v1.o
 .debug_loc     0x00002a14      0x49d obj\release\libopencm3\lib\usb\usb.o
 .debug_loc     0x00002eb1      0x5f5 obj\release\libopencm3\lib\usb\usb_control.o
 .debug_loc     0x000034a6     0x1565 obj\release\libopencm3\lib\usb\usb_standard.o
 .debug_loc     0x00004a0b      0x7cf obj\release\src\measure_touch_hid_usb_2016_11_29_9h00.o
 .debug_loc     0x000051da       0x42 obj\release\src\usb_src\clock.o
 .debug_loc     0x0000521c       0xcc obj\release\src\usb_src\extrakey.o
 .debug_loc     0x000052e8      0x244 obj\release\src\usb_src\keyboard.o
 .debug_loc     0x0000552c       0x84 obj\release\src\usb_src\mouse.o
 .debug_loc     0x000055b0      0x465 obj\release\src\usb_src\ring.o
 .debug_loc     0x00005a15       0xb1 obj\release\src\usb_src\serial.o
 .debug_loc     0x00005ac6      0x66d obj\release\src\usb_src\usb.o

.debug_aranges  0x00000000      0x408
 .debug_aranges
                0x00000000       0x20 obj\release\libopencm3\lib\cm3\assert.o
 .debug_aranges
                0x00000020       0x20 obj\release\libopencm3\lib\cm3\dwt.o
 .debug_aranges
                0x00000040       0x20 obj\release\libopencm3\lib\cm3\nvic.o
 .debug_aranges
                0x00000060       0x20 obj\release\libopencm3\lib\cm3\scb.o
 .debug_aranges
                0x00000080       0x20 obj\release\libopencm3\lib\cm3\systick.o
 .debug_aranges
                0x000000a0       0x20 obj\release\libopencm3\lib\cm3\vector.o
 .debug_aranges
                0x000000c0       0x20 obj\release\libopencm3\lib\stm32\common\adc_common_v1.o
 .debug_aranges
                0x000000e0       0x20 obj\release\libopencm3\lib\stm32\common\dma_common_l1f013.o
 .debug_aranges
                0x00000100       0x20 obj\release\libopencm3\lib\stm32\common\flash_common_f01.o
 .debug_aranges
                0x00000120       0x20 obj\release\libopencm3\lib\stm32\common\gpio_common_all.o
 .debug_aranges
                0x00000140       0x20 obj\release\libopencm3\lib\stm32\common\rcc_common_all.o
 .debug_aranges
                0x00000160       0x20 obj\release\libopencm3\lib\stm32\common\st_usbfs_core.o
 .debug_aranges
                0x00000180       0x20 obj\release\libopencm3\lib\stm32\common\timer_common_all.o
 .debug_aranges
                0x000001a0       0x20 obj\release\libopencm3\lib\stm32\common\usart_common_all.o
 .debug_aranges
                0x000001c0       0x20 obj\release\libopencm3\lib\stm32\common\usart_common_f124.o
 .debug_aranges
                0x000001e0       0x20 obj\release\libopencm3\lib\stm32\f1\adc.o
 .debug_aranges
                0x00000200       0x20 obj\release\libopencm3\lib\stm32\f1\flash.o
 .debug_aranges
                0x00000220       0x20 obj\release\libopencm3\lib\stm32\f1\gpio.o
 .debug_aranges
                0x00000240       0x20 obj\release\libopencm3\lib\stm32\f1\rcc.o
 .debug_aranges
                0x00000260       0x20 obj\release\libopencm3\lib\stm32\st_usbfs_v1.o
 .debug_aranges
                0x00000280       0x20 obj\release\libopencm3\lib\usb\usb.o
 .debug_aranges
                0x000002a0       0x20 obj\release\libopencm3\lib\usb\usb_control.o
 .debug_aranges
                0x000002c0       0x20 obj\release\libopencm3\lib\usb\usb_standard.o
 .debug_aranges
                0x000002e0       0x28 obj\release\src\measure_touch_hid_usb_2016_11_29_9h00.o
 .debug_aranges
                0x00000308       0x20 obj\release\src\usb_src\clock.o
 .debug_aranges
                0x00000328       0x20 obj\release\src\usb_src\elog.o
 .debug_aranges
                0x00000348       0x20 obj\release\src\usb_src\extrakey.o
 .debug_aranges
                0x00000368       0x20 obj\release\src\usb_src\keyboard.o
 .debug_aranges
                0x00000388       0x20 obj\release\src\usb_src\mouse.o
 .debug_aranges
                0x000003a8       0x20 obj\release\src\usb_src\ring.o
 .debug_aranges
                0x000003c8       0x20 obj\release\src\usb_src\serial.o
 .debug_aranges
                0x000003e8       0x20 obj\release\src\usb_src\usb.o

.debug_line     0x00000000     0x4504
 .debug_line    0x00000000       0x50 obj\release\libopencm3\lib\cm3\assert.o
 .debug_line    0x00000050      0x115 obj\release\libopencm3\lib\cm3\dwt.o
 .debug_line    0x00000165      0x12a obj\release\libopencm3\lib\cm3\nvic.o
 .debug_line    0x0000028f      0x107 obj\release\libopencm3\lib\cm3\scb.o
 .debug_line    0x00000396      0x15f obj\release\libopencm3\lib\cm3\systick.o
 .debug_line    0x000004f5      0x1a9 obj\release\libopencm3\lib\cm3\vector.o
 .debug_line    0x0000069e      0x259 obj\release\libopencm3\lib\stm32\common\adc_common_v1.o
 .debug_line    0x000008f7      0x18f obj\release\libopencm3\lib\stm32\common\dma_common_l1f013.o
 .debug_line    0x00000a86      0x1d0 obj\release\libopencm3\lib\stm32\common\flash_common_f01.o
 .debug_line    0x00000c56      0x13b obj\release\libopencm3\lib\stm32\common\gpio_common_all.o
 .debug_line    0x00000d91      0x16c obj\release\libopencm3\lib\stm32\common\rcc_common_all.o
 .debug_line    0x00000efd      0x329 obj\release\libopencm3\lib\stm32\common\st_usbfs_core.o
 .debug_line    0x00001226      0x559 obj\release\libopencm3\lib\stm32\common\timer_common_all.o
 .debug_line    0x0000177f      0x1f8 obj\release\libopencm3\lib\stm32\common\usart_common_all.o
 .debug_line    0x00001977      0x14a obj\release\libopencm3\lib\stm32\common\usart_common_f124.o
 .debug_line    0x00001ac1      0x18f obj\release\libopencm3\lib\stm32\f1\adc.o
 .debug_line    0x00001c50      0x1f2 obj\release\libopencm3\lib\stm32\f1\flash.o
 .debug_line    0x00001e42      0x170 obj\release\libopencm3\lib\stm32\f1\gpio.o
 .debug_line    0x00001fb2      0x622 obj\release\libopencm3\lib\stm32\f1\rcc.o
 .debug_line    0x000025d4      0x25c obj\release\libopencm3\lib\stm32\st_usbfs_v1.o
 .debug_line    0x00002830      0x19f obj\release\libopencm3\lib\usb\usb.o
 .debug_line    0x000029cf      0x258 obj\release\libopencm3\lib\usb\usb_control.o
 .debug_line    0x00002c27      0x3df obj\release\libopencm3\lib\usb\usb_standard.o
 .debug_line    0x00003006      0x816 obj\release\src\measure_touch_hid_usb_2016_11_29_9h00.o
 .debug_line    0x0000381c      0x16d obj\release\src\usb_src\clock.o
 .debug_line    0x00003989       0xfc obj\release\src\usb_src\elog.o
 .debug_line    0x00003a85      0x163 obj\release\src\usb_src\extrakey.o
 .debug_line    0x00003be8      0x204 obj\release\src\usb_src\keyboard.o
 .debug_line    0x00003dec      0x142 obj\release\src\usb_src\mouse.o
 .debug_line    0x00003f2e      0x19c obj\release\src\usb_src\ring.o
 .debug_line    0x000040ca      0x14b obj\release\src\usb_src\serial.o
 .debug_line    0x00004215      0x2ef obj\release\src\usb_src\usb.o

.debug_str      0x00000000     0x6431
 .debug_str     0x00000000      0x190 obj\release\libopencm3\lib\cm3\assert.o
                                0x1d8 (size before relaxing)
 .debug_str     0x00000190       0x5a obj\release\libopencm3\lib\cm3\dwt.o
                                0x1d3 (size before relaxing)
 .debug_str     0x000001ea       0xf2 obj\release\libopencm3\lib\cm3\nvic.o
                                0x290 (size before relaxing)
 .debug_str     0x000002dc       0x65 obj\release\libopencm3\lib\cm3\scb.o
                                0x1ee (size before relaxing)
 .debug_str     0x00000341      0x126 obj\release\libopencm3\lib\cm3\systick.o
                                0x2d4 (size before relaxing)
 .debug_str     0x00000467      0x1ae obj\release\libopencm3\lib\cm3\vector.o
                                0x34c (size before relaxing)
 .debug_str     0x00000615      0x4da obj\release\libopencm3\lib\stm32\common\adc_common_v1.o
                                0x6a3 (size before relaxing)
 .debug_str     0x00000aef      0x314 obj\release\libopencm3\lib\stm32\common\dma_common_l1f013.o
                                0x4f9 (size before relaxing)
 .debug_str     0x00000e03      0x198 obj\release\libopencm3\lib\stm32\common\flash_common_f01.o
                                0x33d (size before relaxing)
 .debug_str     0x00000f9b       0x9b obj\release\libopencm3\lib\stm32\common\gpio_common_all.o
                                0x243 (size before relaxing)
 .debug_str     0x00001036      0x532 obj\release\libopencm3\lib\stm32\common\rcc_common_all.o
                                0x6ce (size before relaxing)
 .debug_str     0x00001568      0x750 obj\release\libopencm3\lib\stm32\common\st_usbfs_core.o
                                0xa09 (size before relaxing)
 .debug_str     0x00001cb8      0xae1 obj\release\libopencm3\lib\stm32\common\timer_common_all.o
                                0xec1 (size before relaxing)
 .debug_str     0x00002799      0x258 obj\release\libopencm3\lib\stm32\common\usart_common_all.o
                                0x41b (size before relaxing)
 .debug_str     0x000029f1       0x63 obj\release\libopencm3\lib\stm32\common\usart_common_f124.o